Archive member included to satisfy reference by file (symbol)

/usr/lib/gcc/arm-none-eabi/8.3.0/../../../../arm-none-eabi/lib/thumb/v7e-m+fp/hard/libc_nano.a(lib_a-atexit.o)
                              /usr/lib/gcc/arm-none-eabi/8.3.0/../../../../arm-none-eabi/lib/thumb/v7e-m+fp/hard/crt0.o (atexit)
/usr/lib/gcc/arm-none-eabi/8.3.0/../../../../arm-none-eabi/lib/thumb/v7e-m+fp/hard/libc_nano.a(lib_a-exit.o)
                              /usr/lib/gcc/arm-none-eabi/8.3.0/../../../../arm-none-eabi/lib/thumb/v7e-m+fp/hard/crt0.o (exit)
/usr/lib/gcc/arm-none-eabi/8.3.0/../../../../arm-none-eabi/lib/thumb/v7e-m+fp/hard/libc_nano.a(lib_a-fini.o)
                              /usr/lib/gcc/arm-none-eabi/8.3.0/../../../../arm-none-eabi/lib/thumb/v7e-m+fp/hard/crt0.o (__libc_fini_array)
/usr/lib/gcc/arm-none-eabi/8.3.0/../../../../arm-none-eabi/lib/thumb/v7e-m+fp/hard/libc_nano.a(lib_a-impure.o)
                              /usr/lib/gcc/arm-none-eabi/8.3.0/../../../../arm-none-eabi/lib/thumb/v7e-m+fp/hard/libc_nano.a(lib_a-exit.o) (_global_impure_ptr)
/usr/lib/gcc/arm-none-eabi/8.3.0/../../../../arm-none-eabi/lib/thumb/v7e-m+fp/hard/libc_nano.a(lib_a-init.o)
                              /usr/lib/gcc/arm-none-eabi/8.3.0/../../../../arm-none-eabi/lib/thumb/v7e-m+fp/hard/crt0.o (__libc_init_array)
/usr/lib/gcc/arm-none-eabi/8.3.0/../../../../arm-none-eabi/lib/thumb/v7e-m+fp/hard/libc_nano.a(lib_a-memset.o)
                              /usr/lib/gcc/arm-none-eabi/8.3.0/../../../../arm-none-eabi/lib/thumb/v7e-m+fp/hard/crt0.o (memset)
/usr/lib/gcc/arm-none-eabi/8.3.0/../../../../arm-none-eabi/lib/thumb/v7e-m+fp/hard/libc_nano.a(lib_a-sprintf.o)
                              build/main.o (sprintf)
/usr/lib/gcc/arm-none-eabi/8.3.0/../../../../arm-none-eabi/lib/thumb/v7e-m+fp/hard/libc_nano.a(lib_a-strlen.o)
                              build/main.o (strlen)
/usr/lib/gcc/arm-none-eabi/8.3.0/../../../../arm-none-eabi/lib/thumb/v7e-m+fp/hard/libc_nano.a(lib_a-__atexit.o)
                              /usr/lib/gcc/arm-none-eabi/8.3.0/../../../../arm-none-eabi/lib/thumb/v7e-m+fp/hard/libc_nano.a(lib_a-atexit.o) (__register_exitproc)
/usr/lib/gcc/arm-none-eabi/8.3.0/../../../../arm-none-eabi/lib/thumb/v7e-m+fp/hard/libc_nano.a(lib_a-__call_atexit.o)
                              /usr/lib/gcc/arm-none-eabi/8.3.0/../../../../arm-none-eabi/lib/thumb/v7e-m+fp/hard/libc_nano.a(lib_a-__atexit.o) (__call_exitprocs)
/usr/lib/gcc/arm-none-eabi/8.3.0/../../../../arm-none-eabi/lib/thumb/v7e-m+fp/hard/libc_nano.a(lib_a-nano-svfprintf.o)
                              /usr/lib/gcc/arm-none-eabi/8.3.0/../../../../arm-none-eabi/lib/thumb/v7e-m+fp/hard/libc_nano.a(lib_a-sprintf.o) (_svfprintf_r)
/usr/lib/gcc/arm-none-eabi/8.3.0/../../../../arm-none-eabi/lib/thumb/v7e-m+fp/hard/libc_nano.a(lib_a-nano-vfprintf_i.o)
                              /usr/lib/gcc/arm-none-eabi/8.3.0/../../../../arm-none-eabi/lib/thumb/v7e-m+fp/hard/libc_nano.a(lib_a-nano-svfprintf.o) (_printf_i)
/usr/lib/gcc/arm-none-eabi/8.3.0/../../../../arm-none-eabi/lib/thumb/v7e-m+fp/hard/libc_nano.a(lib_a-memchr.o)
                              /usr/lib/gcc/arm-none-eabi/8.3.0/../../../../arm-none-eabi/lib/thumb/v7e-m+fp/hard/libc_nano.a(lib_a-nano-svfprintf.o) (memchr)
/usr/lib/gcc/arm-none-eabi/8.3.0/../../../../arm-none-eabi/lib/thumb/v7e-m+fp/hard/libc_nano.a(lib_a-memcpy-stub.o)
                              /usr/lib/gcc/arm-none-eabi/8.3.0/../../../../arm-none-eabi/lib/thumb/v7e-m+fp/hard/libc_nano.a(lib_a-nano-svfprintf.o) (memcpy)
/usr/lib/gcc/arm-none-eabi/8.3.0/../../../../arm-none-eabi/lib/thumb/v7e-m+fp/hard/libc_nano.a(lib_a-memmove.o)
                              /usr/lib/gcc/arm-none-eabi/8.3.0/../../../../arm-none-eabi/lib/thumb/v7e-m+fp/hard/libc_nano.a(lib_a-nano-svfprintf.o) (memmove)
/usr/lib/gcc/arm-none-eabi/8.3.0/../../../../arm-none-eabi/lib/thumb/v7e-m+fp/hard/libc_nano.a(lib_a-nano-freer.o)
                              /usr/lib/gcc/arm-none-eabi/8.3.0/../../../../arm-none-eabi/lib/thumb/v7e-m+fp/hard/libc_nano.a(lib_a-nano-svfprintf.o) (_free_r)
/usr/lib/gcc/arm-none-eabi/8.3.0/../../../../arm-none-eabi/lib/thumb/v7e-m+fp/hard/libc_nano.a(lib_a-nano-mallocr.o)
                              /usr/lib/gcc/arm-none-eabi/8.3.0/../../../../arm-none-eabi/lib/thumb/v7e-m+fp/hard/libc_nano.a(lib_a-nano-svfprintf.o) (_malloc_r)
/usr/lib/gcc/arm-none-eabi/8.3.0/../../../../arm-none-eabi/lib/thumb/v7e-m+fp/hard/libc_nano.a(lib_a-nano-reallocr.o)
                              /usr/lib/gcc/arm-none-eabi/8.3.0/../../../../arm-none-eabi/lib/thumb/v7e-m+fp/hard/libc_nano.a(lib_a-nano-svfprintf.o) (_realloc_r)
/usr/lib/gcc/arm-none-eabi/8.3.0/../../../../arm-none-eabi/lib/thumb/v7e-m+fp/hard/libc_nano.a(lib_a-sbrkr.o)
                              /usr/lib/gcc/arm-none-eabi/8.3.0/../../../../arm-none-eabi/lib/thumb/v7e-m+fp/hard/libc_nano.a(lib_a-nano-mallocr.o) (_sbrk_r)
[...]
Memory Configuration

Name             Origin             Length             Attributes
RAM              0x0000000020000000 0x0000000000018000 xrw
RAM2             0x0000000010000000 0x0000000000008000 xrw
FLASH            0x0000000008000000 0x0000000000100000 xr
*default*        0x0000000000000000 0xffffffffffffffff

Linker script and memory map

LOAD /usr/lib/gcc/arm-none-eabi/8.3.0/thumb/v7e-m+fp/hard/crti.o
LOAD /usr/lib/gcc/arm-none-eabi/8.3.0/thumb/v7e-m+fp/hard/crtbegin.o
LOAD /usr/lib/gcc/arm-none-eabi/8.3.0/../../../../arm-none-eabi/lib/thumb/v7e-m+fp/hard/crt0.o
LOAD build/main.o
LOAD build/gpio.o
LOAD build/dma.o
LOAD build/i2c.o
LOAD build/usart.o
LOAD build/stm32l4xx_it.o
LOAD build/stm32l4xx_hal_msp.o
LOAD build/stm32l4xx_hal_i2c.o
LOAD build/stm32l4xx_hal_i2c_ex.o
LOAD build/stm32l4xx_hal_tim.o
LOAD build/stm32l4xx_hal_tim_ex.o
LOAD build/stm32l4xx_hal_uart.o
LOAD build/stm32l4xx_hal_uart_ex.o
LOAD build/stm32l4xx_hal.o
LOAD build/stm32l4xx_hal_rcc.o
LOAD build/stm32l4xx_hal_rcc_ex.o
LOAD build/stm32l4xx_hal_flash.o
LOAD build/stm32l4xx_hal_flash_ex.o
LOAD build/stm32l4xx_hal_flash_ramfunc.o
LOAD build/stm32l4xx_hal_gpio.o
LOAD build/stm32l4xx_hal_dma.o
LOAD build/stm32l4xx_hal_dma_ex.o
LOAD build/stm32l4xx_hal_pwr.o
LOAD build/stm32l4xx_hal_pwr_ex.o
LOAD build/stm32l4xx_hal_cortex.o
LOAD build/stm32l4xx_hal_exti.o
LOAD build/system_stm32l4xx.o
LOAD build/startup_stm32l476xx.o
LOAD /usr/lib/gcc/arm-none-eabi/8.3.0/../../../../arm-none-eabi/lib/thumb/v7e-m+fp/hard/libc_nano.a
LOAD /usr/lib/gcc/arm-none-eabi/8.3.0/../../../../arm-none-eabi/lib/thumb/v7e-m+fp/hard/libm.a
LOAD /usr/lib/gcc/arm-none-eabi/8.3.0/../../../../arm-none-eabi/lib/thumb/v7e-m+fp/hard/libnosys.a
START GROUP
LOAD /usr/lib/gcc/arm-none-eabi/8.3.0/thumb/v7e-m+fp/hard/libgcc.a
LOAD /usr/lib/gcc/arm-none-eabi/8.3.0/../../../../arm-none-eabi/lib/thumb/v7e-m+fp/hard/libc_nano.a
END GROUP
START GROUP
LOAD /usr/lib/gcc/arm-none-eabi/8.3.0/thumb/v7e-m+fp/hard/libgcc.a
LOAD /usr/lib/gcc/arm-none-eabi/8.3.0/../../../../arm-none-eabi/lib/thumb/v7e-m+fp/hard/libc_nano.a
END GROUP
LOAD /usr/lib/gcc/arm-none-eabi/8.3.0/thumb/v7e-m+fp/hard/crtend.o
LOAD /usr/lib/gcc/arm-none-eabi/8.3.0/thumb/v7e-m+fp/hard/crtn.o
                0x0000000020018000                _estack = 0x20018000
                0x0000000000000200                _Min_Heap_Size = 0x200
                0x0000000000000400                _Min_Stack_Size = 0x400

.isr_vector     0x0000000008000000      0x188
                0x0000000008000000                . = ALIGN (0x8)
 *(.isr_vector)
 .isr_vector    0x0000000008000000      0x188 build/startup_stm32l476xx.o
                0x0000000008000000                g_pfnVectors
                0x0000000008000188                . = ALIGN (0x8)

.text           0x0000000008000190     0x3e30
                0x0000000008000190                . = ALIGN (0x8)
 *(.text)
 .text          0x0000000008000190       0x10 /usr/lib/gcc/arm-none-eabi/8.3.0/../../../../arm-none-eabi/lib/thumb/v7e-m+fp/hard/libc_nano.a(lib_a-strlen.o)
                0x0000000008000190                strlen
 .text          0x00000000080001a0       0xa0 /usr/lib/gcc/arm-none-eabi/8.3.0/../../../../arm-none-eabi/lib/thumb/v7e-m+fp/hard/libc_nano.a(lib_a-memchr.o)
                0x00000000080001a0                memchr
 .text          0x0000000008000240       0x30 /usr/lib/gcc/arm-none-eabi/8.3.0/thumb/v7e-m+fp/hard/libgcc.a(_aeabi_uldivmod.o)
                0x0000000008000240                __aeabi_uldivmod
 .text          0x0000000008000270        0x4 /usr/lib/gcc/arm-none-eabi/8.3.0/thumb/v7e-m+fp/hard/libgcc.a(_dvmd_tls.o)
                0x0000000008000270                __aeabi_ldiv0
                0x0000000008000270                __aeabi_idiv0
 *(.text*)
 .text.__do_global_dtors_aux
                0x0000000008000274       0x24 /usr/lib/gcc/arm-none-eabi/8.3.0/thumb/v7e-m+fp/hard/crtbegin.o
 .text.frame_dummy
                0x0000000008000298       0x1c /usr/lib/gcc/arm-none-eabi/8.3.0/thumb/v7e-m+fp/hard/crtbegin.o
 .text.HAL_I2C_MemRxCpltCallback
                0x00000000080002b4        0xc build/main.o
                0x00000000080002b4                HAL_I2C_MemRxCpltCallback
 .text.SystemClock_Config
                0x00000000080002c0       0x7c build/main.o
                0x00000000080002c0                SystemClock_Config
 .text.main     0x000000000800033c       0xa0 build/main.o
                0x000000000800033c                main
 .text.Error_Handler
                0x00000000080003dc        0x2 build/main.o
                0x00000000080003dc                Error_Handler
 *fill*         0x00000000080003de        0x2 
 .text.MX_GPIO_Init
                0x00000000080003e0       0xa0 build/gpio.o
                0x00000000080003e0                MX_GPIO_Init
 .text.MX_DMA_Init
                0x0000000008000480       0x44 build/dma.o
                0x0000000008000480                MX_DMA_Init
 .text.MX_I2C1_Init
                0x00000000080004c4       0x58 build/i2c.o
                0x00000000080004c4                MX_I2C1_Init
 .text.HAL_I2C_MspInit
                0x000000000800051c       0xec build/i2c.o
                0x000000000800051c                HAL_I2C_MspInit
 .text.MX_USART2_UART_Init
                0x0000000008000608       0x38 build/usart.o
                0x0000000008000608                MX_USART2_UART_Init
 .text.HAL_UART_MspInit
                0x0000000008000640       0x68 build/usart.o
                0x0000000008000640                HAL_UART_MspInit
 .text.NMI_Handler
                0x00000000080006a8        0x2 build/stm32l4xx_it.o
                0x00000000080006a8                NMI_Handler
 .text.HardFault_Handler
                0x00000000080006aa        0x2 build/stm32l4xx_it.o
                0x00000000080006aa                HardFault_Handler
 .text.MemManage_Handler
                0x00000000080006ac        0x2 build/stm32l4xx_it.o
                0x00000000080006ac                MemManage_Handler
 .text.BusFault_Handler
                0x00000000080006ae        0x2 build/stm32l4xx_it.o
                0x00000000080006ae                BusFault_Handler
 .text.UsageFault_Handler
                0x00000000080006b0        0x2 build/stm32l4xx_it.o
                0x00000000080006b0                UsageFault_Handler
 .text.SVC_Handler
                0x00000000080006b2        0x2 build/stm32l4xx_it.o
                0x00000000080006b2                SVC_Handler
 .text.DebugMon_Handler
                0x00000000080006b4        0x2 build/stm32l4xx_it.o
                0x00000000080006b4                DebugMon_Handler
 .text.PendSV_Handler
                0x00000000080006b6        0x2 build/stm32l4xx_it.o
                0x00000000080006b6                PendSV_Handler
 .text.SysTick_Handler
                0x00000000080006b8        0x8 build/stm32l4xx_it.o
                0x00000000080006b8                SysTick_Handler
 .text.DMA1_Channel6_IRQHandler
                0x00000000080006c0       0x10 build/stm32l4xx_it.o
                0x00000000080006c0                DMA1_Channel6_IRQHandler
 .text.DMA1_Channel7_IRQHandler
                0x00000000080006d0       0x10 build/stm32l4xx_it.o
                0x00000000080006d0                DMA1_Channel7_IRQHandler
 .text.I2C1_EV_IRQHandler
                0x00000000080006e0       0x10 build/stm32l4xx_it.o
                0x00000000080006e0                I2C1_EV_IRQHandler
 .text.HAL_MspInit
                0x00000000080006f0       0x30 build/stm32l4xx_hal_msp.o
                0x00000000080006f0                HAL_MspInit
 .text.I2C_Flush_TXDR
                0x0000000008000720       0x22 build/stm32l4xx_hal_i2c.o
 .text.I2C_TransferConfig
                0x0000000008000742       0x36 build/stm32l4xx_hal_i2c.o
 .text.I2C_Enable_IRQ
                0x0000000008000778       0x80 build/stm32l4xx_hal_i2c.o
 .text.I2C_Disable_IRQ
                0x00000000080007f8       0xb8 build/stm32l4xx_hal_i2c.o
 .text.I2C_IsAcknowledgeFailed
                0x00000000080008b0       0x90 build/stm32l4xx_hal_i2c.o
 .text.I2C_WaitOnTXISFlagUntilTimeout
                0x0000000008000940       0x56 build/stm32l4xx_hal_i2c.o
 .text.I2C_WaitOnFlagUntilTimeout
                0x0000000008000996       0x52 build/stm32l4xx_hal_i2c.o
 .text.I2C_RequestMemoryRead
                0x00000000080009e8       0x70 build/stm32l4xx_hal_i2c.o
 .text.HAL_I2C_Init
                0x0000000008000a58       0xbc build/stm32l4xx_hal_i2c.o
                0x0000000008000a58                HAL_I2C_Init
 .text.HAL_I2C_Mem_Read_DMA
                0x0000000008000b14      0x16c build/stm32l4xx_hal_i2c.o
                0x0000000008000b14                HAL_I2C_Mem_Read_DMA
 .text.HAL_I2C_EV_IRQHandler
                0x0000000008000c80       0x10 build/stm32l4xx_hal_i2c.o
                0x0000000008000c80                HAL_I2C_EV_IRQHandler
 .text.HAL_I2C_MasterTxCpltCallback
                0x0000000008000c90        0x2 build/stm32l4xx_hal_i2c.o
                0x0000000008000c90                HAL_I2C_MasterTxCpltCallback
 .text.HAL_I2C_MasterRxCpltCallback
                0x0000000008000c92        0x2 build/stm32l4xx_hal_i2c.o
                0x0000000008000c92                HAL_I2C_MasterRxCpltCallback
 .text.I2C_ITMasterSeqCplt
                0x0000000008000c94       0x54 build/stm32l4xx_hal_i2c.o
 .text.HAL_I2C_SlaveTxCpltCallback
                0x0000000008000ce8        0x2 build/stm32l4xx_hal_i2c.o
                0x0000000008000ce8                HAL_I2C_SlaveTxCpltCallback
 .text.HAL_I2C_SlaveRxCpltCallback
                0x0000000008000cea        0x2 build/stm32l4xx_hal_i2c.o
                0x0000000008000cea                HAL_I2C_SlaveRxCpltCallback
 .text.I2C_ITSlaveSeqCplt
                0x0000000008000cec       0x5c build/stm32l4xx_hal_i2c.o
 .text.HAL_I2C_AddrCallback
                0x0000000008000d48        0x2 build/stm32l4xx_hal_i2c.o
                0x0000000008000d48                HAL_I2C_AddrCallback
 .text.I2C_ITAddrCplt
                0x0000000008000d4a       0x9c build/stm32l4xx_hal_i2c.o
 .text.HAL_I2C_ListenCpltCallback
                0x0000000008000de6        0x2 build/stm32l4xx_hal_i2c.o
                0x0000000008000de6                HAL_I2C_ListenCpltCallback
 .text.I2C_ITListenCplt
                0x0000000008000de8       0x64 build/stm32l4xx_hal_i2c.o
 .text.HAL_I2C_MemTxCpltCallback
                0x0000000008000e4c        0x2 build/stm32l4xx_hal_i2c.o
                0x0000000008000e4c                HAL_I2C_MemTxCpltCallback
 .text.HAL_I2C_ErrorCallback
                0x0000000008000e4e        0x2 build/stm32l4xx_hal_i2c.o
                0x0000000008000e4e                HAL_I2C_ErrorCallback
 .text.HAL_I2C_AbortCpltCallback
                0x0000000008000e50        0x2 build/stm32l4xx_hal_i2c.o
                0x0000000008000e50                HAL_I2C_AbortCpltCallback
 *fill*         0x0000000008000e52        0x2 
 .text.I2C_ITError
                0x0000000008000e54       0xf4 build/stm32l4xx_hal_i2c.o
 .text.I2C_ITSlaveCplt
                0x0000000008000f48      0x120 build/stm32l4xx_hal_i2c.o
 .text.I2C_Slave_ISR_IT
                0x0000000008001068      0x14e build/stm32l4xx_hal_i2c.o
 .text.I2C_ITMasterCplt
                0x00000000080011b6       0xe2 build/stm32l4xx_hal_i2c.o
 .text.I2C_Slave_ISR_DMA
                0x0000000008001298       0xf8 build/stm32l4xx_hal_i2c.o
 .text.I2C_Master_ISR_DMA
                0x0000000008001390      0x140 build/stm32l4xx_hal_i2c.o
 .text.I2C_DMAError
                0x00000000080014d0       0x16 build/stm32l4xx_hal_i2c.o
 .text.I2C_DMAMasterReceiveCplt
                0x00000000080014e6       0x5a build/stm32l4xx_hal_i2c.o
 .text.I2C_DMAAbort
                0x0000000008001540       0x2a build/stm32l4xx_hal_i2c.o
 .text.HAL_I2CEx_ConfigAnalogFilter
                0x000000000800156a       0x62 build/stm32l4xx_hal_i2c_ex.o
                0x000000000800156a                HAL_I2CEx_ConfigAnalogFilter
 .text.HAL_I2CEx_ConfigDigitalFilter
                0x00000000080015cc       0x5e build/stm32l4xx_hal_i2c_ex.o
                0x00000000080015cc                HAL_I2CEx_ConfigDigitalFilter
 *fill*         0x000000000800162a        0x2 
 .text.UART_SetConfig
                0x000000000800162c      0x41c build/stm32l4xx_hal_uart.o
                0x000000000800162c                UART_SetConfig
 .text.UART_AdvFeatureConfig
                0x0000000008001a48       0xca build/stm32l4xx_hal_uart.o
                0x0000000008001a48                UART_AdvFeatureConfig
 .text.UART_WaitOnFlagUntilTimeout
                0x0000000008001b12       0x60 build/stm32l4xx_hal_uart.o
                0x0000000008001b12                UART_WaitOnFlagUntilTimeout
 .text.HAL_UART_Transmit
                0x0000000008001b72       0xd8 build/stm32l4xx_hal_uart.o
                0x0000000008001b72                HAL_UART_Transmit
 .text.UART_CheckIdleState
                0x0000000008001c4a       0x6c build/stm32l4xx_hal_uart.o
                0x0000000008001c4a                UART_CheckIdleState
 .text.HAL_UART_Init
                0x0000000008001cb6       0x62 build/stm32l4xx_hal_uart.o
                0x0000000008001cb6                HAL_UART_Init
 .text.HAL_InitTick
                0x0000000008001d18       0x50 build/stm32l4xx_hal.o
                0x0000000008001d18                HAL_InitTick
 .text.HAL_Init
                0x0000000008001d68       0x2c build/stm32l4xx_hal.o
                0x0000000008001d68                HAL_Init
 .text.HAL_IncTick
                0x0000000008001d94       0x18 build/stm32l4xx_hal.o
                0x0000000008001d94                HAL_IncTick
 .text.HAL_GetTick
                0x0000000008001dac        0xc build/stm32l4xx_hal.o
                0x0000000008001dac                HAL_GetTick
 .text.HAL_Delay
                0x0000000008001db8       0x28 build/stm32l4xx_hal.o
                0x0000000008001db8                HAL_Delay
 .text.RCC_SetFlashLatencyFromMSIRange
                0x0000000008001de0       0x90 build/stm32l4xx_hal_rcc.o
 .text.HAL_RCC_GetSysClockFreq
                0x0000000008001e70       0xb4 build/stm32l4xx_hal_rcc.o
                0x0000000008001e70                HAL_RCC_GetSysClockFreq
 .text.HAL_RCC_OscConfig
                0x0000000008001f24      0x5dc build/stm32l4xx_hal_rcc.o
                0x0000000008001f24                HAL_RCC_OscConfig
 .text.HAL_RCC_ClockConfig
                0x0000000008002500      0x15c build/stm32l4xx_hal_rcc.o
                0x0000000008002500                HAL_RCC_ClockConfig
 .text.HAL_RCC_GetHCLKFreq
                0x000000000800265c        0xc build/stm32l4xx_hal_rcc.o
                0x000000000800265c                HAL_RCC_GetHCLKFreq
 .text.HAL_RCC_GetPCLK1Freq
                0x0000000008002668       0x24 build/stm32l4xx_hal_rcc.o
                0x0000000008002668                HAL_RCC_GetPCLK1Freq
 .text.HAL_RCC_GetPCLK2Freq
                0x000000000800268c       0x24 build/stm32l4xx_hal_rcc.o
                0x000000000800268c                HAL_RCC_GetPCLK2Freq
 .text.RCCEx_PLLSAI1_Config
                0x00000000080026b0      0x170 build/stm32l4xx_hal_rcc_ex.o
 .text.RCCEx_PLLSAI2_Config
                0x0000000008002820      0x14c build/stm32l4xx_hal_rcc_ex.o
 .text.HAL_RCCEx_PeriphCLKConfig
                0x000000000800296c      0x458 build/stm32l4xx_hal_rcc_ex.o
                0x000000000800296c                HAL_RCCEx_PeriphCLKConfig
 .text.HAL_GPIO_Init
                0x0000000008002dc4      0x1d4 build/stm32l4xx_hal_gpio.o
                0x0000000008002dc4                HAL_GPIO_Init
 .text.HAL_GPIO_WritePin
                0x0000000008002f98        0xa build/stm32l4xx_hal_gpio.o
                0x0000000008002f98                HAL_GPIO_WritePin
 .text.DMA_SetConfig
                0x0000000008002fa2       0x30 build/stm32l4xx_hal_dma.o
 *fill*         0x0000000008002fd2        0x2 
 .text.HAL_DMA_Init
                0x0000000008002fd4       0xf8 build/stm32l4xx_hal_dma.o
                0x0000000008002fd4                HAL_DMA_Init
 .text.HAL_DMA_Start_IT
                0x00000000080030cc       0x76 build/stm32l4xx_hal_dma.o
                0x00000000080030cc                HAL_DMA_Start_IT
 .text.HAL_DMA_Abort_IT
                0x0000000008003142       0x50 build/stm32l4xx_hal_dma.o
                0x0000000008003142                HAL_DMA_Abort_IT
 .text.HAL_DMA_IRQHandler
                0x0000000008003192       0xc4 build/stm32l4xx_hal_dma.o
                0x0000000008003192                HAL_DMA_IRQHandler
 *fill*         0x0000000008003256        0x2 
 .text.HAL_PWREx_GetVoltageRange
                0x0000000008003258       0x10 build/stm32l4xx_hal_pwr_ex.o
                0x0000000008003258                HAL_PWREx_GetVoltageRange
 .text.HAL_PWREx_ControlVoltageScaling
                0x0000000008003268       0x8c build/stm32l4xx_hal_pwr_ex.o
                0x0000000008003268                HAL_PWREx_ControlVoltageScaling
 .text.HAL_NVIC_SetPriorityGrouping
                0x00000000080032f4       0x24 build/stm32l4xx_hal_cortex.o
                0x00000000080032f4                HAL_NVIC_SetPriorityGrouping
 .text.HAL_NVIC_SetPriority
                0x0000000008003318       0x68 build/stm32l4xx_hal_cortex.o
                0x0000000008003318                HAL_NVIC_SetPriority
 .text.HAL_NVIC_EnableIRQ
                0x0000000008003380       0x1c build/stm32l4xx_hal_cortex.o
                0x0000000008003380                HAL_NVIC_EnableIRQ
 .text.HAL_SYSTICK_Config
                0x000000000800339c       0x2c build/stm32l4xx_hal_cortex.o
                0x000000000800339c                HAL_SYSTICK_Config
 .text.SystemInit
                0x00000000080033c8       0x48 build/system_stm32l4xx.o
                0x00000000080033c8                SystemInit
 .text.Reset_Handler
                0x0000000008003410       0x50 build/startup_stm32l476xx.o
                0x0000000008003410                Reset_Handler
 .text.Default_Handler
                0x0000000008003460        0x2 build/startup_stm32l476xx.o
                0x0000000008003460                RTC_Alarm_IRQHandler
                0x0000000008003460                EXTI2_IRQHandler
                0x0000000008003460                TIM8_TRG_COM_IRQHandler
                0x0000000008003460                TIM8_CC_IRQHandler
                0x0000000008003460                TIM1_CC_IRQHandler
                0x0000000008003460                TSC_IRQHandler
                0x0000000008003460                TAMP_STAMP_IRQHandler
                0x0000000008003460                EXTI3_IRQHandler
                0x0000000008003460                LPTIM2_IRQHandler
                0x0000000008003460                DFSDM1_FLT1_IRQHandler
                0x0000000008003460                I2C3_ER_IRQHandler
                0x0000000008003460                DFSDM1_FLT2_IRQHandler
                0x0000000008003460                EXTI0_IRQHandler
                0x0000000008003460                I2C2_EV_IRQHandler
                0x0000000008003460                CAN1_RX0_IRQHandler
                0x0000000008003460                FPU_IRQHandler
                0x0000000008003460                TIM1_UP_TIM16_IRQHandler
                0x0000000008003460                ADC1_2_IRQHandler
                0x0000000008003460                SPI1_IRQHandler
                0x0000000008003460                TIM6_DAC_IRQHandler
                0x0000000008003460                TIM8_UP_IRQHandler
                0x0000000008003460                DMA2_Channel2_IRQHandler
                0x0000000008003460                DMA1_Channel4_IRQHandler
                0x0000000008003460                SAI2_IRQHandler
                0x0000000008003460                DFSDM1_FLT3_IRQHandler
                0x0000000008003460                USART3_IRQHandler
                0x0000000008003460                CAN1_RX1_IRQHandler
                0x0000000008003460                LCD_IRQHandler
                0x0000000008003460                UART5_IRQHandler
                0x0000000008003460                ADC3_IRQHandler
                0x0000000008003460                TIM4_IRQHandler
                0x0000000008003460                DMA2_Channel1_IRQHandler
                0x0000000008003460                QUADSPI_IRQHandler
                0x0000000008003460                UART4_IRQHandler
                0x0000000008003460                DMA2_Channel4_IRQHandler
                0x0000000008003460                TIM3_IRQHandler
                0x0000000008003460                RCC_IRQHandler
                0x0000000008003460                DMA1_Channel1_IRQHandler
                0x0000000008003460                Default_Handler
                0x0000000008003460                DMA2_Channel7_IRQHandler
                0x0000000008003460                EXTI15_10_IRQHandler
                0x0000000008003460                TIM7_IRQHandler
                0x0000000008003460                SDMMC1_IRQHandler
                0x0000000008003460                TIM5_IRQHandler
                0x0000000008003460                I2C3_EV_IRQHandler
                0x0000000008003460                EXTI9_5_IRQHandler
                0x0000000008003460                RTC_WKUP_IRQHandler
                0x0000000008003460                PVD_PVM_IRQHandler
                0x0000000008003460                SPI2_IRQHandler
                0x0000000008003460                CAN1_TX_IRQHandler
                0x0000000008003460                DMA2_Channel5_IRQHandler
                0x0000000008003460                DMA1_Channel5_IRQHandler
                0x0000000008003460                EXTI4_IRQHandler
                0x0000000008003460                RNG_IRQHandler
                0x0000000008003460                TIM1_TRG_COM_TIM17_IRQHandler
                0x0000000008003460                DMA1_Channel3_IRQHandler
                0x0000000008003460                COMP_IRQHandler
                0x0000000008003460                WWDG_IRQHandler
                0x0000000008003460                LPUART1_IRQHandler
                0x0000000008003460                DMA2_Channel6_IRQHandler
                0x0000000008003460                TIM2_IRQHandler
                0x0000000008003460                EXTI1_IRQHandler
                0x0000000008003460                USART2_IRQHandler
                0x0000000008003460                DFSDM1_FLT0_IRQHandler
                0x0000000008003460                I2C2_ER_IRQHandler
                0x0000000008003460                DMA1_Channel2_IRQHandler
                0x0000000008003460                TIM8_BRK_IRQHandler
                0x0000000008003460                CAN1_SCE_IRQHandler
                0x0000000008003460                FLASH_IRQHandler
                0x0000000008003460                USART1_IRQHandler
                0x0000000008003460                OTG_FS_IRQHandler
                0x0000000008003460                SPI3_IRQHandler
                0x0000000008003460                I2C1_ER_IRQHandler
                0x0000000008003460                FMC_IRQHandler
                0x0000000008003460                SWPMI1_IRQHandler
                0x0000000008003460                LPTIM1_IRQHandler
                0x0000000008003460                SAI1_IRQHandler
                0x0000000008003460                DMA2_Channel3_IRQHandler
                0x0000000008003460                TIM1_BRK_TIM15_IRQHandler
 *fill*         0x0000000008003462        0x2 
 .text.__libc_init_array
                0x0000000008003464       0x48 /usr/lib/gcc/arm-none-eabi/8.3.0/../../../../arm-none-eabi/lib/thumb/v7e-m+fp/hard/libc_nano.a(lib_a-init.o)
                0x0000000008003464                __libc_init_array
 .text.memset   0x00000000080034ac       0x10 /usr/lib/gcc/arm-none-eabi/8.3.0/../../../../arm-none-eabi/lib/thumb/v7e-m+fp/hard/libc_nano.a(lib_a-memset.o)
                0x00000000080034ac                memset
 .text.sprintf  0x00000000080034bc       0x40 /usr/lib/gcc/arm-none-eabi/8.3.0/../../../../arm-none-eabi/lib/thumb/v7e-m+fp/hard/libc_nano.a(lib_a-sprintf.o)
                0x00000000080034bc                sprintf
                0x00000000080034bc                siprintf
 .text.__ssputs_r
                0x00000000080034fc       0xb6 /usr/lib/gcc/arm-none-eabi/8.3.0/../../../../arm-none-eabi/lib/thumb/v7e-m+fp/hard/libc_nano.a(lib_a-nano-svfprintf.o)
                0x00000000080034fc                __ssputs_r
 *fill*         0x00000000080035b2        0x2 
 .text._svfprintf_r
                0x00000000080035b4      0x1f0 /usr/lib/gcc/arm-none-eabi/8.3.0/../../../../arm-none-eabi/lib/thumb/v7e-m+fp/hard/libc_nano.a(lib_a-nano-svfprintf.o)
                0x00000000080035b4                _svfprintf_r
                0x00000000080035b4                _svfiprintf_r
 .text._printf_common
                0x00000000080037a4       0xea /usr/lib/gcc/arm-none-eabi/8.3.0/../../../../arm-none-eabi/lib/thumb/v7e-m+fp/hard/libc_nano.a(lib_a-nano-vfprintf_i.o)
                0x00000000080037a4                _printf_common
 *fill*         0x000000000800388e        0x2 
 .text._printf_i
                0x0000000008003890      0x228 /usr/lib/gcc/arm-none-eabi/8.3.0/../../../../arm-none-eabi/lib/thumb/v7e-m+fp/hard/libc_nano.a(lib_a-nano-vfprintf_i.o)
                0x0000000008003890                _printf_i
 .text.memcpy   0x0000000008003ab8       0x1c /usr/lib/gcc/arm-none-eabi/8.3.0/../../../../arm-none-eabi/lib/thumb/v7e-m+fp/hard/libc_nano.a(lib_a-memcpy-stub.o)
                0x0000000008003ab8                memcpy
 .text.memmove  0x0000000008003ad4       0x34 /usr/lib/gcc/arm-none-eabi/8.3.0/../../../../arm-none-eabi/lib/thumb/v7e-m+fp/hard/libc_nano.a(lib_a-memmove.o)
                0x0000000008003ad4                memmove
 .text._free_r  0x0000000008003b08       0x9c /usr/lib/gcc/arm-none-eabi/8.3.0/../../../../arm-none-eabi/lib/thumb/v7e-m+fp/hard/libc_nano.a(lib_a-nano-freer.o)
                0x0000000008003b08                _free_r
 .text._malloc_r
                0x0000000008003ba4       0xb4 /usr/lib/gcc/arm-none-eabi/8.3.0/../../../../arm-none-eabi/lib/thumb/v7e-m+fp/hard/libc_nano.a(lib_a-nano-mallocr.o)
                0x0000000008003ba4                _malloc_r
 .text._realloc_r
                0x0000000008003c58       0x4c /usr/lib/gcc/arm-none-eabi/8.3.0/../../../../arm-none-eabi/lib/thumb/v7e-m+fp/hard/libc_nano.a(lib_a-nano-reallocr.o)
                0x0000000008003c58                _realloc_r
 .text._sbrk_r  0x0000000008003ca4       0x20 /usr/lib/gcc/arm-none-eabi/8.3.0/../../../../arm-none-eabi/lib/thumb/v7e-m+fp/hard/libc_nano.a(lib_a-sbrkr.o)
                0x0000000008003ca4                _sbrk_r
 .text.__malloc_lock
                0x0000000008003cc4        0x2 /usr/lib/gcc/arm-none-eabi/8.3.0/../../../../arm-none-eabi/lib/thumb/v7e-m+fp/hard/libc_nano.a(lib_a-mlock.o)
                0x0000000008003cc4                __malloc_lock
 .text.__malloc_unlock
                0x0000000008003cc6        0x2 /usr/lib/gcc/arm-none-eabi/8.3.0/../../../../arm-none-eabi/lib/thumb/v7e-m+fp/hard/libc_nano.a(lib_a-mlock.o)
                0x0000000008003cc6                __malloc_unlock
 .text._malloc_usable_size_r
                0x0000000008003cc8       0x10 /usr/lib/gcc/arm-none-eabi/8.3.0/../../../../arm-none-eabi/lib/thumb/v7e-m+fp/hard/libc_nano.a(lib_a-nano-msizer.o)
                0x0000000008003cc8                _malloc_usable_size_r
 .text._sbrk    0x0000000008003cd8       0x1c /usr/lib/gcc/arm-none-eabi/8.3.0/../../../../arm-none-eabi/lib/thumb/v7e-m+fp/hard/libnosys.a(sbrk.o)
                0x0000000008003cd8                _sbrk
 .text.__udivmoddi4
                0x0000000008003cf4      0x2b4 /usr/lib/gcc/arm-none-eabi/8.3.0/thumb/v7e-m+fp/hard/libgcc.a(_udivmoddi4.o)
                0x0000000008003cf4                __udivmoddi4
 *(.glue_7)
 .glue_7        0x0000000008003fa8        0x0 linker stubs
 *(.glue_7t)
 .glue_7t       0x0000000008003fa8        0x0 linker stubs
 *(.eh_frame)
 .eh_frame      0x0000000008003fa8        0x0 /usr/lib/gcc/arm-none-eabi/8.3.0/thumb/v7e-m+fp/hard/crtbegin.o
 *(.init)
 .init          0x0000000008003fa8        0x4 /usr/lib/gcc/arm-none-eabi/8.3.0/thumb/v7e-m+fp/hard/crti.o
                0x0000000008003fa8                _init
 .init          0x0000000008003fac        0x8 /usr/lib/gcc/arm-none-eabi/8.3.0/thumb/v7e-m+fp/hard/crtn.o
 *(.fini)
 .fini          0x0000000008003fb4        0x4 /usr/lib/gcc/arm-none-eabi/8.3.0/thumb/v7e-m+fp/hard/crti.o
                0x0000000008003fb4                _fini
 .fini          0x0000000008003fb8        0x8 /usr/lib/gcc/arm-none-eabi/8.3.0/thumb/v7e-m+fp/hard/crtn.o
                0x0000000008003fc0                . = ALIGN (0x8)
                0x0000000008003fc0                _etext = .

.vfp11_veneer   0x0000000008003fc0        0x0
 .vfp11_veneer  0x0000000008003fc0        0x0 linker stubs

.v4_bx          0x0000000008003fc0        0x0
 .v4_bx         0x0000000008003fc0        0x0 linker stubs

.iplt           0x0000000008003fc0        0x0
 .iplt          0x0000000008003fc0        0x0 /usr/lib/gcc/arm-none-eabi/8.3.0/thumb/v7e-m+fp/hard/crtbegin.o

.rodata         0x0000000008003fc0       0xa0
                0x0000000008003fc0                . = ALIGN (0x8)
 *(.rodata)
 *(.rodata*)
 .rodata.main.str1.4
                0x0000000008003fc0       0x20 build/main.o
                                         0x1f (size before relaxing)
 .rodata.AHBPrescTable
                0x0000000008003fe0       0x10 build/system_stm32l4xx.o
                0x0000000008003fe0                AHBPrescTable
 .rodata.APBPrescTable
                0x0000000008003ff0        0x8 build/system_stm32l4xx.o
                0x0000000008003ff0                APBPrescTable
 .rodata.MSIRangeTable
                0x0000000008003ff8       0x30 build/system_stm32l4xx.o
                0x0000000008003ff8                MSIRangeTable
 .rodata._svfprintf_r.str1.1
                0x0000000008004028       0x11 /usr/lib/gcc/arm-none-eabi/8.3.0/../../../../arm-none-eabi/lib/thumb/v7e-m+fp/hard/libc_nano.a(lib_a-nano-svfprintf.o)
 .rodata._printf_i.str1.1
                0x0000000008004039       0x22 /usr/lib/gcc/arm-none-eabi/8.3.0/../../../../arm-none-eabi/lib/thumb/v7e-m+fp/hard/libc_nano.a(lib_a-nano-vfprintf_i.o)
                0x0000000008004060                . = ALIGN (0x8)
 *fill*         0x000000000800405b        0x5 

.ARM.extab      0x0000000008004060        0x0
                0x0000000008004060                . = ALIGN (0x8)
 *(.ARM.extab* .gnu.linkonce.armextab.*)
                0x0000000008004060                . = ALIGN (0x8)

.ARM            0x0000000008004060        0x8
                0x0000000008004060                . = ALIGN (0x8)
                0x0000000008004060                __exidx_start = .
 *(.ARM.exidx*)
 .ARM.exidx.text.__udivmoddi4
                0x0000000008004060        0x8 /usr/lib/gcc/arm-none-eabi/8.3.0/thumb/v7e-m+fp/hard/libgcc.a(_udivmoddi4.o)
                0x0000000008004068                __exidx_end = .
                0x0000000008004068                . = ALIGN (0x8)

.rel.dyn        0x0000000008004068        0x0
 .rel.iplt      0x0000000008004068        0x0 /usr/lib/gcc/arm-none-eabi/8.3.0/thumb/v7e-m+fp/hard/crtbegin.o

.preinit_array  0x0000000008004068        0x0
                0x0000000008004068                . = ALIGN (0x8)
                0x0000000008004068                PROVIDE (__preinit_array_start = .)
 *(.preinit_array*)
                0x0000000008004068                PROVIDE (__preinit_array_end = .)
                0x0000000008004068                . = ALIGN (0x8)

.init_array     0x0000000008004068        0x8
                0x0000000008004068                . = ALIGN (0x8)
                0x0000000008004068                PROVIDE (__init_array_start = .)
 *(SORT_BY_NAME(.init_array.*))
 *(.init_array*)
 .init_array    0x0000000008004068        0x4 /usr/lib/gcc/arm-none-eabi/8.3.0/thumb/v7e-m+fp/hard/crtbegin.o
                0x000000000800406c                PROVIDE (__init_array_end = .)
                0x0000000008004070                . = ALIGN (0x8)
 *fill*         0x000000000800406c        0x4 

.fini_array     0x0000000008004070        0x8
                0x0000000008004070                . = ALIGN (0x8)
                0x0000000008004070                PROVIDE (__fini_array_start = .)
 *(SORT_BY_NAME(.fini_array.*))
 *(.fini_array*)
 .fini_array    0x0000000008004070        0x4 /usr/lib/gcc/arm-none-eabi/8.3.0/thumb/v7e-m+fp/hard/crtbegin.o
                0x0000000008004074                PROVIDE (__fini_array_end = .)
                0x0000000008004078                . = ALIGN (0x8)
 *fill*         0x0000000008004074        0x4 
                0x0000000008004078                _sidata = LOADADDR (.data)

.data           0x0000000020000000       0x70 load address 0x0000000008004078
                0x0000000020000000                . = ALIGN (0x8)
                0x0000000020000000                _sdata = .
 *(.data)
 *(.data*)
 .data.uwTickFreq
                0x0000000020000000        0x4 build/stm32l4xx_hal.o
                0x0000000020000000                uwTickFreq
 .data.uwTickPrio
                0x0000000020000004        0x4 build/stm32l4xx_hal.o
                0x0000000020000004                uwTickPrio
 .data.SystemCoreClock
                0x0000000020000008        0x4 build/system_stm32l4xx.o
                0x0000000020000008                SystemCoreClock
 .data._impure_ptr
                0x000000002000000c        0x4 /usr/lib/gcc/arm-none-eabi/8.3.0/../../../../arm-none-eabi/lib/thumb/v7e-m+fp/hard/libc_nano.a(lib_a-impure.o)
                0x000000002000000c                _impure_ptr
 .data.impure_data
                0x0000000020000010       0x60 /usr/lib/gcc/arm-none-eabi/8.3.0/../../../../arm-none-eabi/lib/thumb/v7e-m+fp/hard/libc_nano.a(lib_a-impure.o)
                0x0000000020000070                . = ALIGN (0x8)
                0x0000000020000070                _edata = .

.igot.plt       0x0000000020000070        0x0 load address 0x00000000080040e8
 .igot.plt      0x0000000020000070        0x0 /usr/lib/gcc/arm-none-eabi/8.3.0/thumb/v7e-m+fp/hard/crtbegin.o
                0x0000000020000070                . = ALIGN (0x4)

.bss            0x0000000020000070      0x1f4 load address 0x00000000080040e8
                0x0000000020000070                _sbss = .
                0x0000000020000070                __bss_start__ = _sbss
 *(.bss)
 *(.bss*)
 .bss.completed.10166
                0x0000000020000070        0x1 /usr/lib/gcc/arm-none-eabi/8.3.0/thumb/v7e-m+fp/hard/crtbegin.o
 *fill*         0x0000000020000071        0x3 
 .bss.object.10171
                0x0000000020000074       0x18 /usr/lib/gcc/arm-none-eabi/8.3.0/thumb/v7e-m+fp/hard/crtbegin.o
 .bss.__malloc_free_list
                0x000000002000008c        0x4 /usr/lib/gcc/arm-none-eabi/8.3.0/../../../../arm-none-eabi/lib/thumb/v7e-m+fp/hard/libc_nano.a(lib_a-nano-mallocr.o)
                0x000000002000008c                __malloc_free_list
 .bss.__malloc_sbrk_start
                0x0000000020000090        0x4 /usr/lib/gcc/arm-none-eabi/8.3.0/../../../../arm-none-eabi/lib/thumb/v7e-m+fp/hard/libc_nano.a(lib_a-nano-mallocr.o)
                0x0000000020000090                __malloc_sbrk_start
 .bss.heap_end.5501
                0x0000000020000094        0x4 /usr/lib/gcc/arm-none-eabi/8.3.0/../../../../arm-none-eabi/lib/thumb/v7e-m+fp/hard/libnosys.a(sbrk.o)
 *(COMMON)
 COMMON         0x0000000020000098       0x68 build/main.o
                0x0000000020000098                k
                0x00000000200000fc                isI2CRunning
 COMMON         0x0000000020000100       0xdc build/i2c.o
                0x0000000020000100                hdma_i2c1_tx
                0x0000000020000148                hi2c1
                0x0000000020000194                hdma_i2c1_rx
 COMMON         0x00000000200001dc       0x80 build/usart.o
                0x00000000200001dc                huart2
 COMMON         0x000000002000025c        0x4 build/stm32l4xx_hal.o
                0x000000002000025c                uwTick
 COMMON         0x0000000020000260        0x4 /usr/lib/gcc/arm-none-eabi/8.3.0/../../../../arm-none-eabi/lib/thumb/v7e-m+fp/hard/libc_nano.a(lib_a-reent.o)
                0x0000000020000260                errno
                0x0000000020000264                . = ALIGN (0x4)
                0x0000000020000264                _ebss = .
                0x0000000020000264                __bss_end__ = _ebss

._user_heap_stack
                0x0000000020000264      0x604 load address 0x00000000080040e8
                0x0000000020000268                . = ALIGN (0x8)
 *fill*         0x0000000020000264        0x4 
                0x0000000020000268                PROVIDE (end = .)
                [!provide]                        PROVIDE (_end = .)
                0x0000000020000468                . = (. + _Min_Heap_Size)
 *fill*         0x0000000020000268      0x200 
                0x0000000020000868                . = (. + _Min_Stack_Size)
 *fill*         0x0000000020000468      0x400 
                0x0000000020000868                . = ALIGN (0x8)

/DISCARD/
 libc.a(*)
 libm.a(*)
 libgcc.a(*)

.ARM.attributes
                0x0000000000000000       0x30
 *(.ARM.attributes)
 .ARM.attributes
                0x0000000000000000       0x1e /usr/lib/gcc/arm-none-eabi/8.3.0/thumb/v7e-m+fp/hard/crti.o
 .ARM.attributes
                0x000000000000001e       0x34 /usr/lib/gcc/arm-none-eabi/8.3.0/thumb/v7e-m+fp/hard/crtbegin.o
 .ARM.attributes
                0x0000000000000052       0x34 build/main.o
 .ARM.attributes
                0x0000000000000086       0x34 build/gpio.o
 .ARM.attributes
                0x00000000000000ba       0x34 build/dma.o
 .ARM.attributes
                0x00000000000000ee       0x34 build/i2c.o
 .ARM.attributes
                0x0000000000000122       0x34 build/usart.o
 .ARM.attributes
                0x0000000000000156       0x34 build/stm32l4xx_it.o
 .ARM.attributes
                0x000000000000018a       0x34 build/stm32l4xx_hal_msp.o
 .ARM.attributes
                0x00000000000001be       0x34 build/stm32l4xx_hal_i2c.o
 .ARM.attributes
                0x00000000000001f2       0x34 build/stm32l4xx_hal_i2c_ex.o
 .ARM.attributes
                0x0000000000000226       0x34 build/stm32l4xx_hal_uart.o
 .ARM.attributes
                0x000000000000025a       0x34 build/stm32l4xx_hal.o
 .ARM.attributes
                0x000000000000028e       0x34 build/stm32l4xx_hal_rcc.o
 .ARM.attributes
                0x00000000000002c2       0x34 build/stm32l4xx_hal_rcc_ex.o
 .ARM.attributes
                0x00000000000002f6       0x34 build/stm32l4xx_hal_gpio.o
 .ARM.attributes
                0x000000000000032a       0x34 build/stm32l4xx_hal_dma.o
 .ARM.attributes
                0x000000000000035e       0x34 build/stm32l4xx_hal_pwr_ex.o
 .ARM.attributes
                0x0000000000000392       0x34 build/stm32l4xx_hal_cortex.o
 .ARM.attributes
                0x00000000000003c6       0x34 build/system_stm32l4xx.o
 .ARM.attributes
                0x00000000000003fa       0x21 build/startup_stm32l476xx.o
 .ARM.attributes
                0x000000000000041b       0x32 /usr/lib/gcc/arm-none-eabi/8.3.0/../../../../arm-none-eabi/lib/thumb/v7e-m+fp/hard/libc_nano.a(lib_a-impure.o)
 .ARM.attributes
                0x000000000000044d       0x34 /usr/lib/gcc/arm-none-eabi/8.3.0/../../../../arm-none-eabi/lib/thumb/v7e-m+fp/hard/libc_nano.a(lib_a-init.o)
 .ARM.attributes
                0x0000000000000481       0x34 /usr/lib/gcc/arm-none-eabi/8.3.0/../../../../arm-none-eabi/lib/thumb/v7e-m+fp/hard/libc_nano.a(lib_a-memset.o)
 .ARM.attributes
                0x00000000000004b5       0x34 /usr/lib/gcc/arm-none-eabi/8.3.0/../../../../arm-none-eabi/lib/thumb/v7e-m+fp/hard/libc_nano.a(lib_a-sprintf.o)
 .ARM.attributes
                0x00000000000004e9       0x17 /usr/lib/gcc/arm-none-eabi/8.3.0/../../../../arm-none-eabi/lib/thumb/v7e-m+fp/hard/libc_nano.a(lib_a-strlen.o)
 .ARM.attributes
                0x0000000000000500       0x34 /usr/lib/gcc/arm-none-eabi/8.3.0/../../../../arm-none-eabi/lib/thumb/v7e-m+fp/hard/libc_nano.a(lib_a-nano-svfprintf.o)
 .ARM.attributes
                0x0000000000000534       0x34 /usr/lib/gcc/arm-none-eabi/8.3.0/../../../../arm-none-eabi/lib/thumb/v7e-m+fp/hard/libc_nano.a(lib_a-nano-vfprintf_i.o)
 .ARM.attributes
                0x0000000000000568       0x1c /usr/lib/gcc/arm-none-eabi/8.3.0/../../../../arm-none-eabi/lib/thumb/v7e-m+fp/hard/libc_nano.a(lib_a-memchr.o)
 .ARM.attributes
                0x0000000000000584       0x34 /usr/lib/gcc/arm-none-eabi/8.3.0/../../../../arm-none-eabi/lib/thumb/v7e-m+fp/hard/libc_nano.a(lib_a-memcpy-stub.o)
 .ARM.attributes
                0x00000000000005b8       0x34 /usr/lib/gcc/arm-none-eabi/8.3.0/../../../../arm-none-eabi/lib/thumb/v7e-m+fp/hard/libc_nano.a(lib_a-memmove.o)
 .ARM.attributes
                0x00000000000005ec       0x34 /usr/lib/gcc/arm-none-eabi/8.3.0/../../../../arm-none-eabi/lib/thumb/v7e-m+fp/hard/libc_nano.a(lib_a-nano-freer.o)
 .ARM.attributes
                0x0000000000000620       0x34 /usr/lib/gcc/arm-none-eabi/8.3.0/../../../../arm-none-eabi/lib/thumb/v7e-m+fp/hard/libc_nano.a(lib_a-nano-mallocr.o)
 .ARM.attributes
                0x0000000000000654       0x34 /usr/lib/gcc/arm-none-eabi/8.3.0/../../../../arm-none-eabi/lib/thumb/v7e-m+fp/hard/libc_nano.a(lib_a-nano-reallocr.o)
 .ARM.attributes
                0x0000000000000688       0x34 /usr/lib/gcc/arm-none-eabi/8.3.0/../../../../arm-none-eabi/lib/thumb/v7e-m+fp/hard/libc_nano.a(lib_a-sbrkr.o)
 .ARM.attributes
                0x00000000000006bc       0x34 /usr/lib/gcc/arm-none-eabi/8.3.0/../../../../arm-none-eabi/lib/thumb/v7e-m+fp/hard/libc_nano.a(lib_a-mlock.o)
 .ARM.attributes
                0x00000000000006f0       0x34 /usr/lib/gcc/arm-none-eabi/8.3.0/../../../../arm-none-eabi/lib/thumb/v7e-m+fp/hard/libc_nano.a(lib_a-nano-msizer.o)
 .ARM.attributes
                0x0000000000000724       0x34 /usr/lib/gcc/arm-none-eabi/8.3.0/../../../../arm-none-eabi/lib/thumb/v7e-m+fp/hard/libc_nano.a(lib_a-reent.o)
 .ARM.attributes
                0x0000000000000758       0x34 /usr/lib/gcc/arm-none-eabi/8.3.0/../../../../arm-none-eabi/lib/thumb/v7e-m+fp/hard/libnosys.a(sbrk.o)
 .ARM.attributes
                0x000000000000078c       0x1e /usr/lib/gcc/arm-none-eabi/8.3.0/thumb/v7e-m+fp/hard/libgcc.a(_aeabi_uldivmod.o)
 .ARM.attributes
                0x00000000000007aa       0x34 /usr/lib/gcc/arm-none-eabi/8.3.0/thumb/v7e-m+fp/hard/libgcc.a(_udivmoddi4.o)
 .ARM.attributes
                0x00000000000007de       0x1e /usr/lib/gcc/arm-none-eabi/8.3.0/thumb/v7e-m+fp/hard/libgcc.a(_dvmd_tls.o)
 .ARM.attributes
                0x00000000000007fc       0x1e /usr/lib/gcc/arm-none-eabi/8.3.0/thumb/v7e-m+fp/hard/crtn.o
OUTPUT(build/nucleo_dma.elf elf32-littlearm)

.debug_info     0x0000000000000000    0x144fb
 .debug_info    0x0000000000000000     0x1d35 build/main.o
 .debug_info    0x0000000000001d35      0x7c0 build/gpio.o
 .debug_info    0x00000000000024f5      0x81b build/dma.o
 .debug_info    0x0000000000002d10     0x1147 build/i2c.o
 .debug_info    0x0000000000003e57      0xe1e build/usart.o
 .debug_info    0x0000000000004c75      0xa18 build/stm32l4xx_it.o
 .debug_info    0x000000000000568d      0x58b build/stm32l4xx_hal_msp.o
 .debug_info    0x0000000000005c18     0x421e build/stm32l4xx_hal_i2c.o
 .debug_info    0x0000000000009e36      0xd2f build/stm32l4xx_hal_i2c_ex.o
 .debug_info    0x000000000000ab65     0x22cc build/stm32l4xx_hal_uart.o
 .debug_info    0x000000000000ce31      0xfe1 build/stm32l4xx_hal.o
 .debug_info    0x000000000000de12     0x11c9 build/stm32l4xx_hal_rcc.o
 .debug_info    0x000000000000efdb     0x15eb build/stm32l4xx_hal_rcc_ex.o
 .debug_info    0x00000000000105c6      0xb2d build/stm32l4xx_hal_gpio.o
 .debug_info    0x00000000000110f3      0xaef build/stm32l4xx_hal_dma.o
 .debug_info    0x0000000000011be2      0xd49 build/stm32l4xx_hal_pwr_ex.o
 .debug_info    0x000000000001292b     0x1388 build/stm32l4xx_hal_cortex.o
 .debug_info    0x0000000000013cb3      0x826 build/system_stm32l4xx.o
 .debug_info    0x00000000000144d9       0x22 build/startup_stm32l476xx.o

.debug_abbrev   0x0000000000000000     0x2850
 .debug_abbrev  0x0000000000000000      0x307 build/main.o
 .debug_abbrev  0x0000000000000307      0x17e build/gpio.o
 .debug_abbrev  0x0000000000000485      0x176 build/dma.o
 .debug_abbrev  0x00000000000005fb      0x218 build/i2c.o
 .debug_abbrev  0x0000000000000813      0x1f1 build/usart.o
 .debug_abbrev  0x0000000000000a04      0x18e build/stm32l4xx_it.o
 .debug_abbrev  0x0000000000000b92      0x13c build/stm32l4xx_hal_msp.o
 .debug_abbrev  0x0000000000000cce      0x2e8 build/stm32l4xx_hal_i2c.o
 .debug_abbrev  0x0000000000000fb6      0x214 build/stm32l4xx_hal_i2c_ex.o
 .debug_abbrev  0x00000000000011ca      0x2ac build/stm32l4xx_hal_uart.o
 .debug_abbrev  0x0000000000001476      0x258 build/stm32l4xx_hal.o
 .debug_abbrev  0x00000000000016ce      0x28e build/stm32l4xx_hal_rcc.o
 .debug_abbrev  0x000000000000195c      0x2c3 build/stm32l4xx_hal_rcc_ex.o
 .debug_abbrev  0x0000000000001c1f      0x24f build/stm32l4xx_hal_gpio.o
 .debug_abbrev  0x0000000000001e6e      0x27a build/stm32l4xx_hal_dma.o
 .debug_abbrev  0x00000000000020e8      0x230 build/stm32l4xx_hal_pwr_ex.o
 .debug_abbrev  0x0000000000002318      0x3b3 build/stm32l4xx_hal_cortex.o
 .debug_abbrev  0x00000000000026cb      0x173 build/system_stm32l4xx.o
 .debug_abbrev  0x000000000000283e       0x12 build/startup_stm32l476xx.o

.debug_loc      0x0000000000000000     0xd2f0
 .debug_loc     0x0000000000000000       0xa2 build/main.o
 .debug_loc     0x00000000000000a2       0x38 build/gpio.o
 .debug_loc     0x00000000000000da       0x38 build/dma.o
 .debug_loc     0x0000000000000112       0xf5 build/i2c.o
 .debug_loc     0x0000000000000207      0x108 build/usart.o
 .debug_loc     0x000000000000030f       0x80 build/stm32l4xx_it.o
 .debug_loc     0x000000000000038f       0x2c build/stm32l4xx_hal_msp.o
 .debug_loc     0x00000000000003bb     0x5abe build/stm32l4xx_hal_i2c.o
 .debug_loc     0x0000000000005e79      0x28b build/stm32l4xx_hal_i2c_ex.o
 .debug_loc     0x0000000000006104     0x21f7 build/stm32l4xx_hal_uart.o
 .debug_loc     0x00000000000082fb      0x312 build/stm32l4xx_hal.o
 .debug_loc     0x000000000000860d      0x9b7 build/stm32l4xx_hal_rcc.o
 .debug_loc     0x0000000000008fc4     0x20b6 build/stm32l4xx_hal_rcc_ex.o
 .debug_loc     0x000000000000b07a      0x409 build/stm32l4xx_hal_gpio.o
 .debug_loc     0x000000000000b483      0x9d8 build/stm32l4xx_hal_dma.o
 .debug_loc     0x000000000000be5b      0xb09 build/stm32l4xx_hal_pwr_ex.o
 .debug_loc     0x000000000000c964      0x790 build/stm32l4xx_hal_cortex.o
 .debug_loc     0x000000000000d0f4      0x1fc build/system_stm32l4xx.o

.debug_aranges  0x0000000000000000      0xbc8
 .debug_aranges
                0x0000000000000000       0x38 build/main.o
 .debug_aranges
                0x0000000000000038       0x20 build/gpio.o
 .debug_aranges
                0x0000000000000058       0x20 build/dma.o
 .debug_aranges
                0x0000000000000078       0x30 build/i2c.o
 .debug_aranges
                0x00000000000000a8       0x30 build/usart.o
 .debug_aranges
                0x00000000000000d8       0x78 build/stm32l4xx_it.o
 .debug_aranges
                0x0000000000000150       0x20 build/stm32l4xx_hal_msp.o
 .debug_aranges
                0x0000000000000170      0x288 build/stm32l4xx_hal_i2c.o
 .debug_aranges
                0x00000000000003f8       0x48 build/stm32l4xx_hal_i2c_ex.o
 .debug_aranges
                0x0000000000000440      0x1f8 build/stm32l4xx_hal_uart.o
 .debug_aranges
                0x0000000000000638      0x130 build/stm32l4xx_hal.o
 .debug_aranges
                0x0000000000000768       0x88 build/stm32l4xx_hal_rcc.o
 .debug_aranges
                0x00000000000007f0       0xc0 build/stm32l4xx_hal_rcc_ex.o
 .debug_aranges
                0x00000000000008b0       0x58 build/stm32l4xx_hal_gpio.o
 .debug_aranges
                0x0000000000000908       0x80 build/stm32l4xx_hal_dma.o
 .debug_aranges
                0x0000000000000988      0x148 build/stm32l4xx_hal_pwr_ex.o
 .debug_aranges
                0x0000000000000ad0       0xa8 build/stm32l4xx_hal_cortex.o
 .debug_aranges
                0x0000000000000b78       0x28 build/system_stm32l4xx.o
 .debug_aranges
                0x0000000000000ba0       0x28 build/startup_stm32l476xx.o

.debug_ranges   0x0000000000000000      0xb38
 .debug_ranges  0x0000000000000000       0x40 build/main.o
 .debug_ranges  0x0000000000000040       0x10 build/gpio.o
 .debug_ranges  0x0000000000000050       0x10 build/dma.o
 .debug_ranges  0x0000000000000060       0x20 build/i2c.o
 .debug_ranges  0x0000000000000080       0x20 build/usart.o
 .debug_ranges  0x00000000000000a0       0x68 build/stm32l4xx_it.o
 .debug_ranges  0x0000000000000108       0x10 build/stm32l4xx_hal_msp.o
 .debug_ranges  0x0000000000000118      0x278 build/stm32l4xx_hal_i2c.o
 .debug_ranges  0x0000000000000390       0x38 build/stm32l4xx_hal_i2c_ex.o
 .debug_ranges  0x00000000000003c8      0x1e8 build/stm32l4xx_hal_uart.o
 .debug_ranges  0x00000000000005b0      0x120 build/stm32l4xx_hal.o
 .debug_ranges  0x00000000000006d0       0x90 build/stm32l4xx_hal_rcc.o
 .debug_ranges  0x0000000000000760       0xd0 build/stm32l4xx_hal_rcc_ex.o
 .debug_ranges  0x0000000000000830       0x48 build/stm32l4xx_hal_gpio.o
 .debug_ranges  0x0000000000000878       0x70 build/stm32l4xx_hal_dma.o
 .debug_ranges  0x00000000000008e8      0x138 build/stm32l4xx_hal_pwr_ex.o
 .debug_ranges  0x0000000000000a20       0xe0 build/stm32l4xx_hal_cortex.o
 .debug_ranges  0x0000000000000b00       0x18 build/system_stm32l4xx.o
 .debug_ranges  0x0000000000000b18       0x20 build/startup_stm32l476xx.o

.debug_line     0x0000000000000000     0xcc82
 .debug_line    0x0000000000000000      0x423 build/main.o
 .debug_line    0x0000000000000423      0x1ed build/gpio.o
 .debug_line    0x0000000000000610      0x1a0 build/dma.o
 .debug_line    0x00000000000007b0      0x3d0 build/i2c.o
 .debug_line    0x0000000000000b80      0x2cf build/usart.o
 .debug_line    0x0000000000000e4f      0x2c5 build/stm32l4xx_it.o
 .debug_line    0x0000000000001114      0x196 build/stm32l4xx_hal_msp.o
 .debug_line    0x00000000000012aa     0x4635 build/stm32l4xx_hal_i2c.o
 .debug_line    0x00000000000058df      0x4bd build/stm32l4xx_hal_i2c_ex.o
 .debug_line    0x0000000000005d9c     0x200e build/stm32l4xx_hal_uart.o
 .debug_line    0x0000000000007daa      0x63f build/stm32l4xx_hal.o
 .debug_line    0x00000000000083e9      0xdc7 build/stm32l4xx_hal_rcc.o
 .debug_line    0x00000000000091b0     0x152a build/stm32l4xx_hal_rcc_ex.o
 .debug_line    0x000000000000a6da      0x6c7 build/stm32l4xx_hal_gpio.o
 .debug_line    0x000000000000ada1      0x9ff build/stm32l4xx_hal_dma.o
 .debug_line    0x000000000000b7a0      0xa27 build/stm32l4xx_hal_pwr_ex.o
 .debug_line    0x000000000000c1c7      0x76a build/stm32l4xx_hal_cortex.o
 .debug_line    0x000000000000c931      0x2de build/system_stm32l4xx.o
 .debug_line    0x000000000000cc0f       0x73 build/startup_stm32l476xx.o

.debug_str      0x0000000000000000     0x40f0
 .debug_str     0x0000000000000000     0x11f7 build/main.o
                                       0x131a (size before relaxing)
 .debug_str     0x00000000000011f7      0x1d7 build/gpio.o
                                        0x597 (size before relaxing)
 .debug_str     0x00000000000013ce      0x509 build/dma.o
                                        0x9dc (size before relaxing)
 .debug_str     0x00000000000018d7       0xd8 build/i2c.o
                                        0xfc9 (size before relaxing)
 .debug_str     0x00000000000019af       0x49 build/usart.o
                                        0x978 (size before relaxing)
 .debug_str     0x00000000000019f8      0x11d build/stm32l4xx_it.o
                                        0x939 (size before relaxing)
 .debug_str     0x0000000000001b15       0x24 build/stm32l4xx_hal_msp.o
                                        0x4e1 (size before relaxing)
 .debug_str     0x0000000000001b39      0x844 build/stm32l4xx_hal_i2c.o
                                       0x10dd (size before relaxing)
 .debug_str     0x000000000000237d       0xe8 build/stm32l4xx_hal_i2c_ex.o
                                        0xa8f (size before relaxing)
 .debug_str     0x0000000000002465      0x708 build/stm32l4xx_hal_uart.o
                                       0x1059 (size before relaxing)
 .debug_str     0x0000000000002b6d      0x417 build/stm32l4xx_hal.o
                                        0xe9a (size before relaxing)
 .debug_str     0x0000000000002f84      0x21c build/stm32l4xx_hal_rcc.o
                                        0xa06 (size before relaxing)
 .debug_str     0x00000000000031a0      0x33b build/stm32l4xx_hal_rcc_ex.o
                                        0xc8b (size before relaxing)
 .debug_str     0x00000000000034db       0xd5 build/stm32l4xx_hal_gpio.o
                                        0x71e (size before relaxing)
 .debug_str     0x00000000000035b0      0x1f4 build/stm32l4xx_hal_dma.o
                                        0x7ea (size before relaxing)
 .debug_str     0x00000000000037a4      0x4cf build/stm32l4xx_hal_pwr_ex.o
                                        0x9a3 (size before relaxing)
 .debug_str     0x0000000000003c73      0x423 build/stm32l4xx_hal_cortex.o
                                        0xdd9 (size before relaxing)
 .debug_str     0x0000000000004096       0x38 build/system_stm32l4xx.o
                                        0x56c (size before relaxing)
 .debug_str     0x00000000000040ce       0x22 build/startup_stm32l476xx.o
                                         0x3d (size before relaxing)

.comment        0x0000000000000000       0x1d
 .comment       0x0000000000000000       0x1d build/main.o
                                         0x1e (size before relaxing)
 .comment       0x000000000000001d       0x1e build/gpio.o
 .comment       0x000000000000001d       0x1e build/dma.o
 .comment       0x000000000000001d       0x1e build/i2c.o
 .comment       0x000000000000001d       0x1e build/usart.o
 .comment       0x000000000000001d       0x1e build/stm32l4xx_it.o
 .comment       0x000000000000001d       0x1e build/stm32l4xx_hal_msp.o
 .comment       0x000000000000001d       0x1e build/stm32l4xx_hal_i2c.o
 .comment       0x000000000000001d       0x1e build/stm32l4xx_hal_i2c_ex.o
 .comment       0x000000000000001d       0x1e build/stm32l4xx_hal_uart.o
 .comment       0x000000000000001d       0x1e build/stm32l4xx_hal.o
 .comment       0x000000000000001d       0x1e build/stm32l4xx_hal_rcc.o
 .comment       0x000000000000001d       0x1e build/stm32l4xx_hal_rcc_ex.o
 .comment       0x000000000000001d       0x1e build/stm32l4xx_hal_gpio.o
 .comment       0x000000000000001d       0x1e build/stm32l4xx_hal_dma.o
 .comment       0x000000000000001d       0x1e build/stm32l4xx_hal_pwr_ex.o
 .comment       0x000000000000001d       0x1e build/stm32l4xx_hal_cortex.o
 .comment       0x000000000000001d       0x1e build/system_stm32l4xx.o

.debug_frame    0x0000000000000000     0x24d8
 .debug_frame   0x0000000000000000       0x70 build/main.o
 .debug_frame   0x0000000000000070       0x30 build/gpio.o
 .debug_frame   0x00000000000000a0       0x2c build/dma.o
 .debug_frame   0x00000000000000cc       0x74 build/i2c.o
 .debug_frame   0x0000000000000140       0x68 build/usart.o
 .debug_frame   0x00000000000001a8      0x100 build/stm32l4xx_it.o
 .debug_frame   0x00000000000002a8       0x28 build/stm32l4xx_hal_msp.o
 .debug_frame   0x00000000000002d0      0xa44 build/stm32l4xx_hal_i2c.o
 .debug_frame   0x0000000000000d14       0x98 build/stm32l4xx_hal_i2c_ex.o
 .debug_frame   0x0000000000000dac      0x628 build/stm32l4xx_hal_uart.o
 .debug_frame   0x00000000000013d4      0x28c build/stm32l4xx_hal.o
 .debug_frame   0x0000000000001660      0x1c0 build/stm32l4xx_hal_rcc.o
 .debug_frame   0x0000000000001820      0x23c build/stm32l4xx_hal_rcc_ex.o
 .debug_frame   0x0000000000001a5c       0xec build/stm32l4xx_hal_gpio.o
 .debug_frame   0x0000000000001b48      0x180 build/stm32l4xx_hal_dma.o
 .debug_frame   0x0000000000001cc8      0x27c build/stm32l4xx_hal_pwr_ex.o
 .debug_frame   0x0000000000001f44      0x16c build/stm32l4xx_hal_cortex.o
 .debug_frame   0x00000000000020b0       0x30 build/system_stm32l4xx.o
 .debug_frame   0x00000000000020e0       0x2c /usr/lib/gcc/arm-none-eabi/8.3.0/../../../../arm-none-eabi/lib/thumb/v7e-m+fp/hard/libc_nano.a(lib_a-init.o)
 .debug_frame   0x000000000000210c       0x20 /usr/lib/gcc/arm-none-eabi/8.3.0/../../../../arm-none-eabi/lib/thumb/v7e-m+fp/hard/libc_nano.a(lib_a-memset.o)
 .debug_frame   0x000000000000212c       0x6c /usr/lib/gcc/arm-none-eabi/8.3.0/../../../../arm-none-eabi/lib/thumb/v7e-m+fp/hard/libc_nano.a(lib_a-sprintf.o)
 .debug_frame   0x0000000000002198       0x90 /usr/lib/gcc/arm-none-eabi/8.3.0/../../../../arm-none-eabi/lib/thumb/v7e-m+fp/hard/libc_nano.a(lib_a-nano-svfprintf.o)
 .debug_frame   0x0000000000002228       0x60 /usr/lib/gcc/arm-none-eabi/8.3.0/../../../../arm-none-eabi/lib/thumb/v7e-m+fp/hard/libc_nano.a(lib_a-nano-vfprintf_i.o)
 .debug_frame   0x0000000000002288       0x28 /usr/lib/gcc/arm-none-eabi/8.3.0/../../../../arm-none-eabi/lib/thumb/v7e-m+fp/hard/libc_nano.a(lib_a-memcpy-stub.o)
 .debug_frame   0x00000000000022b0       0x28 /usr/lib/gcc/arm-none-eabi/8.3.0/../../../../arm-none-eabi/lib/thumb/v7e-m+fp/hard/libc_nano.a(lib_a-memmove.o)
 .debug_frame   0x00000000000022d8       0x38 /usr/lib/gcc/arm-none-eabi/8.3.0/../../../../arm-none-eabi/lib/thumb/v7e-m+fp/hard/libc_nano.a(lib_a-nano-freer.o)
 .debug_frame   0x0000000000002310       0x30 /usr/lib/gcc/arm-none-eabi/8.3.0/../../../../arm-none-eabi/lib/thumb/v7e-m+fp/hard/libc_nano.a(lib_a-nano-mallocr.o)
 .debug_frame   0x0000000000002340       0x3c /usr/lib/gcc/arm-none-eabi/8.3.0/../../../../arm-none-eabi/lib/thumb/v7e-m+fp/hard/libc_nano.a(lib_a-nano-reallocr.o)
 .debug_frame   0x000000000000237c       0x2c /usr/lib/gcc/arm-none-eabi/8.3.0/../../../../arm-none-eabi/lib/thumb/v7e-m+fp/hard/libc_nano.a(lib_a-sbrkr.o)
 .debug_frame   0x00000000000023a8       0x30 /usr/lib/gcc/arm-none-eabi/8.3.0/../../../../arm-none-eabi/lib/thumb/v7e-m+fp/hard/libc_nano.a(lib_a-mlock.o)
 .debug_frame   0x00000000000023d8       0x20 /usr/lib/gcc/arm-none-eabi/8.3.0/../../../../arm-none-eabi/lib/thumb/v7e-m+fp/hard/libc_nano.a(lib_a-nano-msizer.o)
 .debug_frame   0x00000000000023f8       0x5c /usr/lib/gcc/arm-none-eabi/8.3.0/../../../../arm-none-eabi/lib/thumb/v7e-m+fp/hard/libc_nano.a(lib_a-reent.o)
 .debug_frame   0x0000000000002454       0x20 /usr/lib/gcc/arm-none-eabi/8.3.0/../../../../arm-none-eabi/lib/thumb/v7e-m+fp/hard/libnosys.a(sbrk.o)
 .debug_frame   0x0000000000002474       0x2c /usr/lib/gcc/arm-none-eabi/8.3.0/thumb/v7e-m+fp/hard/libgcc.a(_aeabi_uldivmod.o)
 .debug_frame   0x00000000000024a0       0x38 /usr/lib/gcc/arm-none-eabi/8.3.0/thumb/v7e-m+fp/hard/libgcc.a(_udivmoddi4.o)

Cross Reference Table

Symbol                                            File
ADC1_2_IRQHandler                                 build/startup_stm32l476xx.o
ADC3_IRQHandler                                   build/startup_stm32l476xx.o
AHBPrescTable                                     build/system_stm32l4xx.o
                                                  build/stm32l4xx_hal_rcc.o
APBPrescTable                                     build/system_stm32l4xx.o
                                                  build/stm32l4xx_hal_rcc.o
BusFault_Handler                                  build/stm32l4xx_it.o
CAN1_RX0_IRQHandler                               build/startup_stm32l476xx.o
CAN1_RX1_IRQHandler                               build/startup_stm32l476xx.o
CAN1_SCE_IRQHandler                               build/startup_stm32l476xx.o
CAN1_TX_IRQHandler                                build/startup_stm32l476xx.o
COMP_IRQHandler                                   build/startup_stm32l476xx.o
DFSDM1_FLT0_IRQHandler                            build/startup_stm32l476xx.o
DFSDM1_FLT1_IRQHandler                            build/startup_stm32l476xx.o
DFSDM1_FLT2_IRQHandler                            build/startup_stm32l476xx.o
DFSDM1_FLT3_IRQHandler                            build/startup_stm32l476xx.o
DMA1_Channel1_IRQHandler                          build/startup_stm32l476xx.o
DMA1_Channel2_IRQHandler                          build/startup_stm32l476xx.o
DMA1_Channel3_IRQHandler                          build/startup_stm32l476xx.o
DMA1_Channel4_IRQHandler                          build/startup_stm32l476xx.o
DMA1_Channel5_IRQHandler                          build/startup_stm32l476xx.o
DMA1_Channel6_IRQHandler                          build/stm32l4xx_it.o
DMA1_Channel7_IRQHandler                          build/stm32l4xx_it.o
DMA2_Channel1_IRQHandler                          build/startup_stm32l476xx.o
DMA2_Channel2_IRQHandler                          build/startup_stm32l476xx.o
DMA2_Channel3_IRQHandler                          build/startup_stm32l476xx.o
DMA2_Channel4_IRQHandler                          build/startup_stm32l476xx.o
DMA2_Channel5_IRQHandler                          build/startup_stm32l476xx.o
DMA2_Channel6_IRQHandler                          build/startup_stm32l476xx.o
DMA2_Channel7_IRQHandler                          build/startup_stm32l476xx.o
DebugMon_Handler                                  build/stm32l4xx_it.o
Default_Handler                                   build/startup_stm32l476xx.o
EXTI0_IRQHandler                                  build/startup_stm32l476xx.o
EXTI15_10_IRQHandler                              build/startup_stm32l476xx.o
EXTI1_IRQHandler                                  build/startup_stm32l476xx.o
EXTI2_IRQHandler                                  build/startup_stm32l476xx.o
EXTI3_IRQHandler                                  build/startup_stm32l476xx.o
EXTI4_IRQHandler                                  build/startup_stm32l476xx.o
EXTI9_5_IRQHandler                                build/startup_stm32l476xx.o
Error_Handler                                     build/main.o
                                                  build/usart.o
                                                  build/i2c.o
FLASH_FlushCaches                                 build/stm32l4xx_hal_flash_ex.o
                                                  build/stm32l4xx_hal_flash.o
FLASH_IRQHandler                                  build/startup_stm32l476xx.o
FLASH_PageErase                                   build/stm32l4xx_hal_flash_ex.o
                                                  build/stm32l4xx_hal_flash.o
FLASH_WaitForLastOperation                        build/stm32l4xx_hal_flash.o
                                                  build/stm32l4xx_hal_flash_ex.o
FMC_IRQHandler                                    build/startup_stm32l476xx.o
FPU_IRQHandler                                    build/startup_stm32l476xx.o
HAL_DBGMCU_DisableDBGSleepMode                    build/stm32l4xx_hal.o
HAL_DBGMCU_DisableDBGStandbyMode                  build/stm32l4xx_hal.o
HAL_DBGMCU_DisableDBGStopMode                     build/stm32l4xx_hal.o
HAL_DBGMCU_EnableDBGSleepMode                     build/stm32l4xx_hal.o
HAL_DBGMCU_EnableDBGStandbyMode                   build/stm32l4xx_hal.o
HAL_DBGMCU_EnableDBGStopMode                      build/stm32l4xx_hal.o
HAL_DMA_Abort                                     build/stm32l4xx_hal_dma.o
                                                  build/stm32l4xx_hal_uart.o
HAL_DMA_Abort_IT                                  build/stm32l4xx_hal_dma.o
                                                  build/stm32l4xx_hal_uart.o
                                                  build/stm32l4xx_hal_i2c.o
HAL_DMA_DeInit                                    build/stm32l4xx_hal_dma.o
                                                  build/i2c.o
HAL_DMA_GetError                                  build/stm32l4xx_hal_dma.o
                                                  build/stm32l4xx_hal_uart.o
HAL_DMA_GetState                                  build/stm32l4xx_hal_dma.o
HAL_DMA_IRQHandler                                build/stm32l4xx_hal_dma.o
                                                  build/stm32l4xx_it.o
HAL_DMA_Init                                      build/stm32l4xx_hal_dma.o
                                                  build/i2c.o
HAL_DMA_PollForTransfer                           build/stm32l4xx_hal_dma.o
HAL_DMA_RegisterCallback                          build/stm32l4xx_hal_dma.o
HAL_DMA_Start                                     build/stm32l4xx_hal_dma.o
HAL_DMA_Start_IT                                  build/stm32l4xx_hal_dma.o
                                                  build/stm32l4xx_hal_uart.o
                                                  build/stm32l4xx_hal_i2c.o
HAL_DMA_UnRegisterCallback                        build/stm32l4xx_hal_dma.o
HAL_DeInit                                        build/stm32l4xx_hal.o
HAL_Delay                                         build/stm32l4xx_hal.o
                                                  build/main.o
HAL_EXTI_ClearConfigLine                          build/stm32l4xx_hal_exti.o
HAL_EXTI_ClearPending                             build/stm32l4xx_hal_exti.o
HAL_EXTI_GenerateSWI                              build/stm32l4xx_hal_exti.o
HAL_EXTI_GetConfigLine                            build/stm32l4xx_hal_exti.o
HAL_EXTI_GetHandle                                build/stm32l4xx_hal_exti.o
HAL_EXTI_GetPending                               build/stm32l4xx_hal_exti.o
HAL_EXTI_IRQHandler                               build/stm32l4xx_hal_exti.o
HAL_EXTI_RegisterCallback                         build/stm32l4xx_hal_exti.o
HAL_EXTI_SetConfigLine                            build/stm32l4xx_hal_exti.o
HAL_FLASHEx_DisableRunPowerDown                   build/stm32l4xx_hal_flash_ramfunc.o
HAL_FLASHEx_EnableRunPowerDown                    build/stm32l4xx_hal_flash_ramfunc.o
HAL_FLASHEx_Erase                                 build/stm32l4xx_hal_flash_ex.o
HAL_FLASHEx_Erase_IT                              build/stm32l4xx_hal_flash_ex.o
HAL_FLASHEx_OBGetConfig                           build/stm32l4xx_hal_flash_ex.o
HAL_FLASHEx_OBProgram                             build/stm32l4xx_hal_flash_ex.o
HAL_FLASH_EndOfOperationCallback                  build/stm32l4xx_hal_flash.o
HAL_FLASH_GetError                                build/stm32l4xx_hal_flash.o
HAL_FLASH_IRQHandler                              build/stm32l4xx_hal_flash.o
HAL_FLASH_Lock                                    build/stm32l4xx_hal_flash.o
HAL_FLASH_OB_Launch                               build/stm32l4xx_hal_flash.o
HAL_FLASH_OB_Lock                                 build/stm32l4xx_hal_flash.o
HAL_FLASH_OB_Unlock                               build/stm32l4xx_hal_flash.o
HAL_FLASH_OperationErrorCallback                  build/stm32l4xx_hal_flash.o
HAL_FLASH_Program                                 build/stm32l4xx_hal_flash.o
HAL_FLASH_Program_IT                              build/stm32l4xx_hal_flash.o
HAL_FLASH_Unlock                                  build/stm32l4xx_hal_flash.o
HAL_GPIO_DeInit                                   build/stm32l4xx_hal_gpio.o
                                                  build/usart.o
                                                  build/i2c.o
HAL_GPIO_EXTI_Callback                            build/stm32l4xx_hal_gpio.o
HAL_GPIO_EXTI_IRQHandler                          build/stm32l4xx_hal_gpio.o
HAL_GPIO_Init                                     build/stm32l4xx_hal_gpio.o
                                                  build/stm32l4xx_hal_rcc_ex.o
                                                  build/stm32l4xx_hal_rcc.o
                                                  build/usart.o
                                                  build/i2c.o
                                                  build/gpio.o
HAL_GPIO_LockPin                                  build/stm32l4xx_hal_gpio.o
HAL_GPIO_ReadPin                                  build/stm32l4xx_hal_gpio.o
HAL_GPIO_TogglePin                                build/stm32l4xx_hal_gpio.o
HAL_GPIO_WritePin                                 build/stm32l4xx_hal_gpio.o
                                                  build/gpio.o
HAL_GetDEVID                                      build/stm32l4xx_hal.o
HAL_GetHalVersion                                 build/stm32l4xx_hal.o
HAL_GetREVID                                      build/stm32l4xx_hal.o
HAL_GetTick                                       build/stm32l4xx_hal.o
                                                  build/stm32l4xx_hal_dma.o
                                                  build/stm32l4xx_hal_flash.o
                                                  build/stm32l4xx_hal_rcc_ex.o
                                                  build/stm32l4xx_hal_rcc.o
                                                  build/stm32l4xx_hal_uart_ex.o
                                                  build/stm32l4xx_hal_uart.o
                                                  build/stm32l4xx_hal_i2c.o
HAL_GetTickFreq                                   build/stm32l4xx_hal.o
HAL_GetTickPrio                                   build/stm32l4xx_hal.o
HAL_GetUIDw0                                      build/stm32l4xx_hal.o
HAL_GetUIDw1                                      build/stm32l4xx_hal.o
HAL_GetUIDw2                                      build/stm32l4xx_hal.o
HAL_HalfDuplex_EnableReceiver                     build/stm32l4xx_hal_uart.o
HAL_HalfDuplex_EnableTransmitter                  build/stm32l4xx_hal_uart.o
HAL_HalfDuplex_Init                               build/stm32l4xx_hal_uart.o
HAL_I2CEx_ConfigAnalogFilter                      build/stm32l4xx_hal_i2c_ex.o
                                                  build/i2c.o
HAL_I2CEx_ConfigDigitalFilter                     build/stm32l4xx_hal_i2c_ex.o
                                                  build/i2c.o
HAL_I2CEx_DisableFastModePlus                     build/stm32l4xx_hal_i2c_ex.o
HAL_I2CEx_DisableWakeUp                           build/stm32l4xx_hal_i2c_ex.o
HAL_I2CEx_EnableFastModePlus                      build/stm32l4xx_hal_i2c_ex.o
HAL_I2CEx_EnableWakeUp                            build/stm32l4xx_hal_i2c_ex.o
HAL_I2C_AbortCpltCallback                         build/stm32l4xx_hal_i2c.o
HAL_I2C_AddrCallback                              build/stm32l4xx_hal_i2c.o
HAL_I2C_DeInit                                    build/stm32l4xx_hal_i2c.o
HAL_I2C_DisableListen_IT                          build/stm32l4xx_hal_i2c.o
HAL_I2C_ER_IRQHandler                             build/stm32l4xx_hal_i2c.o
HAL_I2C_EV_IRQHandler                             build/stm32l4xx_hal_i2c.o
                                                  build/stm32l4xx_it.o
HAL_I2C_EnableListen_IT                           build/stm32l4xx_hal_i2c.o
HAL_I2C_ErrorCallback                             build/stm32l4xx_hal_i2c.o
HAL_I2C_GetError                                  build/stm32l4xx_hal_i2c.o
HAL_I2C_GetMode                                   build/stm32l4xx_hal_i2c.o
HAL_I2C_GetState                                  build/stm32l4xx_hal_i2c.o
HAL_I2C_Init                                      build/stm32l4xx_hal_i2c.o
                                                  build/i2c.o
HAL_I2C_IsDeviceReady                             build/stm32l4xx_hal_i2c.o
HAL_I2C_ListenCpltCallback                        build/stm32l4xx_hal_i2c.o
HAL_I2C_MasterRxCpltCallback                      build/stm32l4xx_hal_i2c.o
HAL_I2C_MasterTxCpltCallback                      build/stm32l4xx_hal_i2c.o
HAL_I2C_Master_Abort_IT                           build/stm32l4xx_hal_i2c.o
HAL_I2C_Master_Receive                            build/stm32l4xx_hal_i2c.o
HAL_I2C_Master_Receive_DMA                        build/stm32l4xx_hal_i2c.o
HAL_I2C_Master_Receive_IT                         build/stm32l4xx_hal_i2c.o
HAL_I2C_Master_Seq_Receive_DMA                    build/stm32l4xx_hal_i2c.o
HAL_I2C_Master_Seq_Receive_IT                     build/stm32l4xx_hal_i2c.o
HAL_I2C_Master_Seq_Transmit_DMA                   build/stm32l4xx_hal_i2c.o
HAL_I2C_Master_Seq_Transmit_IT                    build/stm32l4xx_hal_i2c.o
HAL_I2C_Master_Transmit                           build/stm32l4xx_hal_i2c.o
HAL_I2C_Master_Transmit_DMA                       build/stm32l4xx_hal_i2c.o
HAL_I2C_Master_Transmit_IT                        build/stm32l4xx_hal_i2c.o
HAL_I2C_MemRxCpltCallback                         build/main.o
HAL_I2C_MemTxCpltCallback                         build/stm32l4xx_hal_i2c.o
HAL_I2C_Mem_Read                                  build/stm32l4xx_hal_i2c.o
HAL_I2C_Mem_Read_DMA                              build/stm32l4xx_hal_i2c.o
                                                  build/main.o
HAL_I2C_Mem_Read_IT                               build/stm32l4xx_hal_i2c.o
HAL_I2C_Mem_Write                                 build/stm32l4xx_hal_i2c.o
HAL_I2C_Mem_Write_DMA                             build/stm32l4xx_hal_i2c.o
HAL_I2C_Mem_Write_IT                              build/stm32l4xx_hal_i2c.o
HAL_I2C_MspDeInit                                 build/i2c.o
HAL_I2C_MspInit                                   build/i2c.o
HAL_I2C_SlaveRxCpltCallback                       build/stm32l4xx_hal_i2c.o
HAL_I2C_SlaveTxCpltCallback                       build/stm32l4xx_hal_i2c.o
HAL_I2C_Slave_Receive                             build/stm32l4xx_hal_i2c.o
HAL_I2C_Slave_Receive_DMA                         build/stm32l4xx_hal_i2c.o
HAL_I2C_Slave_Receive_IT                          build/stm32l4xx_hal_i2c.o
HAL_I2C_Slave_Seq_Receive_DMA                     build/stm32l4xx_hal_i2c.o
HAL_I2C_Slave_Seq_Receive_IT                      build/stm32l4xx_hal_i2c.o
HAL_I2C_Slave_Seq_Transmit_DMA                    build/stm32l4xx_hal_i2c.o
HAL_I2C_Slave_Seq_Transmit_IT                     build/stm32l4xx_hal_i2c.o
HAL_I2C_Slave_Transmit                            build/stm32l4xx_hal_i2c.o
HAL_I2C_Slave_Transmit_DMA                        build/stm32l4xx_hal_i2c.o
HAL_I2C_Slave_Transmit_IT                         build/stm32l4xx_hal_i2c.o
HAL_IncTick                                       build/stm32l4xx_hal.o
                                                  build/stm32l4xx_it.o
HAL_Init                                          build/stm32l4xx_hal.o
                                                  build/main.o
HAL_InitTick                                      build/stm32l4xx_hal.o
                                                  build/stm32l4xx_hal_rcc.o
HAL_LIN_Init                                      build/stm32l4xx_hal_uart.o
HAL_LIN_SendBreak                                 build/stm32l4xx_hal_uart.o
HAL_MPU_ConfigRegion                              build/stm32l4xx_hal_cortex.o
HAL_MPU_Disable                                   build/stm32l4xx_hal_cortex.o
HAL_MPU_Enable                                    build/stm32l4xx_hal_cortex.o
HAL_MspDeInit                                     build/stm32l4xx_hal.o
HAL_MspInit                                       build/stm32l4xx_hal_msp.o
HAL_MultiProcessorEx_AddressLength_Set            build/stm32l4xx_hal_uart_ex.o
HAL_MultiProcessor_DisableMuteMode                build/stm32l4xx_hal_uart.o
HAL_MultiProcessor_EnableMuteMode                 build/stm32l4xx_hal_uart.o
HAL_MultiProcessor_EnterMuteMode                  build/stm32l4xx_hal_uart.o
HAL_MultiProcessor_Init                           build/stm32l4xx_hal_uart.o
HAL_NVIC_ClearPendingIRQ                          build/stm32l4xx_hal_cortex.o
HAL_NVIC_DisableIRQ                               build/stm32l4xx_hal_cortex.o
                                                  build/i2c.o
HAL_NVIC_EnableIRQ                                build/stm32l4xx_hal_cortex.o
                                                  build/i2c.o
                                                  build/dma.o
HAL_NVIC_GetActive                                build/stm32l4xx_hal_cortex.o
HAL_NVIC_GetPendingIRQ                            build/stm32l4xx_hal_cortex.o
HAL_NVIC_GetPriority                              build/stm32l4xx_hal_cortex.o
HAL_NVIC_GetPriorityGrouping                      build/stm32l4xx_hal_cortex.o
HAL_NVIC_SetPendingIRQ                            build/stm32l4xx_hal_cortex.o
HAL_NVIC_SetPriority                              build/stm32l4xx_hal_cortex.o
                                                  build/stm32l4xx_hal.o
                                                  build/i2c.o
                                                  build/dma.o
HAL_NVIC_SetPriorityGrouping                      build/stm32l4xx_hal_cortex.o
                                                  build/stm32l4xx_hal.o
HAL_NVIC_SystemReset                              build/stm32l4xx_hal_cortex.o
HAL_PWREx_ConfigPVM                               build/stm32l4xx_hal_pwr_ex.o
HAL_PWREx_ControlVoltageScaling                   build/stm32l4xx_hal_pwr_ex.o
                                                  build/main.o
HAL_PWREx_DisableBatteryCharging                  build/stm32l4xx_hal_pwr_ex.o
HAL_PWREx_DisableGPIOPullDown                     build/stm32l4xx_hal_pwr_ex.o
HAL_PWREx_DisableGPIOPullUp                       build/stm32l4xx_hal_pwr_ex.o
HAL_PWREx_DisableInternalWakeUpLine               build/stm32l4xx_hal_pwr_ex.o
HAL_PWREx_DisableLowPowerRunMode                  build/stm32l4xx_hal_pwr_ex.o
                                                  build/stm32l4xx_hal_pwr.o
HAL_PWREx_DisablePVM1                             build/stm32l4xx_hal_pwr_ex.o
HAL_PWREx_DisablePVM2                             build/stm32l4xx_hal_pwr_ex.o
HAL_PWREx_DisablePVM3                             build/stm32l4xx_hal_pwr_ex.o
HAL_PWREx_DisablePVM4                             build/stm32l4xx_hal_pwr_ex.o
HAL_PWREx_DisablePullUpPullDownConfig             build/stm32l4xx_hal_pwr_ex.o
HAL_PWREx_DisableSRAM2ContentRetention            build/stm32l4xx_hal_pwr_ex.o
HAL_PWREx_DisableVddIO2                           build/stm32l4xx_hal_pwr_ex.o
HAL_PWREx_DisableVddUSB                           build/stm32l4xx_hal_pwr_ex.o
HAL_PWREx_EnableBatteryCharging                   build/stm32l4xx_hal_pwr_ex.o
HAL_PWREx_EnableGPIOPullDown                      build/stm32l4xx_hal_pwr_ex.o
HAL_PWREx_EnableGPIOPullUp                        build/stm32l4xx_hal_pwr_ex.o
HAL_PWREx_EnableInternalWakeUpLine                build/stm32l4xx_hal_pwr_ex.o
HAL_PWREx_EnableLowPowerRunMode                   build/stm32l4xx_hal_pwr_ex.o
                                                  build/stm32l4xx_hal_pwr.o
HAL_PWREx_EnablePVM1                              build/stm32l4xx_hal_pwr_ex.o
HAL_PWREx_EnablePVM2                              build/stm32l4xx_hal_pwr_ex.o
HAL_PWREx_EnablePVM3                              build/stm32l4xx_hal_pwr_ex.o
HAL_PWREx_EnablePVM4                              build/stm32l4xx_hal_pwr_ex.o
HAL_PWREx_EnablePullUpPullDownConfig              build/stm32l4xx_hal_pwr_ex.o
HAL_PWREx_EnableSRAM2ContentRetention             build/stm32l4xx_hal_pwr_ex.o
HAL_PWREx_EnableVddIO2                            build/stm32l4xx_hal_pwr_ex.o
HAL_PWREx_EnableVddUSB                            build/stm32l4xx_hal_pwr_ex.o
HAL_PWREx_EnterSHUTDOWNMode                       build/stm32l4xx_hal_pwr_ex.o
HAL_PWREx_EnterSTOP0Mode                          build/stm32l4xx_hal_pwr_ex.o
                                                  build/stm32l4xx_hal_pwr.o
HAL_PWREx_EnterSTOP1Mode                          build/stm32l4xx_hal_pwr_ex.o
                                                  build/stm32l4xx_hal_pwr.o
HAL_PWREx_EnterSTOP2Mode                          build/stm32l4xx_hal_pwr_ex.o
HAL_PWREx_GetVoltageRange                         build/stm32l4xx_hal_pwr_ex.o
                                                  build/stm32l4xx_hal_rcc.o
HAL_PWREx_PVD_PVM_IRQHandler                      build/stm32l4xx_hal_pwr_ex.o
HAL_PWREx_PVM1Callback                            build/stm32l4xx_hal_pwr_ex.o
HAL_PWREx_PVM2Callback                            build/stm32l4xx_hal_pwr_ex.o
HAL_PWREx_PVM3Callback                            build/stm32l4xx_hal_pwr_ex.o
HAL_PWREx_PVM4Callback                            build/stm32l4xx_hal_pwr_ex.o
HAL_PWR_ConfigPVD                                 build/stm32l4xx_hal_pwr.o
HAL_PWR_DeInit                                    build/stm32l4xx_hal_pwr.o
HAL_PWR_DisableBkUpAccess                         build/stm32l4xx_hal_pwr.o
                                                  build/stm32l4xx_hal_rcc_ex.o
HAL_PWR_DisablePVD                                build/stm32l4xx_hal_pwr.o
HAL_PWR_DisableSEVOnPend                          build/stm32l4xx_hal_pwr.o
HAL_PWR_DisableSleepOnExit                        build/stm32l4xx_hal_pwr.o
HAL_PWR_DisableWakeUpPin                          build/stm32l4xx_hal_pwr.o
HAL_PWR_EnableBkUpAccess                          build/stm32l4xx_hal_pwr.o
                                                  build/stm32l4xx_hal_rcc_ex.o
HAL_PWR_EnablePVD                                 build/stm32l4xx_hal_pwr.o
HAL_PWR_EnableSEVOnPend                           build/stm32l4xx_hal_pwr.o
HAL_PWR_EnableSleepOnExit                         build/stm32l4xx_hal_pwr.o
HAL_PWR_EnableWakeUpPin                           build/stm32l4xx_hal_pwr.o
HAL_PWR_EnterSLEEPMode                            build/stm32l4xx_hal_pwr.o
HAL_PWR_EnterSTANDBYMode                          build/stm32l4xx_hal_pwr.o
HAL_PWR_EnterSTOPMode                             build/stm32l4xx_hal_pwr.o
HAL_PWR_PVDCallback                               build/stm32l4xx_hal_pwr.o
                                                  build/stm32l4xx_hal_pwr_ex.o
HAL_RCCEx_DisableLSCO                             build/stm32l4xx_hal_rcc_ex.o
HAL_RCCEx_DisableLSECSS                           build/stm32l4xx_hal_rcc_ex.o
HAL_RCCEx_DisableMSIPLLMode                       build/stm32l4xx_hal_rcc_ex.o
HAL_RCCEx_DisablePLLSAI1                          build/stm32l4xx_hal_rcc_ex.o
HAL_RCCEx_DisablePLLSAI2                          build/stm32l4xx_hal_rcc_ex.o
HAL_RCCEx_EnableLSCO                              build/stm32l4xx_hal_rcc_ex.o
HAL_RCCEx_EnableLSECSS                            build/stm32l4xx_hal_rcc_ex.o
HAL_RCCEx_EnableLSECSS_IT                         build/stm32l4xx_hal_rcc_ex.o
HAL_RCCEx_EnableMSIPLLMode                        build/stm32l4xx_hal_rcc_ex.o
HAL_RCCEx_EnablePLLSAI1                           build/stm32l4xx_hal_rcc_ex.o
HAL_RCCEx_EnablePLLSAI2                           build/stm32l4xx_hal_rcc_ex.o
HAL_RCCEx_GetPeriphCLKConfig                      build/stm32l4xx_hal_rcc_ex.o
HAL_RCCEx_GetPeriphCLKFreq                        build/stm32l4xx_hal_rcc_ex.o
HAL_RCCEx_LSECSS_Callback                         build/stm32l4xx_hal_rcc_ex.o
HAL_RCCEx_LSECSS_IRQHandler                       build/stm32l4xx_hal_rcc_ex.o
HAL_RCCEx_PeriphCLKConfig                         build/stm32l4xx_hal_rcc_ex.o
                                                  build/main.o
HAL_RCCEx_StandbyMSIRangeConfig                   build/stm32l4xx_hal_rcc_ex.o
HAL_RCCEx_WakeUpStopCLKConfig                     build/stm32l4xx_hal_rcc_ex.o
HAL_RCC_CSSCallback                               build/stm32l4xx_hal_rcc.o
HAL_RCC_ClockConfig                               build/stm32l4xx_hal_rcc.o
                                                  build/main.o
HAL_RCC_DeInit                                    build/stm32l4xx_hal_rcc.o
HAL_RCC_EnableCSS                                 build/stm32l4xx_hal_rcc.o
HAL_RCC_GetClockConfig                            build/stm32l4xx_hal_rcc.o
HAL_RCC_GetHCLKFreq                               build/stm32l4xx_hal_rcc.o
HAL_RCC_GetOscConfig                              build/stm32l4xx_hal_rcc.o
HAL_RCC_GetPCLK1Freq                              build/stm32l4xx_hal_rcc.o
                                                  build/stm32l4xx_hal_rcc_ex.o
                                                  build/stm32l4xx_hal_uart.o
HAL_RCC_GetPCLK2Freq                              build/stm32l4xx_hal_rcc.o
                                                  build/stm32l4xx_hal_rcc_ex.o
                                                  build/stm32l4xx_hal_uart.o
HAL_RCC_GetSysClockFreq                           build/stm32l4xx_hal_rcc.o
                                                  build/stm32l4xx_hal_rcc_ex.o
                                                  build/stm32l4xx_hal_uart.o
HAL_RCC_MCOConfig                                 build/stm32l4xx_hal_rcc.o
HAL_RCC_NMI_IRQHandler                            build/stm32l4xx_hal_rcc.o
HAL_RCC_OscConfig                                 build/stm32l4xx_hal_rcc.o
                                                  build/main.o
HAL_RS485Ex_Init                                  build/stm32l4xx_hal_uart_ex.o
HAL_ResumeTick                                    build/stm32l4xx_hal.o
HAL_SYSCFG_DisableIOAnalogSwitchBooster           build/stm32l4xx_hal.o
HAL_SYSCFG_DisableMemorySwappingBank              build/stm32l4xx_hal.o
HAL_SYSCFG_DisableVREFBUF                         build/stm32l4xx_hal.o
HAL_SYSCFG_EnableIOAnalogSwitchBooster            build/stm32l4xx_hal.o
HAL_SYSCFG_EnableMemorySwappingBank               build/stm32l4xx_hal.o
HAL_SYSCFG_EnableVREFBUF                          build/stm32l4xx_hal.o
HAL_SYSCFG_SRAM2Erase                             build/stm32l4xx_hal.o
HAL_SYSCFG_VREFBUF_HighImpedanceConfig            build/stm32l4xx_hal.o
HAL_SYSCFG_VREFBUF_TrimmingConfig                 build/stm32l4xx_hal.o
HAL_SYSCFG_VREFBUF_VoltageScalingConfig           build/stm32l4xx_hal.o
HAL_SYSTICK_CLKSourceConfig                       build/stm32l4xx_hal_cortex.o
HAL_SYSTICK_Callback                              build/stm32l4xx_hal_cortex.o
HAL_SYSTICK_Config                                build/stm32l4xx_hal_cortex.o
                                                  build/stm32l4xx_hal.o
HAL_SYSTICK_IRQHandler                            build/stm32l4xx_hal_cortex.o
HAL_SetTickFreq                                   build/stm32l4xx_hal.o
HAL_SuspendTick                                   build/stm32l4xx_hal.o
HAL_UARTEx_DisableClockStopMode                   build/stm32l4xx_hal_uart_ex.o
HAL_UARTEx_DisableStopMode                        build/stm32l4xx_hal_uart_ex.o
HAL_UARTEx_EnableClockStopMode                    build/stm32l4xx_hal_uart_ex.o
HAL_UARTEx_EnableStopMode                         build/stm32l4xx_hal_uart_ex.o
HAL_UARTEx_StopModeWakeUpSourceConfig             build/stm32l4xx_hal_uart_ex.o
HAL_UARTEx_WakeupCallback                         build/stm32l4xx_hal_uart_ex.o
                                                  build/stm32l4xx_hal_uart.o
HAL_UART_Abort                                    build/stm32l4xx_hal_uart.o
HAL_UART_AbortCpltCallback                        build/stm32l4xx_hal_uart.o
HAL_UART_AbortReceive                             build/stm32l4xx_hal_uart.o
HAL_UART_AbortReceiveCpltCallback                 build/stm32l4xx_hal_uart.o
HAL_UART_AbortReceive_IT                          build/stm32l4xx_hal_uart.o
HAL_UART_AbortTransmit                            build/stm32l4xx_hal_uart.o
HAL_UART_AbortTransmitCpltCallback                build/stm32l4xx_hal_uart.o
HAL_UART_AbortTransmit_IT                         build/stm32l4xx_hal_uart.o
HAL_UART_Abort_IT                                 build/stm32l4xx_hal_uart.o
HAL_UART_DMAPause                                 build/stm32l4xx_hal_uart.o
HAL_UART_DMAResume                                build/stm32l4xx_hal_uart.o
HAL_UART_DMAStop                                  build/stm32l4xx_hal_uart.o
HAL_UART_DeInit                                   build/stm32l4xx_hal_uart.o
HAL_UART_ErrorCallback                            build/stm32l4xx_hal_uart.o
HAL_UART_GetError                                 build/stm32l4xx_hal_uart.o
HAL_UART_GetState                                 build/stm32l4xx_hal_uart.o
HAL_UART_IRQHandler                               build/stm32l4xx_hal_uart.o
HAL_UART_Init                                     build/stm32l4xx_hal_uart.o
                                                  build/usart.o
HAL_UART_MspDeInit                                build/usart.o
HAL_UART_MspInit                                  build/usart.o
                                                  build/stm32l4xx_hal_uart_ex.o
HAL_UART_Receive                                  build/stm32l4xx_hal_uart.o
HAL_UART_Receive_DMA                              build/stm32l4xx_hal_uart.o
HAL_UART_Receive_IT                               build/stm32l4xx_hal_uart.o
HAL_UART_RxCpltCallback                           build/stm32l4xx_hal_uart.o
HAL_UART_RxHalfCpltCallback                       build/stm32l4xx_hal_uart.o
HAL_UART_Transmit                                 build/stm32l4xx_hal_uart.o
                                                  build/main.o
HAL_UART_Transmit_DMA                             build/stm32l4xx_hal_uart.o
HAL_UART_Transmit_IT                              build/stm32l4xx_hal_uart.o
HAL_UART_TxCpltCallback                           build/stm32l4xx_hal_uart.o
HAL_UART_TxHalfCpltCallback                       build/stm32l4xx_hal_uart.o
HardFault_Handler                                 build/stm32l4xx_it.o
I2C1_ER_IRQHandler                                build/startup_stm32l476xx.o
I2C1_EV_IRQHandler                                build/stm32l4xx_it.o
I2C2_ER_IRQHandler                                build/startup_stm32l476xx.o
I2C2_EV_IRQHandler                                build/startup_stm32l476xx.o
I2C3_ER_IRQHandler                                build/startup_stm32l476xx.o
I2C3_EV_IRQHandler                                build/startup_stm32l476xx.o
LCD_IRQHandler                                    build/startup_stm32l476xx.o
LPTIM1_IRQHandler                                 build/startup_stm32l476xx.o
LPTIM2_IRQHandler                                 build/startup_stm32l476xx.o
LPUART1_IRQHandler                                build/startup_stm32l476xx.o
MSIRangeTable                                     build/system_stm32l4xx.o
                                                  build/stm32l4xx_hal_rcc_ex.o
                                                  build/stm32l4xx_hal_rcc.o
MX_DMA_Init                                       build/dma.o
                                                  build/main.o
MX_GPIO_Init                                      build/gpio.o
                                                  build/main.o
MX_I2C1_Init                                      build/i2c.o
                                                  build/main.o
MX_USART2_UART_Init                               build/usart.o
                                                  build/main.o
MemManage_Handler                                 build/stm32l4xx_it.o
NMI_Handler                                       build/stm32l4xx_it.o
OTG_FS_IRQHandler                                 build/startup_stm32l476xx.o
PVD_PVM_IRQHandler                                build/startup_stm32l476xx.o
PendSV_Handler                                    build/stm32l4xx_it.o
QUADSPI_IRQHandler                                build/startup_stm32l476xx.o
RCC_IRQHandler                                    build/startup_stm32l476xx.o
RNG_IRQHandler                                    build/startup_stm32l476xx.o
RTC_Alarm_IRQHandler                              build/startup_stm32l476xx.o
RTC_WKUP_IRQHandler                               build/startup_stm32l476xx.o
Reset_Handler                                     build/startup_stm32l476xx.o
SAI1_IRQHandler                                   build/startup_stm32l476xx.o
SAI2_IRQHandler                                   build/startup_stm32l476xx.o
SDMMC1_IRQHandler                                 build/startup_stm32l476xx.o
SPI1_IRQHandler                                   build/startup_stm32l476xx.o
SPI2_IRQHandler                                   build/startup_stm32l476xx.o
SPI3_IRQHandler                                   build/startup_stm32l476xx.o
SVC_Handler                                       build/stm32l4xx_it.o
SWPMI1_IRQHandler                                 build/startup_stm32l476xx.o
SysTick_Handler                                   build/stm32l4xx_it.o
SystemClock_Config                                build/main.o
SystemCoreClock                                   build/system_stm32l4xx.o
                                                  build/stm32l4xx_hal_pwr_ex.o
                                                  build/stm32l4xx_hal_rcc.o
                                                  build/stm32l4xx_hal.o
SystemCoreClockUpdate                             build/system_stm32l4xx.o
SystemInit                                        build/system_stm32l4xx.o
                                                  build/startup_stm32l476xx.o
TAMP_STAMP_IRQHandler                             build/startup_stm32l476xx.o
TIM1_BRK_TIM15_IRQHandler                         build/startup_stm32l476xx.o
TIM1_CC_IRQHandler                                build/startup_stm32l476xx.o
TIM1_TRG_COM_TIM17_IRQHandler                     build/startup_stm32l476xx.o
TIM1_UP_TIM16_IRQHandler                          build/startup_stm32l476xx.o
TIM2_IRQHandler                                   build/startup_stm32l476xx.o
TIM3_IRQHandler                                   build/startup_stm32l476xx.o
TIM4_IRQHandler                                   build/startup_stm32l476xx.o
TIM5_IRQHandler                                   build/startup_stm32l476xx.o
TIM6_DAC_IRQHandler                               build/startup_stm32l476xx.o
TIM7_IRQHandler                                   build/startup_stm32l476xx.o
TIM8_BRK_IRQHandler                               build/startup_stm32l476xx.o
TIM8_CC_IRQHandler                                build/startup_stm32l476xx.o
TIM8_TRG_COM_IRQHandler                           build/startup_stm32l476xx.o
TIM8_UP_IRQHandler                                build/startup_stm32l476xx.o
TSC_IRQHandler                                    build/startup_stm32l476xx.o
UART4_IRQHandler                                  build/startup_stm32l476xx.o