Archive member included to satisfy reference by file (symbol)

c:/program files (x86)/gnu tools arm embedded/7 2018-q2-update/bin/../lib/gcc/arm-none-eabi/7.3.1/../../../../arm-none-eabi/lib/thumb/v7e-m/fpv4-sp/hard\libc_nano.a(lib_a-exit.o)
                              c:/program files (x86)/gnu tools arm embedded/7 2018-q2-update/bin/../lib/gcc/arm-none-eabi/7.3.1/../../../../arm-none-eabi/lib/thumb/v7e-m/fpv4-sp/hard/crt0.o (exit)
c:/program files (x86)/gnu tools arm embedded/7 2018-q2-update/bin/../lib/gcc/arm-none-eabi/7.3.1/../../../../arm-none-eabi/lib/thumb/v7e-m/fpv4-sp/hard\libc_nano.a(lib_a-impure.o)
                              c:/program files (x86)/gnu tools arm embedded/7 2018-q2-update/bin/../lib/gcc/arm-none-eabi/7.3.1/../../../../arm-none-eabi/lib/thumb/v7e-m/fpv4-sp/hard\libc_nano.a(lib_a-exit.o) (_global_impure_ptr)
c:/program files (x86)/gnu tools arm embedded/7 2018-q2-update/bin/../lib/gcc/arm-none-eabi/7.3.1/../../../../arm-none-eabi/lib/thumb/v7e-m/fpv4-sp/hard\libc_nano.a(lib_a-init.o)
                              c:/program files (x86)/gnu tools arm embedded/7 2018-q2-update/bin/../lib/gcc/arm-none-eabi/7.3.1/../../../../arm-none-eabi/lib/thumb/v7e-m/fpv4-sp/hard/crt0.o (__libc_init_array)
c:/program files (x86)/gnu tools arm embedded/7 2018-q2-update/bin/../lib/gcc/arm-none-eabi/7.3.1/../../../../arm-none-eabi/lib/thumb/v7e-m/fpv4-sp/hard\libc_nano.a(lib_a-memset.o)
                              c:/program files (x86)/gnu tools arm embedded/7 2018-q2-update/bin/../lib/gcc/arm-none-eabi/7.3.1/../../../../arm-none-eabi/lib/thumb/v7e-m/fpv4-sp/hard/crt0.o (memset)
c:/program files (x86)/gnu tools arm embedded/7 2018-q2-update/bin/../lib/gcc/arm-none-eabi/7.3.1/../../../../arm-none-eabi/lib/thumb/v7e-m/fpv4-sp/hard\libc_nano.a(lib_a-sprintf.o)
                              build/main.o (sprintf)
c:/program files (x86)/gnu tools arm embedded/7 2018-q2-update/bin/../lib/gcc/arm-none-eabi/7.3.1/../../../../arm-none-eabi/lib/thumb/v7e-m/fpv4-sp/hard\libc_nano.a(lib_a-strlen.o)
                              build/main.o (strlen)
c:/program files (x86)/gnu tools arm embedded/7 2018-q2-update/bin/../lib/gcc/arm-none-eabi/7.3.1/../../../../arm-none-eabi/lib/thumb/v7e-m/fpv4-sp/hard\libc_nano.a(lib_a-nano-svfprintf.o)
                              c:/program files (x86)/gnu tools arm embedded/7 2018-q2-update/bin/../lib/gcc/arm-none-eabi/7.3.1/../../../../arm-none-eabi/lib/thumb/v7e-m/fpv4-sp/hard\libc_nano.a(lib_a-sprintf.o) (_svfprintf_r)
c:/program files (x86)/gnu tools arm embedded/7 2018-q2-update/bin/../lib/gcc/arm-none-eabi/7.3.1/../../../../arm-none-eabi/lib/thumb/v7e-m/fpv4-sp/hard\libc_nano.a(lib_a-nano-vfprintf_i.o)
                              c:/program files (x86)/gnu tools arm embedded/7 2018-q2-update/bin/../lib/gcc/arm-none-eabi/7.3.1/../../../../arm-none-eabi/lib/thumb/v7e-m/fpv4-sp/hard\libc_nano.a(lib_a-nano-svfprintf.o) (_printf_i)
c:/program files (x86)/gnu tools arm embedded/7 2018-q2-update/bin/../lib/gcc/arm-none-eabi/7.3.1/../../../../arm-none-eabi/lib/thumb/v7e-m/fpv4-sp/hard\libc_nano.a(lib_a-memchr.o)
                              c:/program files (x86)/gnu tools arm embedded/7 2018-q2-update/bin/../lib/gcc/arm-none-eabi/7.3.1/../../../../arm-none-eabi/lib/thumb/v7e-m/fpv4-sp/hard\libc_nano.a(lib_a-nano-svfprintf.o) (memchr)
c:/program files (x86)/gnu tools arm embedded/7 2018-q2-update/bin/../lib/gcc/arm-none-eabi/7.3.1/../../../../arm-none-eabi/lib/thumb/v7e-m/fpv4-sp/hard\libc_nano.a(lib_a-memcpy-stub.o)
                              c:/program files (x86)/gnu tools arm embedded/7 2018-q2-update/bin/../lib/gcc/arm-none-eabi/7.3.1/../../../../arm-none-eabi/lib/thumb/v7e-m/fpv4-sp/hard\libc_nano.a(lib_a-nano-svfprintf.o) (memcpy)
c:/program files (x86)/gnu tools arm embedded/7 2018-q2-update/bin/../lib/gcc/arm-none-eabi/7.3.1/../../../../arm-none-eabi/lib/thumb/v7e-m/fpv4-sp/hard\libc_nano.a(lib_a-memmove.o)
                              c:/program files (x86)/gnu tools arm embedded/7 2018-q2-update/bin/../lib/gcc/arm-none-eabi/7.3.1/../../../../arm-none-eabi/lib/thumb/v7e-m/fpv4-sp/hard\libc_nano.a(lib_a-nano-svfprintf.o) (memmove)
c:/program files (x86)/gnu tools arm embedded/7 2018-q2-update/bin/../lib/gcc/arm-none-eabi/7.3.1/../../../../arm-none-eabi/lib/thumb/v7e-m/fpv4-sp/hard\libc_nano.a(lib_a-nano-freer.o)
                              c:/program files (x86)/gnu tools arm embedded/7 2018-q2-update/bin/../lib/gcc/arm-none-eabi/7.3.1/../../../../arm-none-eabi/lib/thumb/v7e-m/fpv4-sp/hard\libc_nano.a(lib_a-nano-svfprintf.o) (_free_r)
c:/program files (x86)/gnu tools arm embedded/7 2018-q2-update/bin/../lib/gcc/arm-none-eabi/7.3.1/../../../../arm-none-eabi/lib/thumb/v7e-m/fpv4-sp/hard\libc_nano.a(lib_a-nano-mallocr.o)
                              c:/program files (x86)/gnu tools arm embedded/7 2018-q2-update/bin/../lib/gcc/arm-none-eabi/7.3.1/../../../../arm-none-eabi/lib/thumb/v7e-m/fpv4-sp/hard\libc_nano.a(lib_a-nano-svfprintf.o) (_malloc_r)
[...]
Memory Configuration

Name             Origin             Length             Attributes
RAM              0x20000000         0x00018000         xrw
RAM2             0x10000000         0x00008000         xrw
FLASH            0x08000000         0x00100000         xr
*default*        0x00000000         0xffffffff

Linker script and memory map

LOAD c:/program files (x86)/gnu tools arm embedded/7 2018-q2-update/bin/../lib/gcc/arm-none-eabi/7.3.1/thumb/v7e-m/fpv4-sp/hard/crti.o
LOAD c:/program files (x86)/gnu tools arm embedded/7 2018-q2-update/bin/../lib/gcc/arm-none-eabi/7.3.1/thumb/v7e-m/fpv4-sp/hard/crtbegin.o
LOAD c:/program files (x86)/gnu tools arm embedded/7 2018-q2-update/bin/../lib/gcc/arm-none-eabi/7.3.1/../../../../arm-none-eabi/lib/thumb/v7e-m/fpv4-sp/hard/crt0.o
LOAD build/main.o
LOAD build/gpio.o
LOAD build/dma.o
LOAD build/i2c.o
LOAD build/usart.o
LOAD build/stm32l4xx_it.o
LOAD build/stm32l4xx_hal_msp.o
LOAD build/stm32l4xx_hal_i2c.o
LOAD build/stm32l4xx_hal_i2c_ex.o
LOAD build/stm32l4xx_hal_tim.o
LOAD build/stm32l4xx_hal_tim_ex.o
LOAD build/stm32l4xx_hal_uart.o
LOAD build/stm32l4xx_hal_uart_ex.o
LOAD build/stm32l4xx_hal.o
LOAD build/stm32l4xx_hal_rcc.o
LOAD build/stm32l4xx_hal_rcc_ex.o
LOAD build/stm32l4xx_hal_flash.o
LOAD build/stm32l4xx_hal_flash_ex.o
LOAD build/stm32l4xx_hal_flash_ramfunc.o
LOAD build/stm32l4xx_hal_gpio.o
LOAD build/stm32l4xx_hal_dma.o
LOAD build/stm32l4xx_hal_dma_ex.o
LOAD build/stm32l4xx_hal_pwr.o
LOAD build/stm32l4xx_hal_pwr_ex.o
LOAD build/stm32l4xx_hal_cortex.o
LOAD build/stm32l4xx_hal_exti.o
LOAD build/system_stm32l4xx.o
LOAD build/startup_stm32l476xx.o
LOAD c:/program files (x86)/gnu tools arm embedded/7 2018-q2-update/bin/../lib/gcc/arm-none-eabi/7.3.1/../../../../arm-none-eabi/lib/thumb/v7e-m/fpv4-sp/hard\libc_nano.a
LOAD c:/program files (x86)/gnu tools arm embedded/7 2018-q2-update/bin/../lib/gcc/arm-none-eabi/7.3.1/../../../../arm-none-eabi/lib/thumb/v7e-m/fpv4-sp/hard\libm.a
LOAD c:/program files (x86)/gnu tools arm embedded/7 2018-q2-update/bin/../lib/gcc/arm-none-eabi/7.3.1/../../../../arm-none-eabi/lib/thumb/v7e-m/fpv4-sp/hard\libnosys.a
START GROUP
LOAD c:/program files (x86)/gnu tools arm embedded/7 2018-q2-update/bin/../lib/gcc/arm-none-eabi/7.3.1/thumb/v7e-m/fpv4-sp/hard\libgcc.a
LOAD c:/program files (x86)/gnu tools arm embedded/7 2018-q2-update/bin/../lib/gcc/arm-none-eabi/7.3.1/../../../../arm-none-eabi/lib/thumb/v7e-m/fpv4-sp/hard\libc_nano.a
END GROUP
START GROUP
LOAD c:/program files (x86)/gnu tools arm embedded/7 2018-q2-update/bin/../lib/gcc/arm-none-eabi/7.3.1/thumb/v7e-m/fpv4-sp/hard\libgcc.a
LOAD c:/program files (x86)/gnu tools arm embedded/7 2018-q2-update/bin/../lib/gcc/arm-none-eabi/7.3.1/../../../../arm-none-eabi/lib/thumb/v7e-m/fpv4-sp/hard\libc_nano.a
END GROUP
LOAD c:/program files (x86)/gnu tools arm embedded/7 2018-q2-update/bin/../lib/gcc/arm-none-eabi/7.3.1/thumb/v7e-m/fpv4-sp/hard/crtend.o
LOAD c:/program files (x86)/gnu tools arm embedded/7 2018-q2-update/bin/../lib/gcc/arm-none-eabi/7.3.1/thumb/v7e-m/fpv4-sp/hard/crtn.o
                0x20018000                _estack = 0x20018000
                0x00000200                _Min_Heap_Size = 0x200
                0x00000400                _Min_Stack_Size = 0x400

.isr_vector     0x08000000      0x188
                0x08000000                . = ALIGN (0x8)
 *(.isr_vector)
 .isr_vector    0x08000000      0x188 build/startup_stm32l476xx.o
                0x08000000                g_pfnVectors
                0x08000188                . = ALIGN (0x8)

.text           0x08000190     0x4d80
                0x08000190                . = ALIGN (0x8)
 *(.text)
 .text          0x08000190       0x40 c:/program files (x86)/gnu tools arm embedded/7 2018-q2-update/bin/../lib/gcc/arm-none-eabi/7.3.1/thumb/v7e-m/fpv4-sp/hard/crtbegin.o
 .text          0x080001d0       0x10 c:/program files (x86)/gnu tools arm embedded/7 2018-q2-update/bin/../lib/gcc/arm-none-eabi/7.3.1/../../../../arm-none-eabi/lib/thumb/v7e-m/fpv4-sp/hard\libc_nano.a(lib_a-strlen.o)
                0x080001d0                strlen
 .text          0x080001e0       0xa0 c:/program files (x86)/gnu tools arm embedded/7 2018-q2-update/bin/../lib/gcc/arm-none-eabi/7.3.1/../../../../arm-none-eabi/lib/thumb/v7e-m/fpv4-sp/hard\libc_nano.a(lib_a-memchr.o)
                0x080001e0                memchr
 .text          0x08000280      0x378 c:/program files (x86)/gnu tools arm embedded/7 2018-q2-update/bin/../lib/gcc/arm-none-eabi/7.3.1/thumb/v7e-m/fpv4-sp/hard\libgcc.a(_arm_addsubdf3.o)
                0x08000280                __aeabi_drsub
                0x08000288                __aeabi_dsub
                0x08000288                __subdf3
                0x0800028c                __aeabi_dadd
                0x0800028c                __adddf3
                0x08000504                __floatunsidf
                0x08000504                __aeabi_ui2d
                0x08000524                __floatsidf
                0x08000524                __aeabi_i2d
                0x08000548                __aeabi_f2d
                0x08000548                __extendsfdf2
                0x0800058c                __floatundidf
                0x0800058c                __aeabi_ul2d
                0x0800059c                __floatdidf
                0x0800059c                __aeabi_l2d
 .text          0x080005f8      0x424 c:/program files (x86)/gnu tools arm embedded/7 2018-q2-update/bin/../lib/gcc/arm-none-eabi/7.3.1/thumb/v7e-m/fpv4-sp/hard\libgcc.a(_arm_muldivdf3.o)
                0x080005f8                __aeabi_dmul
                0x080005f8                __muldf3
                0x0800084c                __divdf3
                0x0800084c                __aeabi_ddiv
 .text          0x08000a1c       0xa0 c:/program files (x86)/gnu tools arm embedded/7 2018-q2-update/bin/../lib/gcc/arm-none-eabi/7.3.1/thumb/v7e-m/fpv4-sp/hard\libgcc.a(_arm_truncdfsf2.o)
                0x08000a1c                __truncdfsf2
                0x08000a1c                __aeabi_d2f
 .text          0x08000abc       0x30 c:/program files (x86)/gnu tools arm embedded/7 2018-q2-update/bin/../lib/gcc/arm-none-eabi/7.3.1/thumb/v7e-m/fpv4-sp/hard\libgcc.a(_aeabi_uldivmod.o)
                0x08000abc                __aeabi_uldivmod
 .text          0x08000aec      0x2cc c:/program files (x86)/gnu tools arm embedded/7 2018-q2-update/bin/../lib/gcc/arm-none-eabi/7.3.1/thumb/v7e-m/fpv4-sp/hard\libgcc.a(_udivmoddi4.o)
                0x08000aec                __udivmoddi4
 .text          0x08000db8        0x4 c:/program files (x86)/gnu tools arm embedded/7 2018-q2-update/bin/../lib/gcc/arm-none-eabi/7.3.1/thumb/v7e-m/fpv4-sp/hard\libgcc.a(_dvmd_tls.o)
                0x08000db8                __aeabi_idiv0
                0x08000db8                __aeabi_ldiv0
 *(.text*)
 .text.SystemClock_Config
                0x08000dbc       0x7c build/main.o
                0x08000dbc                SystemClock_Config
 .text.BMX_Init
                0x08000e38       0xd0 build/main.o
                0x08000e38                BMX_Init
 .text.HAL_I2C_MemRxCpltCallback
                0x08000f08      0x2ac build/main.o
                0x08000f08                HAL_I2C_MemRxCpltCallback
 .text.Show_float
                0x080011b4       0xb0 build/main.o
                0x080011b4                Show_float
 .text.main     0x08001264       0xf0 build/main.o
                0x08001264                main
 .text.Error_Handler
                0x08001354        0x2 build/main.o
                0x08001354                Error_Handler
 *fill*         0x08001356        0x2 
 .text.MX_GPIO_Init
                0x08001358       0xa0 build/gpio.o
                0x08001358                MX_GPIO_Init
 .text.MX_DMA_Init
                0x080013f8       0x44 build/dma.o
                0x080013f8                MX_DMA_Init
 .text.MX_I2C1_Init
                0x0800143c       0x58 build/i2c.o
                0x0800143c                MX_I2C1_Init
 .text.HAL_I2C_MspInit
                0x08001494       0xec build/i2c.o
                0x08001494                HAL_I2C_MspInit
 .text.MX_USART2_UART_Init
                0x08001580       0x38 build/usart.o
                0x08001580                MX_USART2_UART_Init
 .text.HAL_UART_MspInit
                0x080015b8       0x68 build/usart.o
                0x080015b8                HAL_UART_MspInit
 .text.NMI_Handler
                0x08001620        0x2 build/stm32l4xx_it.o
                0x08001620                NMI_Handler
 .text.HardFault_Handler
                0x08001622        0x2 build/stm32l4xx_it.o
                0x08001622                HardFault_Handler
 .text.MemManage_Handler
                0x08001624        0x2 build/stm32l4xx_it.o
                0x08001624                MemManage_Handler
 .text.BusFault_Handler
                0x08001626        0x2 build/stm32l4xx_it.o
                0x08001626                BusFault_Handler
 .text.UsageFault_Handler
                0x08001628        0x2 build/stm32l4xx_it.o
                0x08001628                UsageFault_Handler
 .text.SVC_Handler
                0x0800162a        0x2 build/stm32l4xx_it.o
                0x0800162a                SVC_Handler
 .text.DebugMon_Handler
                0x0800162c        0x2 build/stm32l4xx_it.o
                0x0800162c                DebugMon_Handler
 .text.PendSV_Handler
                0x0800162e        0x2 build/stm32l4xx_it.o
                0x0800162e                PendSV_Handler
 .text.SysTick_Handler
                0x08001630        0x8 build/stm32l4xx_it.o
                0x08001630                SysTick_Handler
 .text.DMA1_Channel6_IRQHandler
                0x08001638       0x10 build/stm32l4xx_it.o
                0x08001638                DMA1_Channel6_IRQHandler
 .text.DMA1_Channel7_IRQHandler
                0x08001648       0x10 build/stm32l4xx_it.o
                0x08001648                DMA1_Channel7_IRQHandler
 .text.I2C1_EV_IRQHandler
                0x08001658       0x10 build/stm32l4xx_it.o
                0x08001658                I2C1_EV_IRQHandler
 .text.HAL_MspInit
                0x08001668       0x30 build/stm32l4xx_hal_msp.o
                0x08001668                HAL_MspInit
 .text.I2C_Flush_TXDR
                0x08001698       0x22 build/stm32l4xx_hal_i2c.o
 .text.I2C_TransferConfig
                0x080016ba       0x36 build/stm32l4xx_hal_i2c.o
 .text.I2C_Enable_IRQ
                0x080016f0       0x80 build/stm32l4xx_hal_i2c.o
 .text.I2C_Disable_IRQ
                0x08001770       0xb8 build/stm32l4xx_hal_i2c.o
 .text.I2C_IsAcknowledgeFailed
                0x08001828       0x90 build/stm32l4xx_hal_i2c.o
 .text.I2C_WaitOnTXISFlagUntilTimeout
                0x080018b8       0x56 build/stm32l4xx_hal_i2c.o
 .text.I2C_WaitOnFlagUntilTimeout
                0x0800190e       0x52 build/stm32l4xx_hal_i2c.o
 .text.I2C_RequestMemoryWrite
                0x08001960       0x70 build/stm32l4xx_hal_i2c.o
 .text.I2C_RequestMemoryRead
                0x080019d0       0x70 build/stm32l4xx_hal_i2c.o
 .text.I2C_WaitOnSTOPFlagUntilTimeout
                0x08001a40       0x50 build/stm32l4xx_hal_i2c.o
 .text.HAL_I2C_Init
                0x08001a90       0xbc build/stm32l4xx_hal_i2c.o
                0x08001a90                HAL_I2C_Init
 .text.HAL_I2C_Mem_Write
                0x08001b4c      0x1a2 build/stm32l4xx_hal_i2c.o
                0x08001b4c                HAL_I2C_Mem_Write
 *fill*         0x08001cee        0x2 
 .text.HAL_I2C_Mem_Read_DMA
                0x08001cf0      0x190 build/stm32l4xx_hal_i2c.o
                0x08001cf0                HAL_I2C_Mem_Read_DMA
 .text.HAL_I2C_EV_IRQHandler
                0x08001e80       0x10 build/stm32l4xx_hal_i2c.o
                0x08001e80                HAL_I2C_EV_IRQHandler
 .text.HAL_I2C_MasterTxCpltCallback
                0x08001e90        0x2 build/stm32l4xx_hal_i2c.o
                0x08001e90                HAL_I2C_MasterTxCpltCallback
 .text.HAL_I2C_MasterRxCpltCallback
                0x08001e92        0x2 build/stm32l4xx_hal_i2c.o
                0x08001e92                HAL_I2C_MasterRxCpltCallback
 .text.I2C_ITMasterSeqCplt
                0x08001e94       0x54 build/stm32l4xx_hal_i2c.o
 .text.HAL_I2C_SlaveTxCpltCallback
                0x08001ee8        0x2 build/stm32l4xx_hal_i2c.o
                0x08001ee8                HAL_I2C_SlaveTxCpltCallback
 .text.HAL_I2C_SlaveRxCpltCallback
                0x08001eea        0x2 build/stm32l4xx_hal_i2c.o
                0x08001eea                HAL_I2C_SlaveRxCpltCallback
 .text.I2C_ITSlaveSeqCplt
                0x08001eec       0x5c build/stm32l4xx_hal_i2c.o
 .text.HAL_I2C_AddrCallback
                0x08001f48        0x2 build/stm32l4xx_hal_i2c.o
                0x08001f48                HAL_I2C_AddrCallback
 .text.I2C_ITAddrCplt
                0x08001f4a       0x9c build/stm32l4xx_hal_i2c.o
 .text.HAL_I2C_ListenCpltCallback
                0x08001fe6        0x2 build/stm32l4xx_hal_i2c.o
                0x08001fe6                HAL_I2C_ListenCpltCallback
 .text.I2C_ITListenCplt
                0x08001fe8       0x68 build/stm32l4xx_hal_i2c.o
 .text.HAL_I2C_MemTxCpltCallback
                0x08002050        0x2 build/stm32l4xx_hal_i2c.o
                0x08002050                HAL_I2C_MemTxCpltCallback
 .text.HAL_I2C_ErrorCallback
                0x08002052        0x2 build/stm32l4xx_hal_i2c.o
                0x08002052                HAL_I2C_ErrorCallback
 .text.HAL_I2C_AbortCpltCallback
                0x08002054        0x2 build/stm32l4xx_hal_i2c.o
                0x08002054                HAL_I2C_AbortCpltCallback
 *fill*         0x08002056        0x2 
 .text.I2C_ITError
                0x08002058       0xf4 build/stm32l4xx_hal_i2c.o
 .text.I2C_ITSlaveCplt
                0x0800214c      0x120 build/stm32l4xx_hal_i2c.o
 .text.I2C_Slave_ISR_IT
                0x0800226c      0x152 build/stm32l4xx_hal_i2c.o
 .text.I2C_ITMasterCplt
                0x080023be       0xe4 build/stm32l4xx_hal_i2c.o
 .text.I2C_Slave_ISR_DMA
                0x080024a2       0xf8 build/stm32l4xx_hal_i2c.o
 .text.I2C_Master_ISR_DMA
                0x0800259a      0x144 build/stm32l4xx_hal_i2c.o
 .text.I2C_DMAError
                0x080026de       0x16 build/stm32l4xx_hal_i2c.o
 .text.I2C_DMAMasterReceiveCplt
                0x080026f4       0x5a build/stm32l4xx_hal_i2c.o
 .text.I2C_DMAAbort
                0x0800274e       0x2a build/stm32l4xx_hal_i2c.o
 .text.HAL_I2CEx_ConfigAnalogFilter
                0x08002778       0x5c build/stm32l4xx_hal_i2c_ex.o
                0x08002778                HAL_I2CEx_ConfigAnalogFilter
 .text.HAL_I2CEx_ConfigDigitalFilter
                0x080027d4       0x58 build/stm32l4xx_hal_i2c_ex.o
                0x080027d4                HAL_I2CEx_ConfigDigitalFilter
 .text.UART_SetConfig
                0x0800282c      0x410 build/stm32l4xx_hal_uart.o
                0x0800282c                UART_SetConfig
 .text.UART_AdvFeatureConfig
                0x08002c3c       0xca build/stm32l4xx_hal_uart.o
                0x08002c3c                UART_AdvFeatureConfig
 .text.UART_WaitOnFlagUntilTimeout
                0x08002d06       0x62 build/stm32l4xx_hal_uart.o
                0x08002d06                UART_WaitOnFlagUntilTimeout
 .text.HAL_UART_Transmit
                0x08002d68       0xda build/stm32l4xx_hal_uart.o
                0x08002d68                HAL_UART_Transmit
 .text.UART_CheckIdleState
                0x08002e42       0x6c build/stm32l4xx_hal_uart.o
                0x08002e42                UART_CheckIdleState
 .text.HAL_UART_Init
                0x08002eae       0x64 build/stm32l4xx_hal_uart.o
                0x08002eae                HAL_UART_Init
 *fill*         0x08002f12        0x2 
 .text.HAL_InitTick
                0x08002f14       0x50 build/stm32l4xx_hal.o
                0x08002f14                HAL_InitTick
 .text.HAL_Init
                0x08002f64       0x2c build/stm32l4xx_hal.o
                0x08002f64                HAL_Init
 .text.HAL_IncTick
                0x08002f90       0x18 build/stm32l4xx_hal.o
                0x08002f90                HAL_IncTick
 .text.HAL_GetTick
                0x08002fa8        0xc build/stm32l4xx_hal.o
                0x08002fa8                HAL_GetTick
 .text.HAL_Delay
                0x08002fb4       0x28 build/stm32l4xx_hal.o
                0x08002fb4                HAL_Delay
 .text.RCC_SetFlashLatencyFromMSIRange
                0x08002fdc       0x90 build/stm32l4xx_hal_rcc.o
 .text.HAL_RCC_GetSysClockFreq
                0x0800306c       0xb4 build/stm32l4xx_hal_rcc.o
                0x0800306c                HAL_RCC_GetSysClockFreq
 .text.HAL_RCC_OscConfig
                0x08003120      0x5d8 build/stm32l4xx_hal_rcc.o
                0x08003120                HAL_RCC_OscConfig
 .text.HAL_RCC_ClockConfig
                0x080036f8      0x158 build/stm32l4xx_hal_rcc.o
                0x080036f8                HAL_RCC_ClockConfig
 .text.HAL_RCC_GetHCLKFreq
                0x08003850        0xc build/stm32l4xx_hal_rcc.o
                0x08003850                HAL_RCC_GetHCLKFreq
 .text.HAL_RCC_GetPCLK1Freq
                0x0800385c       0x24 build/stm32l4xx_hal_rcc.o
                0x0800385c                HAL_RCC_GetPCLK1Freq
 .text.HAL_RCC_GetPCLK2Freq
                0x08003880       0x24 build/stm32l4xx_hal_rcc.o
                0x08003880                HAL_RCC_GetPCLK2Freq
 .text.RCCEx_PLLSAI1_Config
                0x080038a4      0x180 build/stm32l4xx_hal_rcc_ex.o
 .text.RCCEx_PLLSAI2_Config
                0x08003a24      0x15c build/stm32l4xx_hal_rcc_ex.o
 .text.HAL_RCCEx_PeriphCLKConfig
                0x08003b80      0x458 build/stm32l4xx_hal_rcc_ex.o
                0x08003b80                HAL_RCCEx_PeriphCLKConfig
 .text.HAL_GPIO_Init
                0x08003fd8      0x1d4 build/stm32l4xx_hal_gpio.o
                0x08003fd8                HAL_GPIO_Init
 .text.HAL_GPIO_WritePin
                0x080041ac        0xa build/stm32l4xx_hal_gpio.o
                0x080041ac                HAL_GPIO_WritePin
 .text.DMA_SetConfig
                0x080041b6       0x30 build/stm32l4xx_hal_dma.o
 *fill*         0x080041e6        0x2 
 .text.HAL_DMA_Init
                0x080041e8       0xf8 build/stm32l4xx_hal_dma.o
                0x080041e8                HAL_DMA_Init
 .text.HAL_DMA_Start_IT
                0x080042e0       0x76 build/stm32l4xx_hal_dma.o
                0x080042e0                HAL_DMA_Start_IT
 .text.HAL_DMA_Abort_IT
                0x08004356       0x50 build/stm32l4xx_hal_dma.o
                0x08004356                HAL_DMA_Abort_IT
 .text.HAL_DMA_IRQHandler
                0x080043a6       0xc2 build/stm32l4xx_hal_dma.o
                0x080043a6                HAL_DMA_IRQHandler
 .text.HAL_PWREx_GetVoltageRange
                0x08004468       0x10 build/stm32l4xx_hal_pwr_ex.o
                0x08004468                HAL_PWREx_GetVoltageRange
 .text.HAL_PWREx_ControlVoltageScaling
                0x08004478       0x90 build/stm32l4xx_hal_pwr_ex.o
                0x08004478                HAL_PWREx_ControlVoltageScaling
 .text.HAL_NVIC_SetPriorityGrouping
                0x08004508       0x24 build/stm32l4xx_hal_cortex.o
                0x08004508                HAL_NVIC_SetPriorityGrouping
 .text.HAL_NVIC_SetPriority
                0x0800452c       0x64 build/stm32l4xx_hal_cortex.o
                0x0800452c                HAL_NVIC_SetPriority
 .text.HAL_NVIC_EnableIRQ
                0x08004590       0x1c build/stm32l4xx_hal_cortex.o
                0x08004590                HAL_NVIC_EnableIRQ
 .text.HAL_SYSTICK_Config
                0x080045ac       0x2c build/stm32l4xx_hal_cortex.o
                0x080045ac                HAL_SYSTICK_Config
 .text.SystemInit
                0x080045d8       0x48 build/system_stm32l4xx.o
                0x080045d8                SystemInit
 .text.Reset_Handler
                0x08004620       0x50 build/startup_stm32l476xx.o
                0x08004620                Reset_Handler
 .text.Default_Handler
                0x08004670        0x2 build/startup_stm32l476xx.o
                0x08004670                RTC_Alarm_IRQHandler
                0x08004670                EXTI2_IRQHandler
                0x08004670                TIM8_TRG_COM_IRQHandler
                0x08004670                TIM8_CC_IRQHandler
                0x08004670                TIM1_CC_IRQHandler
                0x08004670                TSC_IRQHandler
                0x08004670                TAMP_STAMP_IRQHandler
                0x08004670                EXTI3_IRQHandler
                0x08004670                LPTIM2_IRQHandler
                0x08004670                DFSDM1_FLT1_IRQHandler
                0x08004670                I2C3_ER_IRQHandler
                0x08004670                DFSDM1_FLT2_IRQHandler
                0x08004670                EXTI0_IRQHandler
                0x08004670                I2C2_EV_IRQHandler
                0x08004670                CAN1_RX0_IRQHandler
                0x08004670                FPU_IRQHandler
                0x08004670                TIM1_UP_TIM16_IRQHandler
                0x08004670                ADC1_2_IRQHandler
                0x08004670                SPI1_IRQHandler
                0x08004670                TIM6_DAC_IRQHandler
                0x08004670                TIM8_UP_IRQHandler
                0x08004670                DMA2_Channel2_IRQHandler
                0x08004670                DMA1_Channel4_IRQHandler
                0x08004670                SAI2_IRQHandler
                0x08004670                DFSDM1_FLT3_IRQHandler
                0x08004670                USART3_IRQHandler
                0x08004670                CAN1_RX1_IRQHandler
                0x08004670                LCD_IRQHandler
                0x08004670                UART5_IRQHandler
                0x08004670                ADC3_IRQHandler
                0x08004670                TIM4_IRQHandler
                0x08004670                DMA2_Channel1_IRQHandler
                0x08004670                QUADSPI_IRQHandler
                0x08004670                UART4_IRQHandler
                0x08004670                DMA2_Channel4_IRQHandler
                0x08004670                TIM3_IRQHandler
                0x08004670                RCC_IRQHandler
                0x08004670                DMA1_Channel1_IRQHandler
                0x08004670                Default_Handler
                0x08004670                DMA2_Channel7_IRQHandler
                0x08004670                EXTI15_10_IRQHandler
                0x08004670                TIM7_IRQHandler
                0x08004670                SDMMC1_IRQHandler
                0x08004670                TIM5_IRQHandler
                0x08004670                I2C3_EV_IRQHandler
                0x08004670                EXTI9_5_IRQHandler
                0x08004670                RTC_WKUP_IRQHandler
                0x08004670                PVD_PVM_IRQHandler
                0x08004670                SPI2_IRQHandler
                0x08004670                CAN1_TX_IRQHandler
                0x08004670                DMA2_Channel5_IRQHandler
                0x08004670                DMA1_Channel5_IRQHandler
                0x08004670                EXTI4_IRQHandler
                0x08004670                RNG_IRQHandler
                0x08004670                TIM1_TRG_COM_TIM17_IRQHandler
                0x08004670                DMA1_Channel3_IRQHandler
                0x08004670                COMP_IRQHandler
                0x08004670                WWDG_IRQHandler
                0x08004670                LPUART1_IRQHandler
                0x08004670                DMA2_Channel6_IRQHandler
                0x08004670                TIM2_IRQHandler
                0x08004670                EXTI1_IRQHandler
                0x08004670                USART2_IRQHandler
                0x08004670                DFSDM1_FLT0_IRQHandler
                0x08004670                I2C2_ER_IRQHandler
                0x08004670                DMA1_Channel2_IRQHandler
                0x08004670                TIM8_BRK_IRQHandler
                0x08004670                CAN1_SCE_IRQHandler
                0x08004670                FLASH_IRQHandler
                0x08004670                USART1_IRQHandler
                0x08004670                OTG_FS_IRQHandler
                0x08004670                SPI3_IRQHandler
                0x08004670                I2C1_ER_IRQHandler
                0x08004670                FMC_IRQHandler
                0x08004670                SWPMI1_IRQHandler
                0x08004670                LPTIM1_IRQHandler
                0x08004670                SAI1_IRQHandler
                0x08004670                DMA2_Channel3_IRQHandler
                0x08004670                TIM1_BRK_TIM15_IRQHandler
 *fill*         0x08004672        0x2 
 .text.__libc_init_array
                0x08004674       0x48 c:/program files (x86)/gnu tools arm embedded/7 2018-q2-update/bin/../lib/gcc/arm-none-eabi/7.3.1/../../../../arm-none-eabi/lib/thumb/v7e-m/fpv4-sp/hard\libc_nano.a(lib_a-init.o)
                0x08004674                __libc_init_array
 .text.memset   0x080046bc       0x10 c:/program files (x86)/gnu tools arm embedded/7 2018-q2-update/bin/../lib/gcc/arm-none-eabi/7.3.1/../../../../arm-none-eabi/lib/thumb/v7e-m/fpv4-sp/hard\libc_nano.a(lib_a-memset.o)
                0x080046bc                memset
 .text.sprintf  0x080046cc       0x40 c:/program files (x86)/gnu tools arm embedded/7 2018-q2-update/bin/../lib/gcc/arm-none-eabi/7.3.1/../../../../arm-none-eabi/lib/thumb/v7e-m/fpv4-sp/hard\libc_nano.a(lib_a-sprintf.o)
                0x080046cc                siprintf
                0x080046cc                sprintf
 .text.__ssputs_r
                0x0800470c       0xb4 c:/program files (x86)/gnu tools arm embedded/7 2018-q2-update/bin/../lib/gcc/arm-none-eabi/7.3.1/../../../../arm-none-eabi/lib/thumb/v7e-m/fpv4-sp/hard\libc_nano.a(lib_a-nano-svfprintf.o)
                0x0800470c                __ssputs_r
 .text._svfprintf_r
                0x080047c0      0x1f0 c:/program files (x86)/gnu tools arm embedded/7 2018-q2-update/bin/../lib/gcc/arm-none-eabi/7.3.1/../../../../arm-none-eabi/lib/thumb/v7e-m/fpv4-sp/hard\libc_nano.a(lib_a-nano-svfprintf.o)
                0x080047c0                _svfiprintf_r
                0x080047c0                _svfprintf_r
 .text._printf_common
                0x080049b0       0xea c:/program files (x86)/gnu tools arm embedded/7 2018-q2-update/bin/../lib/gcc/arm-none-eabi/7.3.1/../../../../arm-none-eabi/lib/thumb/v7e-m/fpv4-sp/hard\libc_nano.a(lib_a-nano-vfprintf_i.o)
                0x080049b0                _printf_common
 *fill*         0x08004a9a        0x2 
 .text._printf_i
                0x08004a9c      0x224 c:/program files (x86)/gnu tools arm embedded/7 2018-q2-update/bin/../lib/gcc/arm-none-eabi/7.3.1/../../../../arm-none-eabi/lib/thumb/v7e-m/fpv4-sp/hard\libc_nano.a(lib_a-nano-vfprintf_i.o)
                0x08004a9c                _printf_i
 .text.memcpy   0x08004cc0       0x16 c:/program files (x86)/gnu tools arm embedded/7 2018-q2-update/bin/../lib/gcc/arm-none-eabi/7.3.1/../../../../arm-none-eabi/lib/thumb/v7e-m/fpv4-sp/hard\libc_nano.a(lib_a-memcpy-stub.o)
                0x08004cc0                memcpy
 .text.memmove  0x08004cd6       0x32 c:/program files (x86)/gnu tools arm embedded/7 2018-q2-update/bin/../lib/gcc/arm-none-eabi/7.3.1/../../../../arm-none-eabi/lib/thumb/v7e-m/fpv4-sp/hard\libc_nano.a(lib_a-memmove.o)
                0x08004cd6                memmove
 .text._free_r  0x08004d08       0x9c c:/program files (x86)/gnu tools arm embedded/7 2018-q2-update/bin/../lib/gcc/arm-none-eabi/7.3.1/../../../../arm-none-eabi/lib/thumb/v7e-m/fpv4-sp/hard\libc_nano.a(lib_a-nano-freer.o)
                0x08004d08                _free_r
 .text._malloc_r
                0x08004da4       0xb4 c:/program files (x86)/gnu tools arm embedded/7 2018-q2-update/bin/../lib/gcc/arm-none-eabi/7.3.1/../../../../arm-none-eabi/lib/thumb/v7e-m/fpv4-sp/hard\libc_nano.a(lib_a-nano-mallocr.o)
                0x08004da4                _malloc_r
 .text._realloc_r
                0x08004e58       0x4c c:/program files (x86)/gnu tools arm embedded/7 2018-q2-update/bin/../lib/gcc/arm-none-eabi/7.3.1/../../../../arm-none-eabi/lib/thumb/v7e-m/fpv4-sp/hard\libc_nano.a(lib_a-nano-reallocr.o)
                0x08004e58                _realloc_r
 .text._sbrk_r  0x08004ea4       0x20 c:/program files (x86)/gnu tools arm embedded/7 2018-q2-update/bin/../lib/gcc/arm-none-eabi/7.3.1/../../../../arm-none-eabi/lib/thumb/v7e-m/fpv4-sp/hard\libc_nano.a(lib_a-sbrkr.o)
                0x08004ea4                _sbrk_r
 .text.__malloc_lock
                0x08004ec4        0x2 c:/program files (x86)/gnu tools arm embedded/7 2018-q2-update/bin/../lib/gcc/arm-none-eabi/7.3.1/../../../../arm-none-eabi/lib/thumb/v7e-m/fpv4-sp/hard\libc_nano.a(lib_a-mlock.o)
                0x08004ec4                __malloc_lock
 .text.__malloc_unlock
                0x08004ec6        0x2 c:/program files (x86)/gnu tools arm embedded/7 2018-q2-update/bin/../lib/gcc/arm-none-eabi/7.3.1/../../../../arm-none-eabi/lib/thumb/v7e-m/fpv4-sp/hard\libc_nano.a(lib_a-mlock.o)
                0x08004ec6                __malloc_unlock
 .text._malloc_usable_size_r
                0x08004ec8       0x10 c:/program files (x86)/gnu tools arm embedded/7 2018-q2-update/bin/../lib/gcc/arm-none-eabi/7.3.1/../../../../arm-none-eabi/lib/thumb/v7e-m/fpv4-sp/hard\libc_nano.a(lib_a-nano-msizer.o)
                0x08004ec8                _malloc_usable_size_r
 .text._sbrk    0x08004ed8       0x1c c:/program files (x86)/gnu tools arm embedded/7 2018-q2-update/bin/../lib/gcc/arm-none-eabi/7.3.1/../../../../arm-none-eabi/lib/thumb/v7e-m/fpv4-sp/hard\libnosys.a(sbrk.o)
                0x08004ed8                _sbrk
 *(.glue_7)
 .glue_7        0x08004ef4        0x0 linker stubs
 *(.glue_7t)
 .glue_7t       0x08004ef4        0x0 linker stubs
 *(.eh_frame)
 .eh_frame      0x08004ef4        0x0 c:/program files (x86)/gnu tools arm embedded/7 2018-q2-update/bin/../lib/gcc/arm-none-eabi/7.3.1/thumb/v7e-m/fpv4-sp/hard/crtbegin.o
 *(.init)
 .init          0x08004ef4        0x4 c:/program files (x86)/gnu tools arm embedded/7 2018-q2-update/bin/../lib/gcc/arm-none-eabi/7.3.1/thumb/v7e-m/fpv4-sp/hard/crti.o
                0x08004ef4                _init
 .init          0x08004ef8        0x8 c:/program files (x86)/gnu tools arm embedded/7 2018-q2-update/bin/../lib/gcc/arm-none-eabi/7.3.1/thumb/v7e-m/fpv4-sp/hard/crtn.o
 *(.fini)
 .fini          0x08004f00        0x4 c:/program files (x86)/gnu tools arm embedded/7 2018-q2-update/bin/../lib/gcc/arm-none-eabi/7.3.1/thumb/v7e-m/fpv4-sp/hard/crti.o
                0x08004f00                _fini
 .fini          0x08004f04        0x8 c:/program files (x86)/gnu tools arm embedded/7 2018-q2-update/bin/../lib/gcc/arm-none-eabi/7.3.1/thumb/v7e-m/fpv4-sp/hard/crtn.o
                0x08004f10                . = ALIGN (0x8)
 *fill*         0x08004f0c        0x4 
                0x08004f10                _etext = .

.vfp11_veneer   0x08004f10        0x0
 .vfp11_veneer  0x08004f10        0x0 linker stubs

.v4_bx          0x08004f10        0x0
 .v4_bx         0x08004f10        0x0 linker stubs

.iplt           0x08004f10        0x0
 .iplt          0x08004f10        0x0 c:/program files (x86)/gnu tools arm embedded/7 2018-q2-update/bin/../lib/gcc/arm-none-eabi/7.3.1/thumb/v7e-m/fpv4-sp/hard/crtbegin.o

.rodata         0x08004f10       0xe8
                0x08004f10                . = ALIGN (0x8)
 *(.rodata)
 *(.rodata*)
 .rodata.Show_float.str1.4
                0x08004f10       0x11 build/main.o
                                 0x15 (size before relaxing)
 *fill*         0x08004f21        0x3 
 .rodata.main.str1.4
                0x08004f24       0x58 build/main.o
                                 0x55 (size before relaxing)
 .rodata.AHBPrescTable
                0x08004f7c       0x10 build/system_stm32l4xx.o
                0x08004f7c                AHBPrescTable
 .rodata.APBPrescTable
                0x08004f8c        0x8 build/system_stm32l4xx.o
                0x08004f8c                APBPrescTable
 .rodata.MSIRangeTable
                0x08004f94       0x30 build/system_stm32l4xx.o
                0x08004f94                MSIRangeTable
 .rodata._svfprintf_r.str1.1
                0x08004fc4       0x11 c:/program files (x86)/gnu tools arm embedded/7 2018-q2-update/bin/../lib/gcc/arm-none-eabi/7.3.1/../../../../arm-none-eabi/lib/thumb/v7e-m/fpv4-sp/hard\libc_nano.a(lib_a-nano-svfprintf.o)
 .rodata._printf_i.str1.1
                0x08004fd5       0x22 c:/program files (x86)/gnu tools arm embedded/7 2018-q2-update/bin/../lib/gcc/arm-none-eabi/7.3.1/../../../../arm-none-eabi/lib/thumb/v7e-m/fpv4-sp/hard\libc_nano.a(lib_a-nano-vfprintf_i.o)
                0x08004ff8                . = ALIGN (0x8)
 *fill*         0x08004ff7        0x1 

.ARM.extab      0x08004ff8        0x0
                0x08004ff8                . = ALIGN (0x8)
 *(.ARM.extab* .gnu.linkonce.armextab.*)
                0x08004ff8                . = ALIGN (0x8)

.ARM            0x08004ff8        0x8
                0x08004ff8                . = ALIGN (0x8)
                0x08004ff8                __exidx_start = .
 *(.ARM.exidx*)
 .ARM.exidx     0x08004ff8        0x8 c:/program files (x86)/gnu tools arm embedded/7 2018-q2-update/bin/../lib/gcc/arm-none-eabi/7.3.1/thumb/v7e-m/fpv4-sp/hard\libgcc.a(_udivmoddi4.o)
                0x08005000                __exidx_end = .
                0x08005000                . = ALIGN (0x8)

.rel.dyn        0x08005000        0x0
 .rel.iplt      0x08005000        0x0 c:/program files (x86)/gnu tools arm embedded/7 2018-q2-update/bin/../lib/gcc/arm-none-eabi/7.3.1/thumb/v7e-m/fpv4-sp/hard/crtbegin.o

.preinit_array  0x08005000        0x0
                0x08005000                . = ALIGN (0x8)
                0x08005000                PROVIDE (__preinit_array_start = .)
 *(.preinit_array*)
                0x08005000                PROVIDE (__preinit_array_end = .)
                0x08005000                . = ALIGN (0x8)

.init_array     0x08005000        0x8
                0x08005000                . = ALIGN (0x8)
                0x08005000                PROVIDE (__init_array_start = .)
 *(SORT_BY_NAME(.init_array.*))
 *(.init_array*)
 .init_array    0x08005000        0x4 c:/program files (x86)/gnu tools arm embedded/7 2018-q2-update/bin/../lib/gcc/arm-none-eabi/7.3.1/thumb/v7e-m/fpv4-sp/hard/crtbegin.o
                0x08005004                PROVIDE (__init_array_end = .)
                0x08005008                . = ALIGN (0x8)
 *fill*         0x08005004        0x4 

.fini_array     0x08005008        0x8
                0x08005008                . = ALIGN (0x8)
                [!provide]                PROVIDE (__fini_array_start = .)
 *(SORT_BY_NAME(.fini_array.*))
 *(.fini_array*)
 .fini_array    0x08005008        0x4 c:/program files (x86)/gnu tools arm embedded/7 2018-q2-update/bin/../lib/gcc/arm-none-eabi/7.3.1/thumb/v7e-m/fpv4-sp/hard/crtbegin.o
                [!provide]                PROVIDE (__fini_array_end = .)
                0x08005010                . = ALIGN (0x8)
 *fill*         0x0800500c        0x4 
                0x08005010                _sidata = LOADADDR (.data)

.data           0x20000000       0x70 load address 0x08005010
                0x20000000                . = ALIGN (0x8)
                0x20000000                _sdata = .
 *(.data)
 *(.data*)
 .data.uwTickFreq
                0x20000000        0x4 build/stm32l4xx_hal.o
                0x20000000                uwTickFreq
 .data.uwTickPrio
                0x20000004        0x4 build/stm32l4xx_hal.o
                0x20000004                uwTickPrio
 .data.SystemCoreClock
                0x20000008        0x4 build/system_stm32l4xx.o
                0x20000008                SystemCoreClock
 .data._impure_ptr
                0x2000000c        0x4 c:/program files (x86)/gnu tools arm embedded/7 2018-q2-update/bin/../lib/gcc/arm-none-eabi/7.3.1/../../../../arm-none-eabi/lib/thumb/v7e-m/fpv4-sp/hard\libc_nano.a(lib_a-impure.o)
                0x2000000c                _impure_ptr
 .data.impure_data
                0x20000010       0x60 c:/program files (x86)/gnu tools arm embedded/7 2018-q2-update/bin/../lib/gcc/arm-none-eabi/7.3.1/../../../../arm-none-eabi/lib/thumb/v7e-m/fpv4-sp/hard\libc_nano.a(lib_a-impure.o)
                0x20000070                . = ALIGN (0x8)
                0x20000070                _edata = .

.igot.plt       0x20000070        0x0 load address 0x08005080
 .igot.plt      0x20000070        0x0 c:/program files (x86)/gnu tools arm embedded/7 2018-q2-update/bin/../lib/gcc/arm-none-eabi/7.3.1/thumb/v7e-m/fpv4-sp/hard/crtbegin.o
                0x20000070                . = ALIGN (0x4)

.bss            0x20000070      0x22c load address 0x08005080
                0x20000070                _sbss = .
                0x20000070                __bss_start__ = _sbss
 *(.bss)
 .bss           0x20000070       0x1c c:/program files (x86)/gnu tools arm embedded/7 2018-q2-update/bin/../lib/gcc/arm-none-eabi/7.3.1/thumb/v7e-m/fpv4-sp/hard/crtbegin.o
 *(.bss*)
 .bss.Accl      0x2000008c        0x6 build/main.o
                0x2000008c                Accl
 *fill*         0x20000092        0x2 
 .bss.Accl_temp
                0x20000094        0x6 build/main.o
                0x20000094                Accl_temp
 *fill*         0x2000009a        0x2 
 .bss.Gyro      0x2000009c        0x6 build/main.o
                0x2000009c                Gyro
 *fill*         0x200000a2        0x2 
 .bss.Gyro_temp
                0x200000a4        0x6 build/main.o
                0x200000a4                Gyro_temp
 *fill*         0x200000aa        0x2 
 .bss.I2cState  0x200000ac        0x4 build/main.o
                0x200000ac                I2cState
 .bss.xAccl     0x200000b0        0x4 build/main.o
                0x200000b0                xAccl
 .bss.xGyro     0x200000b4        0x4 build/main.o
                0x200000b4                xGyro
 .bss.yAccl     0x200000b8        0x4 build/main.o
                0x200000b8                yAccl
 .bss.yGyro     0x200000bc        0x4 build/main.o
                0x200000bc                yGyro
 .bss.zAccl     0x200000c0        0x4 build/main.o
                0x200000c0                zAccl
 .bss.zGyro     0x200000c4        0x4 build/main.o
                0x200000c4                zGyro
 .bss.__malloc_free_list
                0x200000c8        0x4 c:/program files (x86)/gnu tools arm embedded/7 2018-q2-update/bin/../lib/gcc/arm-none-eabi/7.3.1/../../../../arm-none-eabi/lib/thumb/v7e-m/fpv4-sp/hard\libc_nano.a(lib_a-nano-mallocr.o)
                0x200000c8                __malloc_free_list
 .bss.__malloc_sbrk_start
                0x200000cc        0x4 c:/program files (x86)/gnu tools arm embedded/7 2018-q2-update/bin/../lib/gcc/arm-none-eabi/7.3.1/../../../../arm-none-eabi/lib/thumb/v7e-m/fpv4-sp/hard\libc_nano.a(lib_a-nano-mallocr.o)
                0x200000cc                __malloc_sbrk_start
 .bss.heap_end.5377
                0x200000d0        0x4 c:/program files (x86)/gnu tools arm embedded/7 2018-q2-update/bin/../lib/gcc/arm-none-eabi/7.3.1/../../../../arm-none-eabi/lib/thumb/v7e-m/fpv4-sp/hard\libnosys.a(sbrk.o)
 *(COMMON)
 COMMON         0x200000d4       0x64 build/main.o
                0x200000d4                k
 COMMON         0x20000138       0xdc build/i2c.o
                0x20000138                hdma_i2c1_tx
                0x20000180                hi2c1
                0x200001cc                hdma_i2c1_rx
 COMMON         0x20000214       0x80 build/usart.o
                0x20000214                huart2
 COMMON         0x20000294        0x4 build/stm32l4xx_hal.o
                0x20000294                uwTick
 COMMON         0x20000298        0x4 c:/program files (x86)/gnu tools arm embedded/7 2018-q2-update/bin/../lib/gcc/arm-none-eabi/7.3.1/../../../../arm-none-eabi/lib/thumb/v7e-m/fpv4-sp/hard\libc_nano.a(lib_a-reent.o)
                0x20000298                errno
                0x2000029c                . = ALIGN (0x4)
                0x2000029c                _ebss = .
                0x2000029c                __bss_end__ = _ebss

._user_heap_stack
                0x2000029c      0x604 load address 0x08005080
                0x200002a0                . = ALIGN (0x8)
 *fill*         0x2000029c        0x4 
                0x200002a0                PROVIDE (end = .)
                [!provide]                PROVIDE (_end = .)
                0x200004a0                . = (. + _Min_Heap_Size)
 *fill*         0x200002a0      0x200 
                0x200008a0                . = (. + _Min_Stack_Size)
 *fill*         0x200004a0      0x400 
                0x200008a0                . = ALIGN (0x8)

/DISCARD/
 libc.a(*)
 libm.a(*)
 libgcc.a(*)

.ARM.attributes
                0x00000000       0x30
 *(.ARM.attributes)
 .ARM.attributes
                0x00000000       0x22 c:/program files (x86)/gnu tools arm embedded/7 2018-q2-update/bin/../lib/gcc/arm-none-eabi/7.3.1/thumb/v7e-m/fpv4-sp/hard/crti.o
 .ARM.attributes
                0x00000022       0x34 c:/program files (x86)/gnu tools arm embedded/7 2018-q2-update/bin/../lib/gcc/arm-none-eabi/7.3.1/thumb/v7e-m/fpv4-sp/hard/crtbegin.o
 .ARM.attributes
                0x00000056       0x39 build/main.o
 .ARM.attributes
                0x0000008f       0x39 build/gpio.o
 .ARM.attributes
                0x000000c8       0x39 build/dma.o
 .ARM.attributes
                0x00000101       0x39 build/i2c.o
 .ARM.attributes
                0x0000013a       0x39 build/usart.o
 .ARM.attributes
                0x00000173       0x39 build/stm32l4xx_it.o
 .ARM.attributes
                0x000001ac       0x39 build/stm32l4xx_hal_msp.o
 .ARM.attributes
                0x000001e5       0x39 build/stm32l4xx_hal_i2c.o
 .ARM.attributes
                0x0000021e       0x39 build/stm32l4xx_hal_i2c_ex.o
 .ARM.attributes
                0x00000257       0x39 build/stm32l4xx_hal_uart.o
 .ARM.attributes
                0x00000290       0x39 build/stm32l4xx_hal.o
 .ARM.attributes
                0x000002c9       0x39 build/stm32l4xx_hal_rcc.o
 .ARM.attributes
                0x00000302       0x39 build/stm32l4xx_hal_rcc_ex.o
 .ARM.attributes
                0x0000033b       0x39 build/stm32l4xx_hal_gpio.o
 .ARM.attributes
                0x00000374       0x39 build/stm32l4xx_hal_dma.o
 .ARM.attributes
                0x000003ad       0x39 build/stm32l4xx_hal_pwr_ex.o
 .ARM.attributes
                0x000003e6       0x39 build/stm32l4xx_hal_cortex.o
 .ARM.attributes
                0x0000041f       0x39 build/system_stm32l4xx.o
 .ARM.attributes
                0x00000458       0x21 build/startup_stm32l476xx.o
 .ARM.attributes
                0x00000479       0x34 c:/program files (x86)/gnu tools arm embedded/7 2018-q2-update/bin/../lib/gcc/arm-none-eabi/7.3.1/../../../../arm-none-eabi/lib/thumb/v7e-m/fpv4-sp/hard\libc_nano.a(lib_a-impure.o)
 .ARM.attributes
                0x000004ad       0x34 c:/program files (x86)/gnu tools arm embedded/7 2018-q2-update/bin/../lib/gcc/arm-none-eabi/7.3.1/../../../../arm-none-eabi/lib/thumb/v7e-m/fpv4-sp/hard\libc_nano.a(lib_a-init.o)
 .ARM.attributes
                0x000004e1       0x34 c:/program files (x86)/gnu tools arm embedded/7 2018-q2-update/bin/../lib/gcc/arm-none-eabi/7.3.1/../../../../arm-none-eabi/lib/thumb/v7e-m/fpv4-sp/hard\libc_nano.a(lib_a-memset.o)
 .ARM.attributes
                0x00000515       0x34 c:/program files (x86)/gnu tools arm embedded/7 2018-q2-update/bin/../lib/gcc/arm-none-eabi/7.3.1/../../../../arm-none-eabi/lib/thumb/v7e-m/fpv4-sp/hard\libc_nano.a(lib_a-sprintf.o)
 .ARM.attributes
                0x00000549       0x1b c:/program files (x86)/gnu tools arm embedded/7 2018-q2-update/bin/../lib/gcc/arm-none-eabi/7.3.1/../../../../arm-none-eabi/lib/thumb/v7e-m/fpv4-sp/hard\libc_nano.a(lib_a-strlen.o)
 .ARM.attributes
                0x00000564       0x34 c:/program files (x86)/gnu tools arm embedded/7 2018-q2-update/bin/../lib/gcc/arm-none-eabi/7.3.1/../../../../arm-none-eabi/lib/thumb/v7e-m/fpv4-sp/hard\libc_nano.a(lib_a-nano-svfprintf.o)
 .ARM.attributes
                0x00000598       0x34 c:/program files (x86)/gnu tools arm embedded/7 2018-q2-update/bin/../lib/gcc/arm-none-eabi/7.3.1/../../../../arm-none-eabi/lib/thumb/v7e-m/fpv4-sp/hard\libc_nano.a(lib_a-nano-vfprintf_i.o)
 .ARM.attributes
                0x000005cc       0x20 c:/program files (x86)/gnu tools arm embedded/7 2018-q2-update/bin/../lib/gcc/arm-none-eabi/7.3.1/../../../../arm-none-eabi/lib/thumb/v7e-m/fpv4-sp/hard\libc_nano.a(lib_a-memchr.o)
 .ARM.attributes
                0x000005ec       0x34 c:/program files (x86)/gnu tools arm embedded/7 2018-q2-update/bin/../lib/gcc/arm-none-eabi/7.3.1/../../../../arm-none-eabi/lib/thumb/v7e-m/fpv4-sp/hard\libc_nano.a(lib_a-memcpy-stub.o)
 .ARM.attributes
                0x00000620       0x34 c:/program files (x86)/gnu tools arm embedded/7 2018-q2-update/bin/../lib/gcc/arm-none-eabi/7.3.1/../../../../arm-none-eabi/lib/thumb/v7e-m/fpv4-sp/hard\libc_nano.a(lib_a-memmove.o)
 .ARM.attributes
                0x00000654       0x34 c:/program files (x86)/gnu tools arm embedded/7 2018-q2-update/bin/../lib/gcc/arm-none-eabi/7.3.1/../../../../arm-none-eabi/lib/thumb/v7e-m/fpv4-sp/hard\libc_nano.a(lib_a-nano-freer.o)
 .ARM.attributes
                0x00000688       0x34 c:/program files (x86)/gnu tools arm embedded/7 2018-q2-update/bin/../lib/gcc/arm-none-eabi/7.3.1/../../../../arm-none-eabi/lib/thumb/v7e-m/fpv4-sp/hard\libc_nano.a(lib_a-nano-mallocr.o)
 .ARM.attributes
                0x000006bc       0x34 c:/program files (x86)/gnu tools arm embedded/7 2018-q2-update/bin/../lib/gcc/arm-none-eabi/7.3.1/../../../../arm-none-eabi/lib/thumb/v7e-m/fpv4-sp/hard\libc_nano.a(lib_a-nano-reallocr.o)
 .ARM.attributes
                0x000006f0       0x34 c:/program files (x86)/gnu tools arm embedded/7 2018-q2-update/bin/../lib/gcc/arm-none-eabi/7.3.1/../../../../arm-none-eabi/lib/thumb/v7e-m/fpv4-sp/hard\libc_nano.a(lib_a-sbrkr.o)
 .ARM.attributes
                0x00000724       0x34 c:/program files (x86)/gnu tools arm embedded/7 2018-q2-update/bin/../lib/gcc/arm-none-eabi/7.3.1/../../../../arm-none-eabi/lib/thumb/v7e-m/fpv4-sp/hard\libc_nano.a(lib_a-mlock.o)
 .ARM.attributes
                0x00000758       0x34 c:/program files (x86)/gnu tools arm embedded/7 2018-q2-update/bin/../lib/gcc/arm-none-eabi/7.3.1/../../../../arm-none-eabi/lib/thumb/v7e-m/fpv4-sp/hard\libc_nano.a(lib_a-nano-msizer.o)
 .ARM.attributes
                0x0000078c       0x34 c:/program files (x86)/gnu tools arm embedded/7 2018-q2-update/bin/../lib/gcc/arm-none-eabi/7.3.1/../../../../arm-none-eabi/lib/thumb/v7e-m/fpv4-sp/hard\libc_nano.a(lib_a-reent.o)
 .ARM.attributes
                0x000007c0       0x34 c:/program files (x86)/gnu tools arm embedded/7 2018-q2-update/bin/../lib/gcc/arm-none-eabi/7.3.1/../../../../arm-none-eabi/lib/thumb/v7e-m/fpv4-sp/hard\libnosys.a(sbrk.o)
 .ARM.attributes
                0x000007f4       0x22 c:/program files (x86)/gnu tools arm embedded/7 2018-q2-update/bin/../lib/gcc/arm-none-eabi/7.3.1/thumb/v7e-m/fpv4-sp/hard\libgcc.a(_arm_addsubdf3.o)
 .ARM.attributes
                0x00000816       0x22 c:/program files (x86)/gnu tools arm embedded/7 2018-q2-update/bin/../lib/gcc/arm-none-eabi/7.3.1/thumb/v7e-m/fpv4-sp/hard\libgcc.a(_arm_muldivdf3.o)
 .ARM.attributes
                0x00000838       0x22 c:/program files (x86)/gnu tools arm embedded/7 2018-q2-update/bin/../lib/gcc/arm-none-eabi/7.3.1/thumb/v7e-m/fpv4-sp/hard\libgcc.a(_arm_truncdfsf2.o)
 .ARM.attributes
                0x0000085a       0x22 c:/program files (x86)/gnu tools arm embedded/7 2018-q2-update/bin/../lib/gcc/arm-none-eabi/7.3.1/thumb/v7e-m/fpv4-sp/hard\libgcc.a(_aeabi_uldivmod.o)
 .ARM.attributes
                0x0000087c       0x34 c:/program files (x86)/gnu tools arm embedded/7 2018-q2-update/bin/../lib/gcc/arm-none-eabi/7.3.1/thumb/v7e-m/fpv4-sp/hard\libgcc.a(_udivmoddi4.o)
 .ARM.attributes
                0x000008b0       0x22 c:/program files (x86)/gnu tools arm embedded/7 2018-q2-update/bin/../lib/gcc/arm-none-eabi/7.3.1/thumb/v7e-m/fpv4-sp/hard\libgcc.a(_dvmd_tls.o)
 .ARM.attributes
                0x000008d2       0x22 c:/program files (x86)/gnu tools arm embedded/7 2018-q2-update/bin/../lib/gcc/arm-none-eabi/7.3.1/thumb/v7e-m/fpv4-sp/hard/crtn.o
OUTPUT(build/nucleo_dma.elf elf32-littlearm)

.debug_info     0x00000000    0x13306
 .debug_info    0x00000000     0x211e build/main.o
 .debug_info    0x0000211e      0x75d build/gpio.o
 .debug_info    0x0000287b      0x7d2 build/dma.o
 .debug_info    0x0000304d     0x1077 build/i2c.o
 .debug_info    0x000040c4      0xd4c build/usart.o
 .debug_info    0x00004e10      0x993 build/stm32l4xx_it.o
 .debug_info    0x000057a3      0x545 build/stm32l4xx_hal_msp.o
 .debug_info    0x00005ce8     0x3bee build/stm32l4xx_hal_i2c.o
 .debug_info    0x000098d6      0xc60 build/stm32l4xx_hal_i2c_ex.o
 .debug_info    0x0000a536     0x1fa2 build/stm32l4xx_hal_uart.o
 .debug_info    0x0000c4d8      0xf06 build/stm32l4xx_hal.o
 .debug_info    0x0000d3de     0x1089 build/stm32l4xx_hal_rcc.o
 .debug_info    0x0000e467     0x1436 build/stm32l4xx_hal_rcc_ex.o
 .debug_info    0x0000f89d      0xa6d build/stm32l4xx_hal_gpio.o
 .debug_info    0x0001030a      0x9ed build/stm32l4xx_hal_dma.o
 .debug_info    0x00010cf7      0xc62 build/stm32l4xx_hal_pwr_ex.o
 .debug_info    0x00011959     0x119c build/stm32l4xx_hal_cortex.o
 .debug_info    0x00012af5      0x7a6 build/system_stm32l4xx.o
 .debug_info    0x0001329b       0x6b build/startup_stm32l476xx.o

.debug_abbrev   0x00000000     0x24ef
 .debug_abbrev  0x00000000      0x32f build/main.o
 .debug_abbrev  0x0000032f      0x160 build/gpio.o
 .debug_abbrev  0x0000048f      0x15a build/dma.o
 .debug_abbrev  0x000005e9      0x1ed build/i2c.o
 .debug_abbrev  0x000007d6      0x1c8 build/usart.o
 .debug_abbrev  0x0000099e      0x170 build/stm32l4xx_it.o
 .debug_abbrev  0x00000b0e      0x122 build/stm32l4xx_hal_msp.o
 .debug_abbrev  0x00000c30      0x2a9 build/stm32l4xx_hal_i2c.o
 .debug_abbrev  0x00000ed9      0x1b6 build/stm32l4xx_hal_i2c_ex.o
 .debug_abbrev  0x0000108f      0x280 build/stm32l4xx_hal_uart.o
 .debug_abbrev  0x0000130f      0x221 build/stm32l4xx_hal.o
 .debug_abbrev  0x00001530      0x253 build/stm32l4xx_hal_rcc.o
 .debug_abbrev  0x00001783      0x27e build/stm32l4xx_hal_rcc_ex.o
 .debug_abbrev  0x00001a01      0x211 build/stm32l4xx_hal_gpio.o
 .debug_abbrev  0x00001c12      0x24d build/stm32l4xx_hal_dma.o
 .debug_abbrev  0x00001e5f      0x1f6 build/stm32l4xx_hal_pwr_ex.o
 .debug_abbrev  0x00002055      0x33b build/stm32l4xx_hal_cortex.o
 .debug_abbrev  0x00002390      0x14d build/system_stm32l4xx.o
 .debug_abbrev  0x000024dd       0x12 build/startup_stm32l476xx.o

.debug_loc      0x00000000     0xb8c2
 .debug_loc     0x00000000      0x25c build/main.o
 .debug_loc     0x0000025c       0x38 build/gpio.o
 .debug_loc     0x00000294       0x38 build/dma.o
 .debug_loc     0x000002cc       0xe7 build/i2c.o
 .debug_loc     0x000003b3       0xf8 build/usart.o
 .debug_loc     0x000004ab       0x80 build/stm32l4xx_it.o
 .debug_loc     0x0000052b       0x2c build/stm32l4xx_hal_msp.o
 .debug_loc     0x00000557     0x4d55 build/stm32l4xx_hal_i2c.o
 .debug_loc     0x000052ac      0x25c build/stm32l4xx_hal_i2c_ex.o
 .debug_loc     0x00005508     0x1ddd build/stm32l4xx_hal_uart.o
 .debug_loc     0x000072e5      0x2b2 build/stm32l4xx_hal.o
 .debug_loc     0x00007597      0x7bf build/stm32l4xx_hal_rcc.o
 .debug_loc     0x00007d56     0x1d28 build/stm32l4xx_hal_rcc_ex.o
 .debug_loc     0x00009a7e      0x39c build/stm32l4xx_hal_gpio.o
 .debug_loc     0x00009e1a      0x89e build/stm32l4xx_hal_dma.o
 .debug_loc     0x0000a6b8      0x980 build/stm32l4xx_hal_pwr_ex.o
 .debug_loc     0x0000b038      0x6a6 build/stm32l4xx_hal_cortex.o
 .debug_loc     0x0000b6de      0x1e4 build/system_stm32l4xx.o

.debug_aranges  0x00000000      0xbd8
 .debug_aranges
                0x00000000       0x48 build/main.o
 .debug_aranges
                0x00000048       0x20 build/gpio.o
 .debug_aranges
                0x00000068       0x20 build/dma.o
 .debug_aranges
                0x00000088       0x30 build/i2c.o
 .debug_aranges
                0x000000b8       0x30 build/usart.o
 .debug_aranges
                0x000000e8       0x78 build/stm32l4xx_it.o
 .debug_aranges
                0x00000160       0x20 build/stm32l4xx_hal_msp.o
 .debug_aranges
                0x00000180      0x288 build/stm32l4xx_hal_i2c.o
 .debug_aranges
                0x00000408       0x48 build/stm32l4xx_hal_i2c_ex.o
 .debug_aranges
                0x00000450      0x1f8 build/stm32l4xx_hal_uart.o
 .debug_aranges
                0x00000648      0x130 build/stm32l4xx_hal.o
 .debug_aranges
                0x00000778       0x88 build/stm32l4xx_hal_rcc.o
 .debug_aranges
                0x00000800       0xc0 build/stm32l4xx_hal_rcc_ex.o
 .debug_aranges
                0x000008c0       0x58 build/stm32l4xx_hal_gpio.o
 .debug_aranges
                0x00000918       0x80 build/stm32l4xx_hal_dma.o
 .debug_aranges
                0x00000998      0x148 build/stm32l4xx_hal_pwr_ex.o
 .debug_aranges
                0x00000ae0       0xa8 build/stm32l4xx_hal_cortex.o
 .debug_aranges
                0x00000b88       0x28 build/system_stm32l4xx.o
 .debug_aranges
                0x00000bb0       0x28 build/startup_stm32l476xx.o

.debug_ranges   0x00000000      0xb48
 .debug_ranges  0x00000000       0x38 build/main.o
 .debug_ranges  0x00000038       0x10 build/gpio.o
 .debug_ranges  0x00000048       0x10 build/dma.o
 .debug_ranges  0x00000058       0x20 build/i2c.o
 .debug_ranges  0x00000078       0x20 build/usart.o
 .debug_ranges  0x00000098       0x68 build/stm32l4xx_it.o
 .debug_ranges  0x00000100       0x10 build/stm32l4xx_hal_msp.o
 .debug_ranges  0x00000110      0x278 build/stm32l4xx_hal_i2c.o
 .debug_ranges  0x00000388       0x38 build/stm32l4xx_hal_i2c_ex.o
 .debug_ranges  0x000003c0      0x1e8 build/stm32l4xx_hal_uart.o
 .debug_ranges  0x000005a8      0x120 build/stm32l4xx_hal.o
 .debug_ranges  0x000006c8       0x90 build/stm32l4xx_hal_rcc.o
 .debug_ranges  0x00000758       0xd0 build/stm32l4xx_hal_rcc_ex.o
 .debug_ranges  0x00000828       0x48 build/stm32l4xx_hal_gpio.o
 .debug_ranges  0x00000870       0x70 build/stm32l4xx_hal_dma.o
 .debug_ranges  0x000008e0      0x138 build/stm32l4xx_hal_pwr_ex.o
 .debug_ranges  0x00000a18       0xf8 build/stm32l4xx_hal_cortex.o
 .debug_ranges  0x00000b10       0x18 build/system_stm32l4xx.o
 .debug_ranges  0x00000b28       0x20 build/startup_stm32l476xx.o

.debug_line     0x00000000     0x636e
 .debug_line    0x00000000      0x4f4 build/main.o
 .debug_line    0x000004f4      0x206 build/gpio.o
 .debug_line    0x000006fa      0x1fd build/dma.o
 .debug_line    0x000008f7      0x2d4 build/i2c.o
 .debug_line    0x00000bcb      0x27e build/usart.o
 .debug_line    0x00000e49      0x2ca build/stm32l4xx_it.o
 .debug_line    0x00001113      0x1ef build/stm32l4xx_hal_msp.o
 .debug_line    0x00001302     0x1697 build/stm32l4xx_hal_i2c.o
 .debug_line    0x00002999      0x380 build/stm32l4xx_hal_i2c_ex.o
 .debug_line    0x00002d19      0xe0a build/stm32l4xx_hal_uart.o
 .debug_line    0x00003b23      0x4a9 build/stm32l4xx_hal.o
 .debug_line    0x00003fcc      0x5dd build/stm32l4xx_hal_rcc.o
 .debug_line    0x000045a9      0x852 build/stm32l4xx_hal_rcc_ex.o
 .debug_line    0x00004dfb      0x38f build/stm32l4xx_hal_gpio.o
 .debug_line    0x0000518a      0x473 build/stm32l4xx_hal_dma.o
 .debug_line    0x000055fd      0x664 build/stm32l4xx_hal_pwr_ex.o
 .debug_line    0x00005c61      0x45c build/stm32l4xx_hal_cortex.o
 .debug_line    0x000060bd      0x23e build/system_stm32l4xx.o
 .debug_line    0x000062fb       0x73 build/startup_stm32l476xx.o

.debug_str      0x00000000     0x42d6
 .debug_str     0x00000000     0x131f build/main.o
                               0x147e (size before relaxing)
 .debug_str     0x0000131f      0x2c9 build/gpio.o
                                0x5dd (size before relaxing)
 .debug_str     0x000015e8      0x509 build/dma.o
                                0xa22 (size before relaxing)
 .debug_str     0x00001af1       0xd8 build/i2c.o
                               0x100f (size before relaxing)
 .debug_str     0x00001bc9       0x49 build/usart.o
                                0x9be (size before relaxing)
 .debug_str     0x00001c12      0x11d build/stm32l4xx_it.o
                                0x97f (size before relaxing)
 .debug_str     0x00001d2f       0x24 build/stm32l4xx_hal_msp.o
                                0x527 (size before relaxing)
 .debug_str     0x00001d53      0x832 build/stm32l4xx_hal_i2c.o
                               0x1123 (size before relaxing)
 .debug_str     0x00002585       0xe8 build/stm32l4xx_hal_i2c_ex.o
                                0xad5 (size before relaxing)
 .debug_str     0x0000266d      0x708 build/stm32l4xx_hal_uart.o
                               0x109f (size before relaxing)
 .debug_str     0x00002d75      0x417 build/stm32l4xx_hal.o
                                0xee0 (size before relaxing)
 .debug_str     0x0000318c      0x21c build/stm32l4xx_hal_rcc.o
                                0xa4c (size before relaxing)
 .debug_str     0x000033a8      0x33b build/stm32l4xx_hal_rcc_ex.o
                                0xcd1 (size before relaxing)
 .debug_str     0x000036e3       0xd5 build/stm32l4xx_hal_gpio.o
                                0x764 (size before relaxing)
 .debug_str     0x000037b8      0x1f4 build/stm32l4xx_hal_dma.o
                                0x830 (size before relaxing)
 .debug_str     0x000039ac      0x4cf build/stm32l4xx_hal_pwr_ex.o
                                0x9e9 (size before relaxing)
 .debug_str     0x00003e7b      0x423 build/stm32l4xx_hal_cortex.o
                                0xe1f (size before relaxing)
 .debug_str     0x0000429e       0x38 build/system_stm32l4xx.o
                                0x5b2 (size before relaxing)

.comment        0x00000000       0xed
 .comment       0x00000000       0x7f build/main.o
                                 0x80 (size before relaxing)
 .comment       0x0000007f       0x6e build/gpio.o
                                 0x6f (size before relaxing)
 .comment       0x000000ed       0x6f build/dma.o
 .comment       0x000000ed       0x6f build/i2c.o
 .comment       0x000000ed       0x6f build/usart.o
 .comment       0x000000ed       0x6f build/stm32l4xx_it.o
 .comment       0x000000ed       0x6f build/stm32l4xx_hal_msp.o
 .comment       0x000000ed       0x6f build/stm32l4xx_hal_i2c.o
 .comment       0x000000ed       0x6f build/stm32l4xx_hal_i2c_ex.o
 .comment       0x000000ed       0x6f build/stm32l4xx_hal_uart.o
 .comment       0x000000ed       0x6f build/stm32l4xx_hal.o
 .comment       0x000000ed       0x6f build/stm32l4xx_hal_rcc.o
 .comment       0x000000ed       0x6f build/stm32l4xx_hal_rcc_ex.o
 .comment       0x000000ed       0x6f build/stm32l4xx_hal_gpio.o
 .comment       0x000000ed       0x6f build/stm32l4xx_hal_dma.o
 .comment       0x000000ed       0x6f build/stm32l4xx_hal_pwr_ex.o
 .comment       0x000000ed       0x6f build/stm32l4xx_hal_cortex.o
 .comment       0x000000ed       0x6f build/system_stm32l4xx.o

.debug_frame    0x00000000     0x2670
 .debug_frame   0x00000000       0xf8 build/main.o
 .debug_frame   0x000000f8       0x30 build/gpio.o
 .debug_frame   0x00000128       0x2c build/dma.o
 .debug_frame   0x00000154       0x74 build/i2c.o
 .debug_frame   0x000001c8       0x68 build/usart.o
 .debug_frame   0x00000230      0x100 build/stm32l4xx_it.o
 .debug_frame   0x00000330       0x28 build/stm32l4xx_hal_msp.o
 .debug_frame   0x00000358      0xa28 build/stm32l4xx_hal_i2c.o
 .debug_frame   0x00000d80       0x80 build/stm32l4xx_hal_i2c_ex.o
 .debug_frame   0x00000e00      0x658 build/stm32l4xx_hal_uart.o
 .debug_frame   0x00001458      0x290 build/stm32l4xx_hal.o
 .debug_frame   0x000016e8      0x1c0 build/stm32l4xx_hal_rcc.o
 .debug_frame   0x000018a8      0x23c build/stm32l4xx_hal_rcc_ex.o
 .debug_frame   0x00001ae4       0xe4 build/stm32l4xx_hal_gpio.o
 .debug_frame   0x00001bc8      0x180 build/stm32l4xx_hal_dma.o
 .debug_frame   0x00001d48      0x27c build/stm32l4xx_hal_pwr_ex.o
 .debug_frame   0x00001fc4      0x16c build/stm32l4xx_hal_cortex.o
 .debug_frame   0x00002130       0x30 build/system_stm32l4xx.o
 .debug_frame   0x00002160       0x2c c:/program files (x86)/gnu tools arm embedded/7 2018-q2-update/bin/../lib/gcc/arm-none-eabi/7.3.1/../../../../arm-none-eabi/lib/thumb/v7e-m/fpv4-sp/hard\libc_nano.a(lib_a-init.o)
 .debug_frame   0x0000218c       0x20 c:/program files (x86)/gnu tools arm embedded/7 2018-q2-update/bin/../lib/gcc/arm-none-eabi/7.3.1/../../../../arm-none-eabi/lib/thumb/v7e-m/fpv4-sp/hard\libc_nano.a(lib_a-memset.o)
 .debug_frame   0x000021ac       0x6c c:/program files (x86)/gnu tools arm embedded/7 2018-q2-update/bin/../lib/gcc/arm-none-eabi/7.3.1/../../../../arm-none-eabi/lib/thumb/v7e-m/fpv4-sp/hard\libc_nano.a(lib_a-sprintf.o)
 .debug_frame   0x00002218       0x90 c:/program files (x86)/gnu tools arm embedded/7 2018-q2-update/bin/../lib/gcc/arm-none-eabi/7.3.1/../../../../arm-none-eabi/lib/thumb/v7e-m/fpv4-sp/hard\libc_nano.a(lib_a-nano-svfprintf.o)
 .debug_frame   0x000022a8       0x60 c:/program files (x86)/gnu tools arm embedded/7 2018-q2-update/bin/../lib/gcc/arm-none-eabi/7.3.1/../../../../arm-none-eabi/lib/thumb/v7e-m/fpv4-sp/hard\libc_nano.a(lib_a-nano-vfprintf_i.o)
 .debug_frame   0x00002308       0x28 c:/program files (x86)/gnu tools arm embedded/7 2018-q2-update/bin/../lib/gcc/arm-none-eabi/7.3.1/../../../../arm-none-eabi/lib/thumb/v7e-m/fpv4-sp/hard\libc_nano.a(lib_a-memcpy-stub.o)
 .debug_frame   0x00002330       0x28 c:/program files (x86)/gnu tools arm embedded/7 2018-q2-update/bin/../lib/gcc/arm-none-eabi/7.3.1/../../../../arm-none-eabi/lib/thumb/v7e-m/fpv4-sp/hard\libc_nano.a(lib_a-memmove.o)
 .debug_frame   0x00002358       0x38 c:/program files (x86)/gnu tools arm embedded/7 2018-q2-update/bin/../lib/gcc/arm-none-eabi/7.3.1/../../../../arm-none-eabi/lib/thumb/v7e-m/fpv4-sp/hard\libc_nano.a(lib_a-nano-freer.o)
 .debug_frame   0x00002390       0x2c c:/program files (x86)/gnu tools arm embedded/7 2018-q2-update/bin/../lib/gcc/arm-none-eabi/7.3.1/../../../../arm-none-eabi/lib/thumb/v7e-m/fpv4-sp/hard\libc_nano.a(lib_a-nano-mallocr.o)
 .debug_frame   0x000023bc       0x3c c:/program files (x86)/gnu tools arm embedded/7 2018-q2-update/bin/../lib/gcc/arm-none-eabi/7.3.1/../../../../arm-none-eabi/lib/thumb/v7e-m/fpv4-sp/hard\libc_nano.a(lib_a-nano-reallocr.o)
 .debug_frame   0x000023f8       0x2c c:/program files (x86)/gnu tools arm embedded/7 2018-q2-update/bin/../lib/gcc/arm-none-eabi/7.3.1/../../../../arm-none-eabi/lib/thumb/v7e-m/fpv4-sp/hard\libc_nano.a(lib_a-sbrkr.o)
 .debug_frame   0x00002424       0x30 c:/program files (x86)/gnu tools arm embedded/7 2018-q2-update/bin/../lib/gcc/arm-none-eabi/7.3.1/../../../../arm-none-eabi/lib/thumb/v7e-m/fpv4-sp/hard\libc_nano.a(lib_a-mlock.o)
 .debug_frame   0x00002454       0x20 c:/program files (x86)/gnu tools arm embedded/7 2018-q2-update/bin/../lib/gcc/arm-none-eabi/7.3.1/../../../../arm-none-eabi/lib/thumb/v7e-m/fpv4-sp/hard\libc_nano.a(lib_a-nano-msizer.o)
 .debug_frame   0x00002474       0x5c c:/program files (x86)/gnu tools arm embedded/7 2018-q2-update/bin/../lib/gcc/arm-none-eabi/7.3.1/../../../../arm-none-eabi/lib/thumb/v7e-m/fpv4-sp/hard\libc_nano.a(lib_a-reent.o)
 .debug_frame   0x000024d0       0x20 c:/program files (x86)/gnu tools arm embedded/7 2018-q2-update/bin/../lib/gcc/arm-none-eabi/7.3.1/../../../../arm-none-eabi/lib/thumb/v7e-m/fpv4-sp/hard\libnosys.a(sbrk.o)
 .debug_frame   0x000024f0       0xac c:/program files (x86)/gnu tools arm embedded/7 2018-q2-update/bin/../lib/gcc/arm-none-eabi/7.3.1/thumb/v7e-m/fpv4-sp/hard\libgcc.a(_arm_addsubdf3.o)
 .debug_frame   0x0000259c       0x50 c:/program files (x86)/gnu tools arm embedded/7 2018-q2-update/bin/../lib/gcc/arm-none-eabi/7.3.1/thumb/v7e-m/fpv4-sp/hard\libgcc.a(_arm_muldivdf3.o)
 .debug_frame   0x000025ec       0x24 c:/program files (x86)/gnu tools arm embedded/7 2018-q2-update/bin/../lib/gcc/arm-none-eabi/7.3.1/thumb/v7e-m/fpv4-sp/hard\libgcc.a(_arm_truncdfsf2.o)
 .debug_frame   0x00002610       0x2c c:/program files (x86)/gnu tools arm embedded/7 2018-q2-update/bin/../lib/gcc/arm-none-eabi/7.3.1/thumb/v7e-m/fpv4-sp/hard\libgcc.a(_aeabi_uldivmod.o)
 .debug_frame   0x0000263c       0x34 c:/program files (x86)/gnu tools arm embedded/7 2018-q2-update/bin/../lib/gcc/arm-none-eabi/7.3.1/thumb/v7e-m/fpv4-sp/hard\libgcc.a(_udivmoddi4.o)

Cross Reference Table

Symbol                                            File
ADC1_2_IRQHandler                                 build/startup_stm32l476xx.o
ADC3_IRQHandler                                   build/startup_stm32l476xx.o
AHBPrescTable                                     build/system_stm32l4xx.o
                                                  build/stm32l4xx_hal_rcc.o
APBPrescTable                                     build/system_stm32l4xx.o
                                                  build/stm32l4xx_hal_rcc.o
Accl                                              build/main.o
Accl_temp                                         build/main.o
BMX_Init                                          build/main.o
BusFault_Handler                                  build/stm32l4xx_it.o
CAN1_RX0_IRQHandler                               build/startup_stm32l476xx.o
CAN1_RX1_IRQHandler                               build/startup_stm32l476xx.o
CAN1_SCE_IRQHandler                               build/startup_stm32l476xx.o
CAN1_TX_IRQHandler                                build/startup_stm32l476xx.o
COMP_IRQHandler                                   build/startup_stm32l476xx.o
DFSDM1_FLT0_IRQHandler                            build/startup_stm32l476xx.o
DFSDM1_FLT1_IRQHandler                            build/startup_stm32l476xx.o
DFSDM1_FLT2_IRQHandler                            build/startup_stm32l476xx.o
DFSDM1_FLT3_IRQHandler                            build/startup_stm32l476xx.o
DMA1_Channel1_IRQHandler                          build/startup_stm32l476xx.o
DMA1_Channel2_IRQHandler                          build/startup_stm32l476xx.o
DMA1_Channel3_IRQHandler                          build/startup_stm32l476xx.o
DMA1_Channel4_IRQHandler                          build/startup_stm32l476xx.o
DMA1_Channel5_IRQHandler                          build/startup_stm32l476xx.o
DMA1_Channel6_IRQHandler                          build/stm32l4xx_it.o
DMA1_Channel7_IRQHandler                          build/stm32l4xx_it.o
DMA2_Channel1_IRQHandler                          build/startup_stm32l476xx.o
DMA2_Channel2_IRQHandler                          build/startup_stm32l476xx.o
DMA2_Channel3_IRQHandler                          build/startup_stm32l476xx.o
DMA2_Channel4_IRQHandler                          build/startup_stm32l476xx.o
DMA2_Channel5_IRQHandler                          build/startup_stm32l476xx.o
DMA2_Channel6_IRQHandler                          build/startup_stm32l476xx.o
DMA2_Channel7_IRQHandler                          build/startup_stm32l476xx.o
DebugMon_Handler                                  build/stm32l4xx_it.o
Default_Handler                                   build/startup_stm32l476xx.o
EXTI0_IRQHandler                                  build/startup_stm32l476xx.o
EXTI15_10_IRQHandler                              build/startup_stm32l476xx.o
EXTI1_IRQHandler                                  build/startup_stm32l476xx.o
EXTI2_IRQHandler                                  build/startup_stm32l476xx.o
EXTI3_IRQHandler                                  build/startup_stm32l476xx.o
EXTI4_IRQHandler                                  build/startup_stm32l476xx.o
EXTI9_5_IRQHandler                                build/startup_stm32l476xx.o
Error_Handler                                     build/main.o
                                                  build/usart.o
                                                  build/i2c.o
FLASH_FlushCaches                                 build/stm32l4xx_hal_flash_ex.o
                                                  build/stm32l4xx_hal_flash.o
FLASH_IRQHandler                                  build/startup_stm32l476xx.o
FLASH_PageErase                                   build/stm32l4xx_hal_flash_ex.o
                                                  build/stm32l4xx_hal_flash.o
FLASH_WaitForLastOperation                        build/stm32l4xx_hal_flash.o
                                                  build/stm32l4xx_hal_flash_ex.o
FMC_IRQHandler                                    build/startup_stm32l476xx.o
FPU_IRQHandler                                    build/startup_stm32l476xx.o
Gyro                                              build/main.o
Gyro_temp                                         build/main.o
HAL_DBGMCU_DisableDBGSleepMode                    build/stm32l4xx_hal.o
HAL_DBGMCU_DisableDBGStandbyMode                  build/stm32l4xx_hal.o
HAL_DBGMCU_DisableDBGStopMode                     build/stm32l4xx_hal.o
HAL_DBGMCU_EnableDBGSleepMode                     build/stm32l4xx_hal.o
HAL_DBGMCU_EnableDBGStandbyMode                   build/stm32l4xx_hal.o
HAL_DBGMCU_EnableDBGStopMode                      build/stm32l4xx_hal.o
HAL_DMA_Abort                                     build/stm32l4xx_hal_dma.o
                                                  build/stm32l4xx_hal_uart.o
HAL_DMA_Abort_IT                                  build/stm32l4xx_hal_dma.o
                                                  build/stm32l4xx_hal_uart.o
                                                  build/stm32l4xx_hal_i2c.o
HAL_DMA_DeInit                                    build/stm32l4xx_hal_dma.o
                                                  build/i2c.o
HAL_DMA_GetError                                  build/stm32l4xx_hal_dma.o
                                                  build/stm32l4xx_hal_uart.o
HAL_DMA_GetState                                  build/stm32l4xx_hal_dma.o
HAL_DMA_IRQHandler                                build/stm32l4xx_hal_dma.o
                                                  build/stm32l4xx_it.o
HAL_DMA_Init                                      build/stm32l4xx_hal_dma.o
                                                  build/i2c.o
HAL_DMA_PollForTransfer                           build/stm32l4xx_hal_dma.o
HAL_DMA_RegisterCallback                          build/stm32l4xx_hal_dma.o
HAL_DMA_Start                                     build/stm32l4xx_hal_dma.o
HAL_DMA_Start_IT                                  build/stm32l4xx_hal_dma.o
                                                  build/stm32l4xx_hal_uart.o
                                                  build/stm32l4xx_hal_i2c.o
HAL_DMA_UnRegisterCallback                        build/stm32l4xx_hal_dma.o
HAL_DeInit                                        build/stm32l4xx_hal.o
HAL_Delay                                         build/stm32l4xx_hal.o
                                                  build/main.o
HAL_EXTI_ClearConfigLine                          build/stm32l4xx_hal_exti.o
HAL_EXTI_ClearPending                             build/stm32l4xx_hal_exti.o
HAL_EXTI_GenerateSWI                              build/stm32l4xx_hal_exti.o
HAL_EXTI_GetConfigLine                            build/stm32l4xx_hal_exti.o
HAL_EXTI_GetHandle                                build/stm32l4xx_hal_exti.o
HAL_EXTI_GetPending                               build/stm32l4xx_hal_exti.o
HAL_EXTI_IRQHandler                               build/stm32l4xx_hal_exti.o
HAL_EXTI_RegisterCallback                         build/stm32l4xx_hal_exti.o
HAL_EXTI_SetConfigLine                            build/stm32l4xx_hal_exti.o
HAL_FLASHEx_DisableRunPowerDown                   build/stm32l4xx_hal_flash_ramfunc.o
HAL_FLASHEx_EnableRunPowerDown                    build/stm32l4xx_hal_flash_ramfunc.o
HAL_FLASHEx_Erase                                 build/stm32l4xx_hal_flash_ex.o
HAL_FLASHEx_Erase_IT                              build/stm32l4xx_hal_flash_ex.o
HAL_FLASHEx_OBGetConfig                           build/stm32l4xx_hal_flash_ex.o
HAL_FLASHEx_OBProgram                             build/stm32l4xx_hal_flash_ex.o
HAL_FLASH_EndOfOperationCallback                  build/stm32l4xx_hal_flash.o
HAL_FLASH_GetError                                build/stm32l4xx_hal_flash.o
HAL_FLASH_IRQHandler                              build/stm32l4xx_hal_flash.o
HAL_FLASH_Lock                                    build/stm32l4xx_hal_flash.o
HAL_FLASH_OB_Launch                               build/stm32l4xx_hal_flash.o
HAL_FLASH_OB_Lock                                 build/stm32l4xx_hal_flash.o
HAL_FLASH_OB_Unlock                               build/stm32l4xx_hal_flash.o
HAL_FLASH_OperationErrorCallback                  build/stm32l4xx_hal_flash.o
HAL_FLASH_Program                                 build/stm32l4xx_hal_flash.o
HAL_FLASH_Program_IT                              build/stm32l4xx_hal_flash.o
HAL_FLASH_Unlock                                  build/stm32l4xx_hal_flash.o
HAL_GPIO_DeInit                                   build/stm32l4xx_hal_gpio.o
                                                  build/usart.o
                                                  build/i2c.o
HAL_GPIO_EXTI_Callback                            build/stm32l4xx_hal_gpio.o
HAL_GPIO_EXTI_IRQHandler                          build/stm32l4xx_hal_gpio.o
HAL_GPIO_Init                                     build/stm32l4xx_hal_gpio.o
                                                  build/stm32l4xx_hal_rcc_ex.o
                                                  build/stm32l4xx_hal_rcc.o
                                                  build/usart.o
                                                  build/i2c.o
                                                  build/gpio.o
HAL_GPIO_LockPin                                  build/stm32l4xx_hal_gpio.o
HAL_GPIO_ReadPin                                  build/stm32l4xx_hal_gpio.o
HAL_GPIO_TogglePin                                build/stm32l4xx_hal_gpio.o
HAL_GPIO_WritePin                                 build/stm32l4xx_hal_gpio.o
                                                  build/gpio.o
HAL_GetDEVID                                      build/stm32l4xx_hal.o
HAL_GetHalVersion                                 build/stm32l4xx_hal.o
HAL_GetREVID                                      build/stm32l4xx_hal.o
HAL_GetTick                                       build/stm32l4xx_hal.o
                                                  build/stm32l4xx_hal_dma.o
                                                  build/stm32l4xx_hal_flash.o
                                                  build/stm32l4xx_hal_rcc_ex.o
                                                  build/stm32l4xx_hal_rcc.o
                                                  build/stm32l4xx_hal_uart_ex.o
                                                  build/stm32l4xx_hal_uart.o
                                                  build/stm32l4xx_hal_i2c.o
HAL_GetTickFreq                                   build/stm32l4xx_hal.o
HAL_GetTickPrio                                   build/stm32l4xx_hal.o
HAL_GetUIDw0                                      build/stm32l4xx_hal.o
HAL_GetUIDw1                                      build/stm32l4xx_hal.o
HAL_GetUIDw2                                      build/stm32l4xx_hal.o
HAL_HalfDuplex_EnableReceiver                     build/stm32l4xx_hal_uart.o
HAL_HalfDuplex_EnableTransmitter                  build/stm32l4xx_hal_uart.o
HAL_HalfDuplex_Init                               build/stm32l4xx_hal_uart.o
HAL_I2CEx_ConfigAnalogFilter                      build/stm32l4xx_hal_i2c_ex.o
                                                  build/i2c.o
HAL_I2CEx_ConfigDigitalFilter                     build/stm32l4xx_hal_i2c_ex.o
                                                  build/i2c.o
HAL_I2CEx_DisableFastModePlus                     build/stm32l4xx_hal_i2c_ex.o
HAL_I2CEx_DisableWakeUp                           build/stm32l4xx_hal_i2c_ex.o
HAL_I2CEx_EnableFastModePlus                      build/stm32l4xx_hal_i2c_ex.o
HAL_I2CEx_EnableWakeUp                            build/stm32l4xx_hal_i2c_ex.o
HAL_I2C_AbortCpltCallback                         build/stm32l4xx_hal_i2c.o
HAL_I2C_AddrCallback                              build/stm32l4xx_hal_i2c.o
HAL_I2C_DeInit                                    build/stm32l4xx_hal_i2c.o
HAL_I2C_DisableListen_IT                          build/stm32l4xx_hal_i2c.o
HAL_I2C_ER_IRQHandler                             build/stm32l4xx_hal_i2c.o
HAL_I2C_EV_IRQHandler                             build/stm32l4xx_hal_i2c.o
                                                  build/stm32l4xx_it.o
HAL_I2C_EnableListen_IT                           build/stm32l4xx_hal_i2c.o
HAL_I2C_ErrorCallback                             build/stm32l4xx_hal_i2c.o
HAL_I2C_GetError                                  build/stm32l4xx_hal_i2c.o
HAL_I2C_GetMode                                   build/stm32l4xx_hal_i2c.o
HAL_I2C_GetState                                  build/stm32l4xx_hal_i2c.o
HAL_I2C_Init                                      build/stm32l4xx_hal_i2c.o
                                                  build/i2c.o
HAL_I2C_IsDeviceReady                             build/stm32l4xx_hal_i2c.o
HAL_I2C_ListenCpltCallback                        build/stm32l4xx_hal_i2c.o
HAL_I2C_MasterRxCpltCallback                      build/stm32l4xx_hal_i2c.o
HAL_I2C_MasterTxCpltCallback                      build/stm32l4xx_hal_i2c.o
HAL_I2C_Master_Abort_IT                           build/stm32l4xx_hal_i2c.o
HAL_I2C_Master_Receive                            build/stm32l4xx_hal_i2c.o
HAL_I2C_Master_Receive_DMA                        build/stm32l4xx_hal_i2c.o
HAL_I2C_Master_Receive_IT                         build/stm32l4xx_hal_i2c.o
HAL_I2C_Master_Seq_Receive_DMA                    build/stm32l4xx_hal_i2c.o
HAL_I2C_Master_Seq_Receive_IT                     build/stm32l4xx_hal_i2c.o
HAL_I2C_Master_Seq_Transmit_DMA                   build/stm32l4xx_hal_i2c.o
HAL_I2C_Master_Seq_Transmit_IT                    build/stm32l4xx_hal_i2c.o
HAL_I2C_Master_Transmit                           build/stm32l4xx_hal_i2c.o
HAL_I2C_Master_Transmit_DMA                       build/stm32l4xx_hal_i2c.o
HAL_I2C_Master_Transmit_IT                        build/stm32l4xx_hal_i2c.o
HAL_I2C_MemRxCpltCallback                         build/main.o
HAL_I2C_MemTxCpltCallback                         build/stm32l4xx_hal_i2c.o
HAL_I2C_Mem_Read                                  build/stm32l4xx_hal_i2c.o
HAL_I2C_Mem_Read_DMA                              build/stm32l4xx_hal_i2c.o
                                                  build/main.o
HAL_I2C_Mem_Read_IT                               build/stm32l4xx_hal_i2c.o
HAL_I2C_Mem_Write                                 build/stm32l4xx_hal_i2c.o
                                                  build/main.o
HAL_I2C_Mem_Write_DMA                             build/stm32l4xx_hal_i2c.o
HAL_I2C_Mem_Write_IT                              build/stm32l4xx_hal_i2c.o
HAL_I2C_MspDeInit                                 build/i2c.o
HAL_I2C_MspInit                                   build/i2c.o
HAL_I2C_SlaveRxCpltCallback                       build/stm32l4xx_hal_i2c.o
HAL_I2C_SlaveTxCpltCallback                       build/stm32l4xx_hal_i2c.o
HAL_I2C_Slave_Receive                             build/stm32l4xx_hal_i2c.o
HAL_I2C_Slave_Receive_DMA                         build/stm32l4xx_hal_i2c.o
HAL_I2C_Slave_Receive_IT                          build/stm32l4xx_hal_i2c.o
HAL_I2C_Slave_Seq_Receive_DMA                     build/stm32l4xx_hal_i2c.o
HAL_I2C_Slave_Seq_Receive_IT                      build/stm32l4xx_hal_i2c.o
HAL_I2C_Slave_Seq_Transmit_DMA                    build/stm32l4xx_hal_i2c.o
HAL_I2C_Slave_Seq_Transmit_IT                     build/stm32l4xx_hal_i2c.o
HAL_I2C_Slave_Transmit                            build/stm32l4xx_hal_i2c.o
HAL_I2C_Slave_Transmit_DMA                        build/stm32l4xx_hal_i2c.o
HAL_I2C_Slave_Transmit_IT                         build/stm32l4xx_hal_i2c.o
HAL_IncTick                                       build/stm32l4xx_hal.o
                                                  build/stm32l4xx_it.o
HAL_Init                                          build/stm32l4xx_hal.o
                                                  build/main.o
HAL_InitTick                                      build/stm32l4xx_hal.o
                                                  build/stm32l4xx_hal_rcc.o
HAL_LIN_Init                                      build/stm32l4xx_hal_uart.o
HAL_LIN_SendBreak                                 build/stm32l4xx_hal_uart.o
HAL_MPU_ConfigRegion                              build/stm32l4xx_hal_cortex.o
HAL_MPU_Disable                                   build/stm32l4xx_hal_cortex.o
HAL_MPU_Enable                                    build/stm32l4xx_hal_cortex.o
HAL_MspDeInit                                     build/stm32l4xx_hal.o
HAL_MspInit                                       build/stm32l4xx_hal_msp.o
HAL_MultiProcessorEx_AddressLength_Set            build/stm32l4xx_hal_uart_ex.o
HAL_MultiProcessor_DisableMuteMode                build/stm32l4xx_hal_uart.o
HAL_MultiProcessor_EnableMuteMode                 build/stm32l4xx_hal_uart.o
HAL_MultiProcessor_EnterMuteMode                  build/stm32l4xx_hal_uart.o
HAL_MultiProcessor_Init                           build/stm32l4xx_hal_uart.o
HAL_NVIC_ClearPendingIRQ                          build/stm32l4xx_hal_cortex.o
HAL_NVIC_DisableIRQ                               build/stm32l4xx_hal_cortex.o
                                                  build/i2c.o
HAL_NVIC_EnableIRQ                                build/stm32l4xx_hal_cortex.o
                                                  build/i2c.o
                                                  build/dma.o
HAL_NVIC_GetActive                                build/stm32l4xx_hal_cortex.o
HAL_NVIC_GetPendingIRQ                            build/stm32l4xx_hal_cortex.o
HAL_NVIC_GetPriority                              build/stm32l4xx_hal_cortex.o
HAL_NVIC_GetPriorityGrouping                      build/stm32l4xx_hal_cortex.o
HAL_NVIC_SetPendingIRQ                            build/stm32l4xx_hal_cortex.o
HAL_NVIC_SetPriority                              build/stm32l4xx_hal_cortex.o
                                                  build/stm32l4xx_hal.o
                                                  build/i2c.o
                                                  build/dma.o
HAL_NVIC_SetPriorityGrouping                      build/stm32l4xx_hal_cortex.o
                                                  build/stm32l4xx_hal.o
HAL_NVIC_SystemReset                              build/stm32l4xx_hal_cortex.o
HAL_PWREx_ConfigPVM                               build/stm32l4xx_hal_pwr_ex.o
HAL_PWREx_ControlVoltageScaling                   build/stm32l4xx_hal_pwr_ex.o
                                                  build/main.o
HAL_PWREx_DisableBatteryCharging                  build/stm32l4xx_hal_pwr_ex.o
HAL_PWREx_DisableGPIOPullDown                     build/stm32l4xx_hal_pwr_ex.o
HAL_PWREx_DisableGPIOPullUp                       build/stm32l4xx_hal_pwr_ex.o
HAL_PWREx_DisableInternalWakeUpLine               build/stm32l4xx_hal_pwr_ex.o
HAL_PWREx_DisableLowPowerRunMode                  build/stm32l4xx_hal_pwr_ex.o
                                                  build/stm32l4xx_hal_pwr.o
HAL_PWREx_DisablePVM1                             build/stm32l4xx_hal_pwr_ex.o
HAL_PWREx_DisablePVM2                             build/stm32l4xx_hal_pwr_ex.o
HAL_PWREx_DisablePVM3                             build/stm32l4xx_hal_pwr_ex.o
HAL_PWREx_DisablePVM4                             build/stm32l4xx_hal_pwr_ex.o
HAL_PWREx_DisablePullUpPullDownConfig             build/stm32l4xx_hal_pwr_ex.o
HAL_PWREx_DisableSRAM2ContentRetention            build/stm32l4xx_hal_pwr_ex.o
HAL_PWREx_DisableVddIO2                           build/stm32l4xx_hal_pwr_ex.o
HAL_PWREx_DisableVddUSB                           build/stm32l4xx_hal_pwr_ex.o
HAL_PWREx_EnableBatteryCharging                   build/stm32l4xx_hal_pwr_ex.o
HAL_PWREx_EnableGPIOPullDown                      build/stm32l4xx_hal_pwr_ex.o
HAL_PWREx_EnableGPIOPullUp                        build/stm32l4xx_hal_pwr_ex.o
HAL_PWREx_EnableInternalWakeUpLine                build/stm32l4xx_hal_pwr_ex.o
HAL_PWREx_EnableLowPowerRunMode                   build/stm32l4xx_hal_pwr_ex.o
                                                  build/stm32l4xx_hal_pwr.o
HAL_PWREx_EnablePVM1                              build/stm32l4xx_hal_pwr_ex.o
HAL_PWREx_EnablePVM2                              build/stm32l4xx_hal_pwr_ex.o
HAL_PWREx_EnablePVM3                              build/stm32l4xx_hal_pwr_ex.o
HAL_PWREx_EnablePVM4                              build/stm32l4xx_hal_pwr_ex.o
HAL_PWREx_EnablePullUpPullDownConfig              build/stm32l4xx_hal_pwr_ex.o
HAL_PWREx_EnableSRAM2ContentRetention             build/stm32l4xx_hal_pwr_ex.o
HAL_PWREx_EnableVddIO2                            build/stm32l4xx_hal_pwr_ex.o
HAL_PWREx_EnableVddUSB                            build/stm32l4xx_hal_pwr_ex.o
HAL_PWREx_EnterSHUTDOWNMode                       build/stm32l4xx_hal_pwr_ex.o
HAL_PWREx_EnterSTOP0Mode                          build/stm32l4xx_hal_pwr_ex.o
                                                  build/stm32l4xx_hal_pwr.o
HAL_PWREx_EnterSTOP1Mode                          build/stm32l4xx_hal_pwr_ex.o
                                                  build/stm32l4xx_hal_pwr.o
HAL_PWREx_EnterSTOP2Mode                          build/stm32l4xx_hal_pwr_ex.o
HAL_PWREx_GetVoltageRange                         build/stm32l4xx_hal_pwr_ex.o
                                                  build/stm32l4xx_hal_rcc.o
HAL_PWREx_PVD_PVM_IRQHandler                      build/stm32l4xx_hal_pwr_ex.o
HAL_PWREx_PVM1Callback                            build/stm32l4xx_hal_pwr_ex.o
HAL_PWREx_PVM2Callback                            build/stm32l4xx_hal_pwr_ex.o
HAL_PWREx_PVM3Callback                            build/stm32l4xx_hal_pwr_ex.o
HAL_PWREx_PVM4Callback                            build/stm32l4xx_hal_pwr_ex.o
HAL_PWR_ConfigPVD                                 build/stm32l4xx_hal_pwr.o
HAL_PWR_DeInit                                    build/stm32l4xx_hal_pwr.o
HAL_PWR_DisableBkUpAccess                         build/stm32l4xx_hal_pwr.o
                                                  build/stm32l4xx_hal_rcc_ex.o
HAL_PWR_DisablePVD                                build/stm32l4xx_hal_pwr.o
HAL_PWR_DisableSEVOnPend                          build/stm32l4xx_hal_pwr.o
HAL_PWR_DisableSleepOnExit                        build/stm32l4xx_hal_pwr.o
HAL_PWR_DisableWakeUpPin                          build/stm32l4xx_hal_pwr.o
HAL_PWR_EnableBkUpAccess                          build/stm32l4xx_hal_pwr.o
                                                  build/stm32l4xx_hal_rcc_ex.o
HAL_PWR_EnablePVD                                 build/stm32l4xx_hal_pwr.o
HAL_PWR_EnableSEVOnPend                           build/stm32l4xx_hal_pwr.o
HAL_PWR_EnableSleepOnExit                         build/stm32l4xx_hal_pwr.o
HAL_PWR_EnableWakeUpPin                           build/stm32l4xx_hal_pwr.o
HAL_PWR_EnterSLEEPMode                            build/stm32l4xx_hal_pwr.o
HAL_PWR_EnterSTANDBYMode                          build/stm32l4xx_hal_pwr.o
HAL_PWR_EnterSTOPMode                             build/stm32l4xx_hal_pwr.o
HAL_PWR_PVDCallback                               build/stm32l4xx_hal_pwr.o
                                                  build/stm32l4xx_hal_pwr_ex.o
HAL_RCCEx_DisableLSCO                             build/stm32l4xx_hal_rcc_ex.o
HAL_RCCEx_DisableLSECSS                           build/stm32l4xx_hal_rcc_ex.o
HAL_RCCEx_DisableMSIPLLMode                       build/stm32l4xx_hal_rcc_ex.o
HAL_RCCEx_DisablePLLSAI1                          build/stm32l4xx_hal_rcc_ex.o
HAL_RCCEx_DisablePLLSAI2                          build/stm32l4xx_hal_rcc_ex.o
HAL_RCCEx_EnableLSCO                              build/stm32l4xx_hal_rcc_ex.o
HAL_RCCEx_EnableLSECSS                            build/stm32l4xx_hal_rcc_ex.o
HAL_RCCEx_EnableLSECSS_IT                         build/stm32l4xx_hal_rcc_ex.o
HAL_RCCEx_EnableMSIPLLMode                        build/stm32l4xx_hal_rcc_ex.o
HAL_RCCEx_EnablePLLSAI1                           build/stm32l4xx_hal_rcc_ex.o
HAL_RCCEx_EnablePLLSAI2                           build/stm32l4xx_hal_rcc_ex.o
HAL_RCCEx_GetPeriphCLKConfig                      build/stm32l4xx_hal_rcc_ex.o
HAL_RCCEx_GetPeriphCLKFreq                        build/stm32l4xx_hal_rcc_ex.o
HAL_RCCEx_LSECSS_Callback                         build/stm32l4xx_hal_rcc_ex.o
HAL_RCCEx_LSECSS_IRQHandler                       build/stm32l4xx_hal_rcc_ex.o
HAL_RCCEx_PeriphCLKConfig                         build/stm32l4xx_hal_rcc_ex.o
                                                  build/main.o
HAL_RCCEx_StandbyMSIRangeConfig                   build/stm32l4xx_hal_rcc_ex.o
HAL_RCCEx_WakeUpStopCLKConfig                     build/stm32l4xx_hal_rcc_ex.o
HAL_RCC_CSSCallback                               build/stm32l4xx_hal_rcc.o
HAL_RCC_ClockConfig                               build/stm32l4xx_hal_rcc.o
                                                  build/main.o
HAL_RCC_DeInit                                    build/stm32l4xx_hal_rcc.o
HAL_RCC_EnableCSS                                 build/stm32l4xx_hal_rcc.o
HAL_RCC_GetClockConfig                            build/stm32l4xx_hal_rcc.o
HAL_RCC_GetHCLKFreq                               build/stm32l4xx_hal_rcc.o
HAL_RCC_GetOscConfig                              build/stm32l4xx_hal_rcc.o
HAL_RCC_GetPCLK1Freq                              build/stm32l4xx_hal_rcc.o
                                                  build/stm32l4xx_hal_rcc_ex.o
                                                  build/stm32l4xx_hal_uart.o
HAL_RCC_GetPCLK2Freq                              build/stm32l4xx_hal_rcc.o
                                                  build/stm32l4xx_hal_rcc_ex.o
                                                  build/stm32l4xx_hal_uart.o
HAL_RCC_GetSysClockFreq                           build/stm32l4xx_hal_rcc.o
                                                  build/stm32l4xx_hal_rcc_ex.o
                                                  build/stm32l4xx_hal_uart.o
HAL_RCC_MCOConfig                                 build/stm32l4xx_hal_rcc.o
HAL_RCC_NMI_IRQHandler                            build/stm32l4xx_hal_rcc.o
HAL_RCC_OscConfig                                 build/stm32l4xx_hal_rcc.o
                                                  build/main.o
HAL_RS485Ex_Init                                  build/stm32l4xx_hal_uart_ex.o
HAL_ResumeTick                                    build/stm32l4xx_hal.o
HAL_SYSCFG_DisableIOAnalogSwitchBooster           build/stm32l4xx_hal.o
HAL_SYSCFG_DisableMemorySwappingBank              build/stm32l4xx_hal.o
HAL_SYSCFG_DisableVREFBUF                         build/stm32l4xx_hal.o
HAL_SYSCFG_EnableIOAnalogSwitchBooster            build/stm32l4xx_hal.o
HAL_SYSCFG_EnableMemorySwappingBank               build/stm32l4xx_hal.o
HAL_SYSCFG_EnableVREFBUF                          build/stm32l4xx_hal.o
HAL_SYSCFG_SRAM2Erase                             build/stm32l4xx_hal.o
HAL_SYSCFG_VREFBUF_HighImpedanceConfig            build/stm32l4xx_hal.o
HAL_SYSCFG_VREFBUF_TrimmingConfig                 build/stm32l4xx_hal.o
HAL_SYSCFG_VREFBUF_VoltageScalingConfig           build/stm32l4xx_hal.o
HAL_SYSTICK_CLKSourceConfig                       build/stm32l4xx_hal_cortex.o
HAL_SYSTICK_Callback                              build/stm32l4xx_hal_cortex.o
HAL_SYSTICK_Config                                build/stm32l4xx_hal_cortex.o
                                                  build/stm32l4xx_hal.o
HAL_SYSTICK_IRQHandler                            build/stm32l4xx_hal_cortex.o
HAL_SetTickFreq                                   build/stm32l4xx_hal.o
HAL_SuspendTick                                   build/stm32l4xx_hal.o
HAL_UARTEx_DisableClockStopMode                   build/stm32l4xx_hal_uart_ex.o
HAL_UARTEx_DisableStopMode                        build/stm32l4xx_hal_uart_ex.o
HAL_UARTEx_EnableClockStopMode                    build/stm32l4xx_hal_uart_ex.o
HAL_UARTEx_EnableStopMode                         build/stm32l4xx_hal_uart_ex.o
HAL_UARTEx_StopModeWakeUpSourceConfig             build/stm32l4xx_hal_uart_ex.o
HAL_UARTEx_WakeupCallback                         build/stm32l4xx_hal_uart_ex.o
                                                  build/stm32l4xx_hal_uart.o
HAL_UART_Abort                                    build/stm32l4xx_hal_uart.o
HAL_UART_AbortCpltCallback                        build/stm32l4xx_hal_uart.o
HAL_UART_AbortReceive                             build/stm32l4xx_hal_uart.o
HAL_UART_AbortReceiveCpltCallback                 build/stm32l4xx_hal_uart.o
HAL_UART_AbortReceive_IT                          build/stm32l4xx_hal_uart.o
HAL_UART_AbortTransmit                            build/stm32l4xx_hal_uart.o
HAL_UART_AbortTransmitCpltCallback                build/stm32l4xx_hal_uart.o
HAL_UART_AbortTransmit_IT                         build/stm32l4xx_hal_uart.o
HAL_UART_Abort_IT                                 build/stm32l4xx_hal_uart.o
HAL_UART_DMAPause                                 build/stm32l4xx_hal_uart.o
HAL_UART_DMAResume                                build/stm32l4xx_hal_uart.o
HAL_UART_DMAStop                                  build/stm32l4xx_hal_uart.o
HAL_UART_DeInit                                   build/stm32l4xx_hal_uart.o
HAL_UART_ErrorCallback                            build/stm32l4xx_hal_uart.o
HAL_UART_GetError                                 build/stm32l4xx_hal_uart.o
HAL_UART_GetState                                 build/stm32l4xx_hal_uart.o
HAL_UART_IRQHandler                               build/stm32l4xx_hal_uart.o
HAL_UART_Init                                     build/stm32l4xx_hal_uart.o
                                                  build/usart.o